******************************************************************************
                  TI ARM Linker PC v20.2.2                     
******************************************************************************
>> Linked Fri Nov  5 14:16:23 2021

OUTPUT FILE NAME:   <ecgr_5101_lab_6_tivaTEST.out>
ENTRY POINT SYMBOL: "_c_int00_noargs"  address: 00002015


MEMORY CONFIGURATION

         name            origin    length      used     unused   attr    fill
----------------------  --------  ---------  --------  --------  ----  --------
  FLASH                 00000000   00040000  000023dc  0003dc24  R  X
  SRAM                  20000000   00008000  000009c0  00007640  RW X


SEGMENT ALLOCATION MAP

run origin  load origin   length   init length attrs members
----------  ----------- ---------- ----------- ----- -------
00000000    00000000    000023e0   000023e0    r-x
  00000000    00000000    0000026c   0000026c    r-- .intvecs
  0000026c    0000026c    00002064   00002064    r-x .text
  000022d0    000022d0    0000007c   0000007c    r-- .const
  00002350    00002350    00000090   00000090    r-- .cinit
20000000    20000000    000009c0   00000000    rw-
  20000000    20000000    00000400   00000000    rw- .sysmem
  20000400    20000400    00000200   00000000    rw- .stack
  20000600    20000600    000001e4   00000000    rw- .data
  200007e4    200007e4    000001dc   00000000    rw- .bss


SECTION ALLOCATION MAP

 output                                  attributes/
section   page    origin      length       input sections
--------  ----  ----------  ----------   ----------------
.intvecs   0    00000000    0000026c     
                  00000000    0000026c     startup_ccs.obj (.intvecs)

.text      0    0000026c    00002064     
                  0000026c    00000ba6     mainLab06.obj (.text:normalOp)
                  00000e12    00000002     startup_ccs.obj (.text:FaultISR)
                  00000e14    0000016c     driverlib.lib : gpio.obj (.text:GPIOPadConfigSet)
                  00000f80    00000130     mainLab06.obj (.text:eightBit)
                  000010b0    00000114     rtsv7M4_T_le_v4SPD16_eabi.lib : fputs.c.obj (.text:fputs)
                  000011c4    00000100                                   : memory.c.obj (.text:aligned_alloc)
                  000012c4    000000f4     driverlib.lib : sysctl.obj (.text:SysCtlClockSet)
                  000013b8    000000e4     rtsv7M4_T_le_v4SPD16_eabi.lib : memory.c.obj (.text:free)
                  0000149c    000000dc                                   : setvbuf.c.obj (.text:setvbuf)
                  00001578    000000ac     mainLab06.obj (.text:checkPins)
                  00001624    0000009c     rtsv7M4_T_le_v4SPD16_eabi.lib : memcpy_t2.asm.obj (.text)
                  000016c0    0000007c     mainLab06.obj (.text:init)
                  0000173c    0000007c     mainLab06.obj (.text:reverseInit)
                  000017b8    00000074     rtsv7M4_T_le_v4SPD16_eabi.lib : fclose.c.obj (.text:__TI_closefile)
                  0000182c    00000070                                   : memory.c.obj (.text:split)
                  0000189c    0000006c                                   : hostrename.c.obj (.text:HOSTrename)
                  00001908    00000068                                   : hostlseek.c.obj (.text:HOSTlseek)
                  00001970    00000068                                   : copy_decompress_lzss.c.obj (.text:decompress:lzss:__TI_decompress_lzss)
                  000019d8    00000064                                   : fseek.c.obj (.text:fseek)
                  00001a3c    00000062                                   : _io_perm.c.obj (.text:__TI_wrt_ok)
                  00001a9e    00000002     startup_ccs.obj (.text:IntDefaultHandler)
                  00001aa0    00000060     rtsv7M4_T_le_v4SPD16_eabi.lib : hostopen.c.obj (.text:HOSTopen)
                  00001b00    0000005c                                   : close.c.obj (.text:close)
                  00001b5c    00000058                                   : hostread.c.obj (.text:HOSTread)
                  00001bb4    00000058                                   : hostwrite.c.obj (.text:HOSTwrite)
                  00001c0c    00000054     mainLab06.obj (.text:Display)
                  00001c60    00000054     mainLab06.obj (.text:displayError)
                  00001cb4    0000004c     rtsv7M4_T_le_v4SPD16_eabi.lib : fflush.c.obj (.text:__TI_doflush)
                  00001d00    00000048                                   : exit.c.obj (.text:exit)
                  00001d48    00000044                                   : hostclose.c.obj (.text:HOSTclose)
                  00001d8c    00000044                                   : hostunlink.c.obj (.text:HOSTunlink)
                  00001dd0    00000044                                   : autoinit.c.obj (.text:__TI_auto_init_nobinit_nopinit:__TI_auto_init_nobinit_nopinit)
                  00001e14    00000044                                   : getdevice.c.obj (.text:getdevice)
                  00001e58    0000003e     mainLab06.obj (.text:toString)
                  00001e96    00000002     startup_ccs.obj (.text:NmiSR)
                  00001e98    00000038     driverlib.lib : sysctl.obj (.text:SysCtlPeripheralReady)
                  00001ed0    00000038     rtsv7M4_T_le_v4SPD16_eabi.lib : trgmsg.c.obj (.text:__TI_writemsg)
                  00001f08    00000038     mainLab06.obj (.text:main)
                  00001f40    00000036     rtsv7M4_T_le_v4SPD16_eabi.lib : strncpy.c.obj (.text:strncpy)
                  00001f76    00000002                                   : _lock.c.obj (.text:_nop)
                  00001f78    00000034     driverlib.lib : sysctl.obj (.text:SysCtlPeripheralEnable)
                  00001fac    00000034     rtsv7M4_T_le_v4SPD16_eabi.lib : fopen.c.obj (.text:__TI_cleanup)
                  00001fe0    00000034                                   : trgmsg.c.obj (.text:__TI_readmsg)
                  00002014    00000034                                   : boot_cortex_m.c.obj (.text:_c_int00_noargs:_c_int00_noargs)
                  00002048    00000034     mainLab06.obj (.text:initButton)
                  0000207c    00000030     rtsv7M4_T_le_v4SPD16_eabi.lib : getdevice.c.obj (.text:finddevice)
                  000020ac    0000002c     driverlib.lib : gpio.obj (.text:GPIODirModeSet)
                  000020d8    0000002c     rtsv7M4_T_le_v4SPD16_eabi.lib : unlink.c.obj (.text:unlink)
                  00002104    00000028                                   : memory.c.obj (.text:free_list_insert)
                  0000212c    00000028                                   : lseek.c.obj (.text:lseek)
                  00002154    00000028                                   : write.c.obj (.text:write)
                  0000217c    00000020                                   : memchr.c.obj (.text:memchr)
                  0000219c    00000020                                   : fputs.c.obj (.text:puts)
                  000021bc    0000001e                                   : strcat.c.obj (.text:strcat)
                  000021da    0000001c                                   : copy_zero_init.c.obj (.text:decompress:ZI:__TI_zero_init_nomemset:__TI_zero_init_nomemset)
                  000021f6    00000002     --HOLE-- [fill = 0]
                  000021f8    0000001c                                   : memory.c.obj (.text:free_list_remove)
                  00002214    0000001a     driverlib.lib : gpio.obj (.text:GPIOPinTypeGPIOOutput)
                  0000222e    00000018     rtsv7M4_T_le_v4SPD16_eabi.lib : strcmp.c.obj (.text:strcmp)
                  00002246    00000016     driverlib.lib : gpio.obj (.text:GPIOPinTypeGPIOInput)
                  0000225c    00000016     rtsv7M4_T_le_v4SPD16_eabi.lib : strchr.c.obj (.text:strchr)
                  00002272    00000014                                   : strcpy.c.obj (.text:strcpy)
                  00002286    00000014                                   : strlen.c.obj (.text:strlen)
                  0000229a    0000000e                                   : copy_decompress_none.c.obj (.text:decompress:none:__TI_decompress_none)
                  000022a8    00000008                                   : memory.c.obj (.text:malloc)
                  000022b0    00000006     driverlib.lib : gpio.obj (.text:GPIOPinRead)
                  000022b6    00000006                   : gpio.obj (.text:GPIOPinWrite)
                  000022bc    00000006     startup_ccs.obj (.text:ResetISR)
                  000022c2    00000006     driverlib.lib : sysctl.obj (.text:SysCtlDelay)
                  000022c8    00000004     rtsv7M4_T_le_v4SPD16_eabi.lib : pre_init.c.obj (.text:_system_pre_init)
                  000022cc    00000004                                   : exit.c.obj (.text:abort:abort)

.const     0    000022d0    0000007c     
                  000022d0    00000032     mainLab06.obj (.const:.string:$P$T2$3)
                  00002302    00000028     mainLab06.obj (.const:.string:$P$T3$4)
                  0000232a    00000012     mainLab06.obj (.const:.string:$P$T1$2)
                  0000233c    00000010     mainLab06.obj (.const:.string:$P$T0$1)

.cinit     0    00002350    00000090     
                  00002350    00000067     (.cinit..data.load) [load image, compression = lzss]
                  000023b7    00000001     --HOLE-- [fill = 0]
                  000023b8    0000000c     (__TI_handler_table)
                  000023c4    00000004     --HOLE-- [fill = 0]
                  000023c8    00000008     (.cinit..bss.load) [load image, compression = zero_init]
                  000023d0    00000010     (__TI_cinit_table)

.init_array 
*          0    00000000    00000000     UNINITIALIZED

.sysmem    0    20000000    00000400     UNINITIALIZED
                  20000000    00000010     rtsv7M4_T_le_v4SPD16_eabi.lib : memory.c.obj (.sysmem)
                  20000010    000003f0     --HOLE--

.stack     0    20000400    00000200     UNINITIALIZED
                  20000400    00000004     rtsv7M4_T_le_v4SPD16_eabi.lib : boot_cortex_m.c.obj (.stack)
                  20000404    000001fc     --HOLE--

.data      0    20000600    000001e4     UNINITIALIZED
                  20000600    000000f0     rtsv7M4_T_le_v4SPD16_eabi.lib : defs.c.obj (.data:_ftable)
                  200006f0    00000078                                   : host_device.c.obj (.data:_device)
                  20000768    00000050                                   : host_device.c.obj (.data:_stream)
                  200007b8    00000010                                   : defs.c.obj (.data)
                  200007c8    0000000c                                   : exit.c.obj (.data:$O1$$)
                  200007d4    00000008                                   : _lock.c.obj (.data:$O1$$)
                  200007dc    00000008                                   : memory.c.obj (.data:$O1$$)

.bss       0    200007e4    000001dc     UNINITIALIZED
                  200007e4    00000120     rtsv7M4_T_le_v4SPD16_eabi.lib : trgmsg.c.obj (.bss:_CIOBUF_)
                  20000904    000000a0     (.common:__TI_tmpnams)
                  200009a4    00000008     (.common:parmbuf)
                  200009ac    00000004     (.common:tivaIn)
                  200009b0    00000004     (.common:tivaInA1)
                  200009b4    00000004     (.common:tivaInA2)
                  200009b8    00000004     (.common:tivaInB)
                  200009bc    00000004     (.common:tivaInE)

__llvm_prf_cnts 
*          0    20000000    00000000     UNINITIALIZED

.binit     0    00000000    00000000     

MODULE SUMMARY

       Module                       code   ro data   rw data
       ------                       ----   -------   -------
    .\
       mainLab06.obj                4044   124       20     
       startup_ccs.obj              12     620       0      
    +--+----------------------------+------+---------+---------+
       Total:                       4056   744       20     
                                                            
    C:/ti/TivaWare_C_Series-2.2.0.295/driverlib/ccs/Debug/driverlib.lib
       gpio.obj                     468    0         0      
       sysctl.obj                   358    0         0      
    +--+----------------------------+------+---------+---------+
       Total:                       826    0         0      
                                                            
    C:\ti\ccs1020\ccs\tools\compiler\ti-cgt-arm_20.2.2.LTS\lib\rtsv7M4_T_le_v4SPD16_eabi.lib
       memory.c.obj                 672    0         8      
       defs.c.obj                   0      0         416    
       trgmsg.c.obj                 108    0         288    
       fputs.c.obj                  308    0         0      
       setvbuf.c.obj                220    0         0      
       host_device.c.obj            0      0         200    
       memcpy_t2.asm.obj            156    0         0      
       fclose.c.obj                 116    0         0      
       getdevice.c.obj              116    0         0      
       hostrename.c.obj             108    0         0      
       copy_decompress_lzss.c.obj   104    0         0      
       hostlseek.c.obj              104    0         0      
       hostopen.c.obj               96     0         8      
       fseek.c.obj                  100    0         0      
       _io_perm.c.obj               98     0         0      
       close.c.obj                  92     0         0      
       exit.c.obj                   76     0         12     
       hostread.c.obj               88     0         0      
       hostwrite.c.obj              88     0         0      
       fflush.c.obj                 76     0         0      
       autoinit.c.obj               68     0         0      
       hostclose.c.obj              68     0         0      
       hostunlink.c.obj             68     0         0      
       strncpy.c.obj                54     0         0      
       boot_cortex_m.c.obj          52     0         0      
       fopen.c.obj                  52     0         0      
       unlink.c.obj                 44     0         0      
       lseek.c.obj                  40     0         0      
       write.c.obj                  40     0         0      
       memchr.c.obj                 32     0         0      
       strcat.c.obj                 30     0         0      
       copy_zero_init.c.obj         28     0         0      
       strcmp.c.obj                 24     0         0      
       strchr.c.obj                 22     0         0      
       strcpy.c.obj                 20     0         0      
       strlen.c.obj                 20     0         0      
       copy_decompress_none.c.obj   14     0         0      
       _lock.c.obj                  2      0         8      
       pre_init.c.obj               4      0         0      
    +--+----------------------------+------+---------+---------+
       Total:                       3408   0         940    
                                                            
       Heap:                        0      0         1024   
       Stack:                       0      0         512    
       Linker Generated:            0      139       0      
    +--+----------------------------+------+---------+---------+
       Grand Total:                 8290   883       2496   


LINKER GENERATED COPY TABLES

__TI_cinit_table @ 000023d0 records: 2, size/record: 8, table size: 16
	.data: load addr=00002350, load size=00000067 bytes, run addr=20000600, run size=000001e4 bytes, compression=lzss
	.bss: load addr=000023c8, load size=00000008 bytes, run addr=200007e4, run size=000001dc bytes, compression=zero_init


LINKER GENERATED HANDLER TABLE

__TI_handler_table @ 000023b8 records: 3, size/record: 4, table size: 12
	index: 0, handler: __TI_decompress_lzss
	index: 1, handler: __TI_decompress_none
	index: 2, handler: __TI_zero_init


GLOBAL SYMBOLS: SORTED ALPHABETICALLY BY Name 

address   name                           
-------   ----                           
000022cd  C$$EXIT                        
00001eff  C$$IO$$                        
00001c0d  Display                        
000020ad  GPIODirModeSet                 
00000e15  GPIOPadConfigSet               
000022b1  GPIOPinRead                    
00002247  GPIOPinTypeGPIOInput           
00002215  GPIOPinTypeGPIOOutput          
000022b7  GPIOPinWrite                   
00001d49  HOSTclose                      
00001909  HOSTlseek                      
00001aa1  HOSTopen                       
00001b5d  HOSTread                       
0000189d  HOSTrename                     
00001d8d  HOSTunlink                     
00001bb5  HOSTwrite                      
000022bd  ResetISR                       
000012c5  SysCtlClockSet                 
000022c3  SysCtlDelay                    
00001f79  SysCtlPeripheralEnable         
00001e99  SysCtlPeripheralReady          
200007e4  __CIOBUF_                      
20000600  __STACK_END                    
00000200  __STACK_SIZE                   
20000600  __STACK_TOP                    
00000400  __SYSMEM_SIZE                  
000023d0  __TI_CINIT_Base                
000023e0  __TI_CINIT_Limit               
000023b8  __TI_Handler_Table_Base        
000023c4  __TI_Handler_Table_Limit       
00001dd1  __TI_auto_init_nobinit_nopinit 
00001fad  __TI_cleanup                   
200007c8  __TI_cleanup_ptr               
000017b9  __TI_closefile                 
00001971  __TI_decompress_lzss           
0000229b  __TI_decompress_none           
00001cb5  __TI_doflush                   
200007cc  __TI_dtors_ptr                 
200007d0  __TI_enable_exit_profile_output
200007b8  __TI_ft_end                    
ffffffff  __TI_pprof_out_hndl            
ffffffff  __TI_prof_data_size            
ffffffff  __TI_prof_data_start           
00001fe1  __TI_readmsg                   
00000000  __TI_static_base__             
20000904  __TI_tmpnams                   
00001ed1  __TI_writemsg                  
00001a3d  __TI_wrt_ok                    
000021db  __TI_zero_init_nomemset        
00001625  __aeabi_memcpy                 
00001625  __aeabi_memcpy4                
00001625  __aeabi_memcpy8                
200007c4  __aeabi_stderr                 
200007bc  __aeabi_stdin                  
200007c0  __aeabi_stdout                 
ffffffff  __binit__                      
ffffffff  __c_args__                     
UNDEFED   __mpu_init                     
20000400  __stack                        
20000000  __start___llvm_prf_cnts        
20000000  __stop___llvm_prf_cnts         
00002015  _c_int00_noargs                
200006f0  _device                        
20000600  _ftable                        
200007d4  _lock                          
00001f77  _nop                           
20000768  _stream                        
20000000  _sys_memory                    
UNDEFED   _system_post_cinit             
000022c9  _system_pre_init               
200007d8  _unlock                        
000022cd  abort                          
000011c5  aligned_alloc                  
ffffffff  binit                          
00001579  checkPins                      
00001b01  close                          
00001c61  displayError                   
00000f81  eightBit                       
00001d01  exit                           
0000207d  finddevice                     
000010b1  fputs                          
000013b9  free                           
000019d9  fseek                          
00000000  g_pfnVectors                   
00001e15  getdevice                      
000016c1  init                           
00002049  initButton                     
0000212d  lseek                          
00001f09  main                           
000022a9  malloc                         
000011c5  memalign                       
0000217d  memchr                         
00001625  memcpy                         
0000026d  normalOp                       
200009a4  parmbuf                        
0000219d  puts                           
000020d9  remove                         
0000173d  reverseInit                    
0000149d  setvbuf                        
000021bd  strcat                         
0000225d  strchr                         
0000222f  strcmp                         
00002273  strcpy                         
00002287  strlen                         
00001f41  strncpy                        
200009ac  tivaIn                         
200009b0  tivaInA1                       
200009b4  tivaInA2                       
200009b8  tivaInB                        
200009bc  tivaInE                        
00001e59  toString                       
000020d9  unlink                         
00002155  write                          


GLOBAL SYMBOLS: SORTED BY Symbol Address 

address   name                           
-------   ----                           
00000000  __TI_static_base__             
00000000  g_pfnVectors                   
00000200  __STACK_SIZE                   
0000026d  normalOp                       
00000400  __SYSMEM_SIZE                  
00000e15  GPIOPadConfigSet               
00000f81  eightBit                       
000010b1  fputs                          
000011c5  aligned_alloc                  
000011c5  memalign                       
000012c5  SysCtlClockSet                 
000013b9  free                           
0000149d  setvbuf                        
00001579  checkPins                      
00001625  __aeabi_memcpy                 
00001625  __aeabi_memcpy4                
00001625  __aeabi_memcpy8                
00001625  memcpy                         
000016c1  init                           
0000173d  reverseInit                    
000017b9  __TI_closefile                 
0000189d  HOSTrename                     
00001909  HOSTlseek                      
00001971  __TI_decompress_lzss           
000019d9  fseek                          
00001a3d  __TI_wrt_ok                    
00001aa1  HOSTopen                       
00001b01  close                          
00001b5d  HOSTread                       
00001bb5  HOSTwrite                      
00001c0d  Display                        
00001c61  displayError                   
00001cb5  __TI_doflush                   
00001d01  exit                           
00001d49  HOSTclose                      
00001d8d  HOSTunlink                     
00001dd1  __TI_auto_init_nobinit_nopinit 
00001e15  getdevice                      
00001e59  toString                       
00001e99  SysCtlPeripheralReady          
00001ed1  __TI_writemsg                  
00001eff  C$$IO$$                        
00001f09  main                           
00001f41  strncpy                        
00001f77  _nop                           
00001f79  SysCtlPeripheralEnable         
00001fad  __TI_cleanup                   
00001fe1  __TI_readmsg                   
00002015  _c_int00_noargs                
00002049  initButton                     
0000207d  finddevice                     
000020ad  GPIODirModeSet                 
000020d9  remove                         
000020d9  unlink                         
0000212d  lseek                          
00002155  write                          
0000217d  memchr                         
0000219d  puts                           
000021bd  strcat                         
000021db  __TI_zero_init_nomemset        
00002215  GPIOPinTypeGPIOOutput          
0000222f  strcmp                         
00002247  GPIOPinTypeGPIOInput           
0000225d  strchr                         
00002273  strcpy                         
00002287  strlen                         
0000229b  __TI_decompress_none           
000022a9  malloc                         
000022b1  GPIOPinRead                    
000022b7  GPIOPinWrite                   
000022bd  ResetISR                       
000022c3  SysCtlDelay                    
000022c9  _system_pre_init               
000022cd  C$$EXIT                        
000022cd  abort                          
000023b8  __TI_Handler_Table_Base        
000023c4  __TI_Handler_Table_Limit       
000023d0  __TI_CINIT_Base                
000023e0  __TI_CINIT_Limit               
20000000  __start___llvm_prf_cnts        
20000000  __stop___llvm_prf_cnts         
20000000  _sys_memory                    
20000400  __stack                        
20000600  __STACK_END                    
20000600  __STACK_TOP                    
20000600  _ftable                        
200006f0  _device                        
20000768  _stream                        
200007b8  __TI_ft_end                    
200007bc  __aeabi_stdin                  
200007c0  __aeabi_stdout                 
200007c4  __aeabi_stderr                 
200007c8  __TI_cleanup_ptr               
200007cc  __TI_dtors_ptr                 
200007d0  __TI_enable_exit_profile_output
200007d4  _lock                          
200007d8  _unlock                        
200007e4  __CIOBUF_                      
20000904  __TI_tmpnams                   
200009a4  parmbuf                        
200009ac  tivaIn                         
200009b0  tivaInA1                       
200009b4  tivaInA2                       
200009b8  tivaInB                        
200009bc  tivaInE                        
ffffffff  __TI_pprof_out_hndl            
ffffffff  __TI_prof_data_size            
ffffffff  __TI_prof_data_start           
ffffffff  __binit__                      
ffffffff  __c_args__                     
ffffffff  binit                          
UNDEFED   __mpu_init                     
UNDEFED   _system_post_cinit             

[113 symbols]
