<?xml version="1.0" encoding="ISO-8859-1" ?>
<link_info>
   <banner>TI ARM Linker PC v20.2.2.LTS</banner>
   <copyright>Copyright (c) 1996-2018 Texas Instruments Incorporated</copyright>
   <link_time>0x618574f7</link_time>
   <link_errors>0x0</link_errors>
   <output_file>ecgr_5101_lab_6_tivaTEST.out</output_file>
   <entry_point>
      <name>_c_int00_noargs</name>
      <address>0x2015</address>
   </entry_point>
   <input_file_list>
      <input_file id="fl-2">
         <path>.\</path>
         <kind>object</kind>
         <file>buttons.obj</file>
         <name>buttons.obj</name>
      </input_file>
      <input_file id="fl-3">
         <path>.\</path>
         <kind>object</kind>
         <file>mainLab06.obj</file>
         <name>mainLab06.obj</name>
      </input_file>
      <input_file id="fl-4">
         <path>.\</path>
         <kind>object</kind>
         <file>startup_ccs.obj</file>
         <name>startup_ccs.obj</name>
      </input_file>
      <input_file id="fl-9">
         <kind>object</kind>
         <file>&lt;internal&gt;</file>
         <name>&lt;internal&gt;</name>
      </input_file>
      <input_file id="fl-a">
         <path>C:\ti\TivaWare_C_Series-2.2.0.295\driverlib\ccs\Debug\</path>
         <kind>archive</kind>
         <file>driverlib.lib</file>
         <name>gpio.obj</name>
      </input_file>
      <input_file id="fl-b">
         <path>C:\ti\TivaWare_C_Series-2.2.0.295\driverlib\ccs\Debug\</path>
         <kind>archive</kind>
         <file>driverlib.lib</file>
         <name>interrupt.obj</name>
      </input_file>
      <input_file id="fl-c">
         <path>C:\ti\TivaWare_C_Series-2.2.0.295\driverlib\ccs\Debug\</path>
         <kind>archive</kind>
         <file>driverlib.lib</file>
         <name>sysctl.obj</name>
      </input_file>
      <input_file id="fl-d">
         <path>C:\ti\TivaWare_C_Series-2.2.0.295\driverlib\ccs\Debug\</path>
         <kind>archive</kind>
         <file>driverlib.lib</file>
         <name>cpu.obj</name>
      </input_file>
      <input_file id="fl-c3">
         <path>C:\ti\ccs1020\ccs\tools\compiler\ti-cgt-arm_20.2.2.LTS\lib\</path>
         <kind>archive</kind>
         <file>rtsv7M4_T_le_v4SPD16_eabi.lib</file>
         <name>fputs.c.obj</name>
      </input_file>
      <input_file id="fl-c4">
         <path>C:\ti\ccs1020\ccs\tools\compiler\ti-cgt-arm_20.2.2.LTS\lib\</path>
         <kind>archive</kind>
         <file>rtsv7M4_T_le_v4SPD16_eabi.lib</file>
         <name>_io_perm.c.obj</name>
      </input_file>
      <input_file id="fl-c5">
         <path>C:\ti\ccs1020\ccs\tools\compiler\ti-cgt-arm_20.2.2.LTS\lib\</path>
         <kind>archive</kind>
         <file>rtsv7M4_T_le_v4SPD16_eabi.lib</file>
         <name>setvbuf.c.obj</name>
      </input_file>
      <input_file id="fl-c6">
         <path>C:\ti\ccs1020\ccs\tools\compiler\ti-cgt-arm_20.2.2.LTS\lib\</path>
         <kind>archive</kind>
         <file>rtsv7M4_T_le_v4SPD16_eabi.lib</file>
         <name>memcpy_t2.asm.obj</name>
      </input_file>
      <input_file id="fl-c7">
         <path>C:\ti\ccs1020\ccs\tools\compiler\ti-cgt-arm_20.2.2.LTS\lib\</path>
         <kind>archive</kind>
         <file>rtsv7M4_T_le_v4SPD16_eabi.lib</file>
         <name>copy_zero_init.c.obj</name>
      </input_file>
      <input_file id="fl-c8">
         <path>C:\ti\ccs1020\ccs\tools\compiler\ti-cgt-arm_20.2.2.LTS\lib\</path>
         <kind>archive</kind>
         <file>rtsv7M4_T_le_v4SPD16_eabi.lib</file>
         <name>copy_decompress_none.c.obj</name>
      </input_file>
      <input_file id="fl-c9">
         <path>C:\ti\ccs1020\ccs\tools\compiler\ti-cgt-arm_20.2.2.LTS\lib\</path>
         <kind>archive</kind>
         <file>rtsv7M4_T_le_v4SPD16_eabi.lib</file>
         <name>copy_decompress_lzss.c.obj</name>
      </input_file>
      <input_file id="fl-ca">
         <path>C:\ti\ccs1020\ccs\tools\compiler\ti-cgt-arm_20.2.2.LTS\lib\</path>
         <kind>archive</kind>
         <file>rtsv7M4_T_le_v4SPD16_eabi.lib</file>
         <name>exit.c.obj</name>
      </input_file>
      <input_file id="fl-cb">
         <path>C:\ti\ccs1020\ccs\tools\compiler\ti-cgt-arm_20.2.2.LTS\lib\</path>
         <kind>archive</kind>
         <file>rtsv7M4_T_le_v4SPD16_eabi.lib</file>
         <name>_lock.c.obj</name>
      </input_file>
      <input_file id="fl-cc">
         <path>C:\ti\ccs1020\ccs\tools\compiler\ti-cgt-arm_20.2.2.LTS\lib\</path>
         <kind>archive</kind>
         <file>rtsv7M4_T_le_v4SPD16_eabi.lib</file>
         <name>defs.c.obj</name>
      </input_file>
      <input_file id="fl-cd">
         <path>C:\ti\ccs1020\ccs\tools\compiler\ti-cgt-arm_20.2.2.LTS\lib\</path>
         <kind>archive</kind>
         <file>rtsv7M4_T_le_v4SPD16_eabi.lib</file>
         <name>memchr.c.obj</name>
      </input_file>
      <input_file id="fl-ce">
         <path>C:\ti\ccs1020\ccs\tools\compiler\ti-cgt-arm_20.2.2.LTS\lib\</path>
         <kind>archive</kind>
         <file>rtsv7M4_T_le_v4SPD16_eabi.lib</file>
         <name>memory.c.obj</name>
      </input_file>
      <input_file id="fl-cf">
         <path>C:\ti\ccs1020\ccs\tools\compiler\ti-cgt-arm_20.2.2.LTS\lib\</path>
         <kind>archive</kind>
         <file>rtsv7M4_T_le_v4SPD16_eabi.lib</file>
         <name>strcat.c.obj</name>
      </input_file>
      <input_file id="fl-d0">
         <path>C:\ti\ccs1020\ccs\tools\compiler\ti-cgt-arm_20.2.2.LTS\lib\</path>
         <kind>archive</kind>
         <file>rtsv7M4_T_le_v4SPD16_eabi.lib</file>
         <name>strlen.c.obj</name>
      </input_file>
      <input_file id="fl-d1">
         <path>C:\ti\ccs1020\ccs\tools\compiler\ti-cgt-arm_20.2.2.LTS\lib\</path>
         <kind>archive</kind>
         <file>rtsv7M4_T_le_v4SPD16_eabi.lib</file>
         <name>write.c.obj</name>
      </input_file>
      <input_file id="fl-d2">
         <path>C:\ti\ccs1020\ccs\tools\compiler\ti-cgt-arm_20.2.2.LTS\lib\</path>
         <kind>archive</kind>
         <file>rtsv7M4_T_le_v4SPD16_eabi.lib</file>
         <name>host_device.c.obj</name>
      </input_file>
      <input_file id="fl-d3">
         <path>C:\ti\ccs1020\ccs\tools\compiler\ti-cgt-arm_20.2.2.LTS\lib\</path>
         <kind>archive</kind>
         <file>rtsv7M4_T_le_v4SPD16_eabi.lib</file>
         <name>boot_cortex_m.c.obj</name>
      </input_file>
      <input_file id="fl-d4">
         <path>C:\ti\ccs1020\ccs\tools\compiler\ti-cgt-arm_20.2.2.LTS\lib\</path>
         <kind>archive</kind>
         <file>rtsv7M4_T_le_v4SPD16_eabi.lib</file>
         <name>fflush.c.obj</name>
      </input_file>
      <input_file id="fl-d5">
         <path>C:\ti\ccs1020\ccs\tools\compiler\ti-cgt-arm_20.2.2.LTS\lib\</path>
         <kind>archive</kind>
         <file>rtsv7M4_T_le_v4SPD16_eabi.lib</file>
         <name>fopen.c.obj</name>
      </input_file>
      <input_file id="fl-d6">
         <path>C:\ti\ccs1020\ccs\tools\compiler\ti-cgt-arm_20.2.2.LTS\lib\</path>
         <kind>archive</kind>
         <file>rtsv7M4_T_le_v4SPD16_eabi.lib</file>
         <name>fseek.c.obj</name>
      </input_file>
      <input_file id="fl-d7">
         <path>C:\ti\ccs1020\ccs\tools\compiler\ti-cgt-arm_20.2.2.LTS\lib\</path>
         <kind>archive</kind>
         <file>rtsv7M4_T_le_v4SPD16_eabi.lib</file>
         <name>memset_t2.asm.obj</name>
      </input_file>
      <input_file id="fl-d8">
         <path>C:\ti\ccs1020\ccs\tools\compiler\ti-cgt-arm_20.2.2.LTS\lib\</path>
         <kind>archive</kind>
         <file>rtsv7M4_T_le_v4SPD16_eabi.lib</file>
         <name>autoinit.c.obj</name>
      </input_file>
      <input_file id="fl-d9">
         <path>C:\ti\ccs1020\ccs\tools\compiler\ti-cgt-arm_20.2.2.LTS\lib\</path>
         <kind>archive</kind>
         <file>rtsv7M4_T_le_v4SPD16_eabi.lib</file>
         <name>pre_init.c.obj</name>
      </input_file>
      <input_file id="fl-da">
         <path>C:\ti\ccs1020\ccs\tools\compiler\ti-cgt-arm_20.2.2.LTS\lib\</path>
         <kind>archive</kind>
         <file>rtsv7M4_T_le_v4SPD16_eabi.lib</file>
         <name>cpy_tbl.c.obj</name>
      </input_file>
      <input_file id="fl-db">
         <path>C:\ti\ccs1020\ccs\tools\compiler\ti-cgt-arm_20.2.2.LTS\lib\</path>
         <kind>archive</kind>
         <file>rtsv7M4_T_le_v4SPD16_eabi.lib</file>
         <name>args_main.c.obj</name>
      </input_file>
      <input_file id="fl-dc">
         <path>C:\ti\ccs1020\ccs\tools\compiler\ti-cgt-arm_20.2.2.LTS\lib\</path>
         <kind>archive</kind>
         <file>rtsv7M4_T_le_v4SPD16_eabi.lib</file>
         <name>hostclose.c.obj</name>
      </input_file>
      <input_file id="fl-dd">
         <path>C:\ti\ccs1020\ccs\tools\compiler\ti-cgt-arm_20.2.2.LTS\lib\</path>
         <kind>archive</kind>
         <file>rtsv7M4_T_le_v4SPD16_eabi.lib</file>
         <name>hostlseek.c.obj</name>
      </input_file>
      <input_file id="fl-de">
         <path>C:\ti\ccs1020\ccs\tools\compiler\ti-cgt-arm_20.2.2.LTS\lib\</path>
         <kind>archive</kind>
         <file>rtsv7M4_T_le_v4SPD16_eabi.lib</file>
         <name>hostopen.c.obj</name>
      </input_file>
      <input_file id="fl-df">
         <path>C:\ti\ccs1020\ccs\tools\compiler\ti-cgt-arm_20.2.2.LTS\lib\</path>
         <kind>archive</kind>
         <file>rtsv7M4_T_le_v4SPD16_eabi.lib</file>
         <name>hostread.c.obj</name>
      </input_file>
      <input_file id="fl-e0">
         <path>C:\ti\ccs1020\ccs\tools\compiler\ti-cgt-arm_20.2.2.LTS\lib\</path>
         <kind>archive</kind>
         <file>rtsv7M4_T_le_v4SPD16_eabi.lib</file>
         <name>hostrename.c.obj</name>
      </input_file>
      <input_file id="fl-e1">
         <path>C:\ti\ccs1020\ccs\tools\compiler\ti-cgt-arm_20.2.2.LTS\lib\</path>
         <kind>archive</kind>
         <file>rtsv7M4_T_le_v4SPD16_eabi.lib</file>
         <name>hostunlink.c.obj</name>
      </input_file>
      <input_file id="fl-e2">
         <path>C:\ti\ccs1020\ccs\tools\compiler\ti-cgt-arm_20.2.2.LTS\lib\</path>
         <kind>archive</kind>
         <file>rtsv7M4_T_le_v4SPD16_eabi.lib</file>
         <name>hostwrite.c.obj</name>
      </input_file>
      <input_file id="fl-e3">
         <path>C:\ti\ccs1020\ccs\tools\compiler\ti-cgt-arm_20.2.2.LTS\lib\</path>
         <kind>archive</kind>
         <file>rtsv7M4_T_le_v4SPD16_eabi.lib</file>
         <name>trgmsg.c.obj</name>
      </input_file>
      <input_file id="fl-e4">
         <path>C:\ti\ccs1020\ccs\tools\compiler\ti-cgt-arm_20.2.2.LTS\lib\</path>
         <kind>archive</kind>
         <file>rtsv7M4_T_le_v4SPD16_eabi.lib</file>
         <name>open.c.obj</name>
      </input_file>
      <input_file id="fl-e5">
         <path>C:\ti\ccs1020\ccs\tools\compiler\ti-cgt-arm_20.2.2.LTS\lib\</path>
         <kind>archive</kind>
         <file>rtsv7M4_T_le_v4SPD16_eabi.lib</file>
         <name>lseek.c.obj</name>
      </input_file>
      <input_file id="fl-e6">
         <path>C:\ti\ccs1020\ccs\tools\compiler\ti-cgt-arm_20.2.2.LTS\lib\</path>
         <kind>archive</kind>
         <file>rtsv7M4_T_le_v4SPD16_eabi.lib</file>
         <name>fclose.c.obj</name>
      </input_file>
      <input_file id="fl-e7">
         <path>C:\ti\ccs1020\ccs\tools\compiler\ti-cgt-arm_20.2.2.LTS\lib\</path>
         <kind>archive</kind>
         <file>rtsv7M4_T_le_v4SPD16_eabi.lib</file>
         <name>getdevice.c.obj</name>
      </input_file>
      <input_file id="fl-e8">
         <path>C:\ti\ccs1020\ccs\tools\compiler\ti-cgt-arm_20.2.2.LTS\lib\</path>
         <kind>archive</kind>
         <file>rtsv7M4_T_le_v4SPD16_eabi.lib</file>
         <name>strchr.c.obj</name>
      </input_file>
      <input_file id="fl-e9">
         <path>C:\ti\ccs1020\ccs\tools\compiler\ti-cgt-arm_20.2.2.LTS\lib\</path>
         <kind>archive</kind>
         <file>rtsv7M4_T_le_v4SPD16_eabi.lib</file>
         <name>strcmp.c.obj</name>
      </input_file>
      <input_file id="fl-ea">
         <path>C:\ti\ccs1020\ccs\tools\compiler\ti-cgt-arm_20.2.2.LTS\lib\</path>
         <kind>archive</kind>
         <file>rtsv7M4_T_le_v4SPD16_eabi.lib</file>
         <name>strcpy.c.obj</name>
      </input_file>
      <input_file id="fl-eb">
         <path>C:\ti\ccs1020\ccs\tools\compiler\ti-cgt-arm_20.2.2.LTS\lib\</path>
         <kind>archive</kind>
         <file>rtsv7M4_T_le_v4SPD16_eabi.lib</file>
         <name>strncpy.c.obj</name>
      </input_file>
      <input_file id="fl-ec">
         <path>C:\ti\ccs1020\ccs\tools\compiler\ti-cgt-arm_20.2.2.LTS\lib\</path>
         <kind>archive</kind>
         <file>rtsv7M4_T_le_v4SPD16_eabi.lib</file>
         <name>remove.c.obj</name>
      </input_file>
      <input_file id="fl-ed">
         <path>C:\ti\ccs1020\ccs\tools\compiler\ti-cgt-arm_20.2.2.LTS\lib\</path>
         <kind>archive</kind>
         <file>rtsv7M4_T_le_v4SPD16_eabi.lib</file>
         <name>close.c.obj</name>
      </input_file>
      <input_file id="fl-ee">
         <path>C:\ti\ccs1020\ccs\tools\compiler\ti-cgt-arm_20.2.2.LTS\lib\</path>
         <kind>archive</kind>
         <file>rtsv7M4_T_le_v4SPD16_eabi.lib</file>
         <name>unlink.c.obj</name>
      </input_file>
   </input_file_list>
   <object_component_list>
      <object_component id="oc-13">
         <name>.intvecs</name>
         <load_address>0x0</load_address>
         <run_address>0x0</run_address>
         <size>0x26c</size>
         <input_file_ref idref="fl-4"/>
      </object_component>
      <object_component id="oc-110">
         <name>.text:normalOp</name>
         <load_address>0x26c</load_address>
         <run_address>0x26c</run_address>
         <size>0xba6</size>
         <input_file_ref idref="fl-3"/>
      </object_component>
      <object_component id="oc-37">
         <name>.text:FaultISR</name>
         <load_address>0xe12</load_address>
         <run_address>0xe12</run_address>
         <size>0x2</size>
         <input_file_ref idref="fl-4"/>
      </object_component>
      <object_component id="oc-17c">
         <name>.text:GPIOPadConfigSet</name>
         <load_address>0xe14</load_address>
         <run_address>0xe14</run_address>
         <size>0x16c</size>
         <input_file_ref idref="fl-a"/>
      </object_component>
      <object_component id="oc-116">
         <name>.text:eightBit</name>
         <load_address>0xf80</load_address>
         <run_address>0xf80</run_address>
         <size>0x130</size>
         <input_file_ref idref="fl-3"/>
      </object_component>
      <object_component id="oc-233">
         <name>.text:fputs</name>
         <load_address>0x10b0</load_address>
         <run_address>0x10b0</run_address>
         <size>0x114</size>
         <input_file_ref idref="fl-c3"/>
      </object_component>
      <object_component id="oc-2e8">
         <name>.text:aligned_alloc</name>
         <load_address>0x11c4</load_address>
         <run_address>0x11c4</run_address>
         <size>0x100</size>
         <input_file_ref idref="fl-ce"/>
      </object_component>
      <object_component id="oc-ec">
         <name>.text:SysCtlClockSet</name>
         <load_address>0x12c4</load_address>
         <run_address>0x12c4</run_address>
         <size>0xf4</size>
         <input_file_ref idref="fl-c"/>
      </object_component>
      <object_component id="oc-2a4">
         <name>.text:free</name>
         <load_address>0x13b8</load_address>
         <run_address>0x13b8</run_address>
         <size>0xe4</size>
         <input_file_ref idref="fl-ce"/>
      </object_component>
      <object_component id="oc-287">
         <name>.text:setvbuf</name>
         <load_address>0x149c</load_address>
         <run_address>0x149c</run_address>
         <size>0xdc</size>
         <input_file_ref idref="fl-c5"/>
      </object_component>
      <object_component id="oc-fe">
         <name>.text:checkPins</name>
         <load_address>0x1578</load_address>
         <run_address>0x1578</run_address>
         <size>0xac</size>
         <input_file_ref idref="fl-3"/>
      </object_component>
      <object_component id="oc-51">
         <name>.text</name>
         <load_address>0x1624</load_address>
         <run_address>0x1624</run_address>
         <size>0x9c</size>
         <input_file_ref idref="fl-c6"/>
      </object_component>
      <object_component id="oc-104">
         <name>.text:init</name>
         <load_address>0x16c0</load_address>
         <run_address>0x16c0</run_address>
         <size>0x7c</size>
         <input_file_ref idref="fl-3"/>
      </object_component>
      <object_component id="oc-f8">
         <name>.text:reverseInit</name>
         <load_address>0x173c</load_address>
         <run_address>0x173c</run_address>
         <size>0x7c</size>
         <input_file_ref idref="fl-3"/>
      </object_component>
      <object_component id="oc-2ef">
         <name>.text:__TI_closefile</name>
         <load_address>0x17b8</load_address>
         <run_address>0x17b8</run_address>
         <size>0x74</size>
         <input_file_ref idref="fl-e6"/>
      </object_component>
      <object_component id="oc-330">
         <name>.text:split</name>
         <load_address>0x182c</load_address>
         <run_address>0x182c</run_address>
         <size>0x70</size>
         <input_file_ref idref="fl-ce"/>
      </object_component>
      <object_component id="oc-31f">
         <name>.text:HOSTrename</name>
         <load_address>0x189c</load_address>
         <run_address>0x189c</run_address>
         <size>0x6c</size>
         <input_file_ref idref="fl-e0"/>
      </object_component>
      <object_component id="oc-313">
         <name>.text:HOSTlseek</name>
         <load_address>0x1908</load_address>
         <run_address>0x1908</run_address>
         <size>0x68</size>
         <input_file_ref idref="fl-dd"/>
      </object_component>
      <object_component id="oc-16">
         <name>.text:decompress:lzss:__TI_decompress_lzss</name>
         <load_address>0x1970</load_address>
         <run_address>0x1970</run_address>
         <size>0x68</size>
         <input_file_ref idref="fl-c9"/>
      </object_component>
      <object_component id="oc-281">
         <name>.text:fseek</name>
         <load_address>0x19d8</load_address>
         <run_address>0x19d8</run_address>
         <size>0x64</size>
         <input_file_ref idref="fl-d6"/>
      </object_component>
      <object_component id="oc-257">
         <name>.text:__TI_wrt_ok</name>
         <load_address>0x1a3c</load_address>
         <run_address>0x1a3c</run_address>
         <size>0x62</size>
         <input_file_ref idref="fl-c4"/>
      </object_component>
      <object_component id="oc-3d">
         <name>.text:IntDefaultHandler</name>
         <load_address>0x1a9e</load_address>
         <run_address>0x1a9e</run_address>
         <size>0x2</size>
         <input_file_ref idref="fl-4"/>
      </object_component>
      <object_component id="oc-2fb">
         <name>.text:HOSTopen</name>
         <load_address>0x1aa0</load_address>
         <run_address>0x1aa0</run_address>
         <size>0x60</size>
         <input_file_ref idref="fl-de"/>
      </object_component>
      <object_component id="oc-337">
         <name>.text:close</name>
         <load_address>0x1b00</load_address>
         <run_address>0x1b00</run_address>
         <size>0x5c</size>
         <input_file_ref idref="fl-ed"/>
      </object_component>
      <object_component id="oc-307">
         <name>.text:HOSTread</name>
         <load_address>0x1b5c</load_address>
         <run_address>0x1b5c</run_address>
         <size>0x58</size>
         <input_file_ref idref="fl-df"/>
      </object_component>
      <object_component id="oc-30d">
         <name>.text:HOSTwrite</name>
         <load_address>0x1bb4</load_address>
         <run_address>0x1bb4</run_address>
         <size>0x58</size>
         <input_file_ref idref="fl-e2"/>
      </object_component>
      <object_component id="oc-1a1">
         <name>.text:Display</name>
         <load_address>0x1c0c</load_address>
         <run_address>0x1c0c</run_address>
         <size>0x54</size>
         <input_file_ref idref="fl-3"/>
      </object_component>
      <object_component id="oc-190">
         <name>.text:displayError</name>
         <load_address>0x1c60</load_address>
         <run_address>0x1c60</run_address>
         <size>0x54</size>
         <input_file_ref idref="fl-3"/>
      </object_component>
      <object_component id="oc-269">
         <name>.text:__TI_doflush</name>
         <load_address>0x1cb4</load_address>
         <run_address>0x1cb4</run_address>
         <size>0x4c</size>
         <input_file_ref idref="fl-d4"/>
      </object_component>
      <object_component id="oc-128">
         <name>.text:exit</name>
         <load_address>0x1d00</load_address>
         <run_address>0x1d00</run_address>
         <size>0x48</size>
         <input_file_ref idref="fl-ca"/>
      </object_component>
      <object_component id="oc-301">
         <name>.text:HOSTclose</name>
         <load_address>0x1d48</load_address>
         <run_address>0x1d48</run_address>
         <size>0x44</size>
         <input_file_ref idref="fl-dc"/>
      </object_component>
      <object_component id="oc-319">
         <name>.text:HOSTunlink</name>
         <load_address>0x1d8c</load_address>
         <run_address>0x1d8c</run_address>
         <size>0x44</size>
         <input_file_ref idref="fl-e1"/>
      </object_component>
      <object_component id="oc-12e">
         <name>.text:__TI_auto_init_nobinit_nopinit:__TI_auto_init_nobinit_nopinit</name>
         <load_address>0x1dd0</load_address>
         <run_address>0x1dd0</run_address>
         <size>0x44</size>
         <input_file_ref idref="fl-d8"/>
      </object_component>
      <object_component id="oc-36f">
         <name>.text:getdevice</name>
         <load_address>0x1e14</load_address>
         <run_address>0x1e14</run_address>
         <size>0x44</size>
         <input_file_ref idref="fl-e7"/>
      </object_component>
      <object_component id="oc-1ea">
         <name>.text:toString</name>
         <load_address>0x1e58</load_address>
         <run_address>0x1e58</run_address>
         <size>0x3e</size>
         <input_file_ref idref="fl-3"/>
      </object_component>
      <object_component id="oc-31">
         <name>.text:NmiSR</name>
         <load_address>0x1e96</load_address>
         <run_address>0x1e96</run_address>
         <size>0x2</size>
         <input_file_ref idref="fl-4"/>
      </object_component>
      <object_component id="oc-170">
         <name>.text:SysCtlPeripheralReady</name>
         <load_address>0x1e98</load_address>
         <run_address>0x1e98</run_address>
         <size>0x38</size>
         <input_file_ref idref="fl-c"/>
      </object_component>
      <object_component id="oc-348">
         <name>.text:__TI_writemsg</name>
         <load_address>0x1ed0</load_address>
         <run_address>0x1ed0</run_address>
         <size>0x38</size>
         <input_file_ref idref="fl-e3"/>
      </object_component>
      <object_component id="oc-b8">
         <name>.text:main</name>
         <load_address>0x1f08</load_address>
         <run_address>0x1f08</run_address>
         <size>0x38</size>
         <input_file_ref idref="fl-3"/>
      </object_component>
      <object_component id="oc-397">
         <name>.text:strncpy</name>
         <load_address>0x1f40</load_address>
         <run_address>0x1f40</run_address>
         <size>0x36</size>
         <input_file_ref idref="fl-eb"/>
      </object_component>
      <object_component id="oc-210">
         <name>.text:_nop</name>
         <load_address>0x1f76</load_address>
         <run_address>0x1f76</run_address>
         <size>0x2</size>
         <input_file_ref idref="fl-cb"/>
      </object_component>
      <object_component id="oc-16a">
         <name>.text:SysCtlPeripheralEnable</name>
         <load_address>0x1f78</load_address>
         <run_address>0x1f78</run_address>
         <size>0x34</size>
         <input_file_ref idref="fl-c"/>
      </object_component>
      <object_component id="oc-2b0">
         <name>.text:__TI_cleanup</name>
         <load_address>0x1fac</load_address>
         <run_address>0x1fac</run_address>
         <size>0x34</size>
         <input_file_ref idref="fl-d5"/>
      </object_component>
      <object_component id="oc-34e">
         <name>.text:__TI_readmsg</name>
         <load_address>0x1fe0</load_address>
         <run_address>0x1fe0</run_address>
         <size>0x34</size>
         <input_file_ref idref="fl-e3"/>
      </object_component>
      <object_component id="oc-6f">
         <name>.text:_c_int00_noargs:_c_int00_noargs</name>
         <load_address>0x2014</load_address>
         <run_address>0x2014</run_address>
         <size>0x34</size>
         <input_file_ref idref="fl-d3"/>
      </object_component>
      <object_component id="oc-f2">
         <name>.text:initButton</name>
         <load_address>0x2048</load_address>
         <run_address>0x2048</run_address>
         <size>0x34</size>
         <input_file_ref idref="fl-3"/>
      </object_component>
      <object_component id="oc-39d">
         <name>.text:finddevice</name>
         <load_address>0x207c</load_address>
         <run_address>0x207c</run_address>
         <size>0x30</size>
         <input_file_ref idref="fl-e7"/>
      </object_component>
      <object_component id="oc-1e0">
         <name>.text:GPIODirModeSet</name>
         <load_address>0x20ac</load_address>
         <run_address>0x20ac</run_address>
         <size>0x2c</size>
         <input_file_ref idref="fl-a"/>
      </object_component>
      <object_component id="oc-33d">
         <name>.text:unlink</name>
         <load_address>0x20d8</load_address>
         <run_address>0x20d8</run_address>
         <size>0x2c</size>
         <input_file_ref idref="fl-ee"/>
      </object_component>
      <object_component id="oc-2e1">
         <name>.text:free_list_insert</name>
         <load_address>0x2104</load_address>
         <run_address>0x2104</run_address>
         <size>0x28</size>
         <input_file_ref idref="fl-ce"/>
      </object_component>
      <object_component id="oc-29c">
         <name>.text:lseek</name>
         <load_address>0x212c</load_address>
         <run_address>0x212c</run_address>
         <size>0x28</size>
         <input_file_ref idref="fl-e5"/>
      </object_component>
      <object_component id="oc-26f">
         <name>.text:write</name>
         <load_address>0x2154</load_address>
         <run_address>0x2154</run_address>
         <size>0x28</size>
         <input_file_ref idref="fl-d1"/>
      </object_component>
      <object_component id="oc-263">
         <name>.text:memchr</name>
         <load_address>0x217c</load_address>
         <run_address>0x217c</run_address>
         <size>0x20</size>
         <input_file_ref idref="fl-cd"/>
      </object_component>
      <object_component id="oc-1f6">
         <name>.text:puts</name>
         <load_address>0x219c</load_address>
         <run_address>0x219c</run_address>
         <size>0x20</size>
         <input_file_ref idref="fl-c3"/>
      </object_component>
      <object_component id="oc-1f0">
         <name>.text:strcat</name>
         <load_address>0x21bc</load_address>
         <run_address>0x21bc</run_address>
         <size>0x1e</size>
         <input_file_ref idref="fl-cf"/>
      </object_component>
      <object_component id="oc-5d">
         <name>.text:decompress:ZI:__TI_zero_init_nomemset:__TI_zero_init_nomemset</name>
         <load_address>0x21da</load_address>
         <run_address>0x21da</run_address>
         <size>0x1c</size>
         <input_file_ref idref="fl-c7"/>
      </object_component>
      <object_component id="oc-2db">
         <name>.text:free_list_remove</name>
         <load_address>0x21f8</load_address>
         <run_address>0x21f8</run_address>
         <size>0x1c</size>
         <input_file_ref idref="fl-ce"/>
      </object_component>
      <object_component id="oc-183">
         <name>.text:GPIOPinTypeGPIOOutput</name>
         <load_address>0x2214</load_address>
         <run_address>0x2214</run_address>
         <size>0x1a</size>
         <input_file_ref idref="fl-a"/>
      </object_component>
      <object_component id="oc-3b6">
         <name>.text:strcmp</name>
         <load_address>0x222e</load_address>
         <run_address>0x222e</run_address>
         <size>0x18</size>
         <input_file_ref idref="fl-e9"/>
      </object_component>
      <object_component id="oc-176">
         <name>.text:GPIOPinTypeGPIOInput</name>
         <load_address>0x2246</load_address>
         <run_address>0x2246</run_address>
         <size>0x16</size>
         <input_file_ref idref="fl-a"/>
      </object_component>
      <object_component id="oc-391">
         <name>.text:strchr</name>
         <load_address>0x225c</load_address>
         <run_address>0x225c</run_address>
         <size>0x16</size>
         <input_file_ref idref="fl-e8"/>
      </object_component>
      <object_component id="oc-362">
         <name>.text:strcpy</name>
         <load_address>0x2272</load_address>
         <run_address>0x2272</run_address>
         <size>0x14</size>
         <input_file_ref idref="fl-ea"/>
      </object_component>
      <object_component id="oc-25d">
         <name>.text:strlen</name>
         <load_address>0x2286</load_address>
         <run_address>0x2286</run_address>
         <size>0x14</size>
         <input_file_ref idref="fl-d0"/>
      </object_component>
      <object_component id="oc-1c">
         <name>.text:decompress:none:__TI_decompress_none</name>
         <load_address>0x229a</load_address>
         <run_address>0x229a</run_address>
         <size>0xe</size>
         <input_file_ref idref="fl-c8"/>
      </object_component>
      <object_component id="oc-2aa">
         <name>.text:malloc</name>
         <load_address>0x22a8</load_address>
         <run_address>0x22a8</run_address>
         <size>0x8</size>
         <input_file_ref idref="fl-ce"/>
      </object_component>
      <object_component id="oc-10a">
         <name>.text:GPIOPinRead</name>
         <load_address>0x22b0</load_address>
         <run_address>0x22b0</run_address>
         <size>0x6</size>
         <input_file_ref idref="fl-a"/>
      </object_component>
      <object_component id="oc-18a">
         <name>.text:GPIOPinWrite</name>
         <load_address>0x22b6</load_address>
         <run_address>0x22b6</run_address>
         <size>0x6</size>
         <input_file_ref idref="fl-a"/>
      </object_component>
      <object_component id="oc-2b">
         <name>.text:ResetISR</name>
         <load_address>0x22bc</load_address>
         <run_address>0x22bc</run_address>
         <size>0x6</size>
         <input_file_ref idref="fl-4"/>
      </object_component>
      <object_component id="oc-162">
         <name>.text:SysCtlDelay</name>
         <load_address>0x22c2</load_address>
         <run_address>0x22c2</run_address>
         <size>0x6</size>
         <input_file_ref idref="fl-c"/>
      </object_component>
      <object_component id="oc-b2">
         <name>.text:_system_pre_init</name>
         <load_address>0x22c8</load_address>
         <run_address>0x22c8</run_address>
         <size>0x4</size>
         <input_file_ref idref="fl-d9"/>
      </object_component>
      <object_component id="oc-122">
         <name>.text:abort:abort</name>
         <load_address>0x22cc</load_address>
         <run_address>0x22cc</run_address>
         <size>0x4</size>
         <input_file_ref idref="fl-ca"/>
      </object_component>
      <object_component id="oc-1ff">
         <name>.const:.string:$P$T2$3</name>
         <load_address>0x22d0</load_address>
         <run_address>0x22d0</run_address>
         <size>0x32</size>
         <input_file_ref idref="fl-3"/>
      </object_component>
      <object_component id="oc-1fc">
         <name>.const:.string:$P$T3$4</name>
         <load_address>0x2302</load_address>
         <run_address>0x2302</run_address>
         <size>0x28</size>
         <input_file_ref idref="fl-3"/>
      </object_component>
      <object_component id="oc-207">
         <name>.const:.string:$P$T1$2</name>
         <load_address>0x232a</load_address>
         <run_address>0x232a</run_address>
         <size>0x12</size>
         <input_file_ref idref="fl-3"/>
      </object_component>
      <object_component id="oc-20a">
         <name>.const:.string:$P$T0$1</name>
         <load_address>0x233c</load_address>
         <run_address>0x233c</run_address>
         <size>0x10</size>
         <input_file_ref idref="fl-3"/>
      </object_component>
      <object_component id="oc-3fb">
         <name>.cinit..data.load</name>
         <load_address>0x2350</load_address>
         <run_address>0x2350</run_address>
         <size>0x67</size>
      </object_component>
      <object_component id="oc-3f9">
         <name>__TI_handler_table</name>
         <load_address>0x23b8</load_address>
         <run_address>0x23b8</run_address>
         <size>0xc</size>
      </object_component>
      <object_component id="oc-3fc">
         <name>.cinit..bss.load</name>
         <load_address>0x23c8</load_address>
         <run_address>0x23c8</run_address>
         <size>0x8</size>
      </object_component>
      <object_component id="oc-3fa">
         <name>__TI_cinit_table</name>
         <load_address>0x23d0</load_address>
         <run_address>0x23d0</run_address>
         <size>0x10</size>
      </object_component>
      <object_component id="oc-1aa">
         <name>.data:$O1$$</name>
         <load_address>0x200007c8</load_address>
         <run_address>0x200007c8</run_address>
         <size>0xc</size>
         <input_file_ref idref="fl-ca"/>
      </object_component>
      <object_component id="oc-1ad">
         <name>.data:$O1$$</name>
         <load_address>0x200007d4</load_address>
         <run_address>0x200007d4</run_address>
         <size>0x8</size>
         <input_file_ref idref="fl-cb"/>
      </object_component>
      <object_component id="oc-239">
         <name>.data:_ftable</name>
         <load_address>0x20000600</load_address>
         <run_address>0x20000600</run_address>
         <size>0xf0</size>
         <input_file_ref idref="fl-cc"/>
      </object_component>
      <object_component id="oc-2f5">
         <name>.data</name>
         <load_address>0x200007b8</load_address>
         <run_address>0x200007b8</run_address>
         <size>0x10</size>
         <input_file_ref idref="fl-cc"/>
      </object_component>
      <object_component id="oc-32b">
         <name>.data:$O1$$</name>
         <load_address>0x200007dc</load_address>
         <run_address>0x200007dc</run_address>
         <size>0x8</size>
         <input_file_ref idref="fl-ce"/>
      </object_component>
      <object_component id="oc-2c5">
         <name>.data:_device</name>
         <load_address>0x200006f0</load_address>
         <run_address>0x200006f0</run_address>
         <size>0x78</size>
         <input_file_ref idref="fl-d2"/>
      </object_component>
      <object_component id="oc-295">
         <name>.data:_stream</name>
         <load_address>0x20000768</load_address>
         <run_address>0x20000768</run_address>
         <size>0x50</size>
         <input_file_ref idref="fl-d2"/>
      </object_component>
      <object_component id="oc-379">
         <name>.bss:_CIOBUF_</name>
         <uninitialized>true</uninitialized>
         <run_address>0x200007e4</run_address>
         <size>0x120</size>
         <input_file_ref idref="fl-e3"/>
      </object_component>
      <object_component id="oc-196">
         <name>.common:tivaInE</name>
         <uninitialized>true</uninitialized>
         <run_address>0x200009bc</run_address>
         <size>0x4</size>
      </object_component>
      <object_component id="oc-199">
         <name>.common:tivaInB</name>
         <uninitialized>true</uninitialized>
         <run_address>0x200009b8</run_address>
         <size>0x4</size>
      </object_component>
      <object_component id="oc-19f">
         <name>.common:tivaInA1</name>
         <uninitialized>true</uninitialized>
         <run_address>0x200009b0</run_address>
         <size>0x4</size>
      </object_component>
      <object_component id="oc-1a0">
         <name>.common:tivaInA2</name>
         <uninitialized>true</uninitialized>
         <run_address>0x200009b4</run_address>
         <size>0x4</size>
      </object_component>
      <object_component id="oc-19a">
         <name>.common:tivaIn</name>
         <uninitialized>true</uninitialized>
         <run_address>0x200009ac</run_address>
         <size>0x4</size>
      </object_component>
      <object_component id="oc-343">
         <name>.common:__TI_tmpnams</name>
         <uninitialized>true</uninitialized>
         <run_address>0x20000904</run_address>
         <size>0xa0</size>
      </object_component>
      <object_component id="oc-354">
         <name>.common:parmbuf</name>
         <uninitialized>true</uninitialized>
         <run_address>0x200009a4</run_address>
         <size>0x8</size>
      </object_component>
      <object_component id="oc-25">
         <name>.sysmem</name>
         <uninitialized>true</uninitialized>
         <run_address>0x20000000</run_address>
         <size>0x10</size>
         <input_file_ref idref="fl-ce"/>
      </object_component>
      <object_component id="oc-3ff">
         <name>.sysmem</name>
         <uninitialized>true</uninitialized>
         <run_address>0x20000000</run_address>
         <size>0x0</size>
      </object_component>
      <object_component id="oc-28">
         <name>.stack</name>
         <uninitialized>true</uninitialized>
         <run_address>0x20000400</run_address>
         <size>0x4</size>
         <input_file_ref idref="fl-d3"/>
      </object_component>
      <object_component id="oc-3fe">
         <name>.stack</name>
         <uninitialized>true</uninitialized>
         <run_address>0x20000400</run_address>
         <size>0x0</size>
      </object_component>
      <object_component id="oc-db">
         <name>.debug_info</name>
         <load_address>0x0</load_address>
         <run_address>0x0</run_address>
         <size>0x274</size>
         <input_file_ref idref="fl-2"/>
      </object_component>
      <object_component id="oc-8d">
         <name>.debug_info</name>
         <load_address>0x274</load_address>
         <run_address>0x274</run_address>
         <size>0x26b</size>
         <input_file_ref idref="fl-2"/>
      </object_component>
      <object_component id="oc-4c">
         <name>.debug_info</name>
         <load_address>0x4df</load_address>
         <run_address>0x4df</run_address>
         <size>0x84</size>
         <input_file_ref idref="fl-2"/>
      </object_component>
      <object_component id="oc-d6">
         <name>.debug_info</name>
         <load_address>0x563</load_address>
         <run_address>0x563</run_address>
         <size>0x2a4</size>
         <input_file_ref idref="fl-2"/>
      </object_component>
      <object_component id="oc-92">
         <name>.debug_info</name>
         <load_address>0x807</load_address>
         <run_address>0x807</run_address>
         <size>0xbb</size>
         <input_file_ref idref="fl-2"/>
      </object_component>
      <object_component id="oc-197">
         <name>.debug_info</name>
         <load_address>0x8c2</load_address>
         <run_address>0x8c2</run_address>
         <size>0x638</size>
         <input_file_ref idref="fl-3"/>
      </object_component>
      <object_component id="oc-20b">
         <name>.debug_info</name>
         <load_address>0xefa</load_address>
         <run_address>0xefa</run_address>
         <size>0xdd</size>
         <input_file_ref idref="fl-3"/>
      </object_component>
      <object_component id="oc-208">
         <name>.debug_info</name>
         <load_address>0xfd7</load_address>
         <run_address>0xfd7</run_address>
         <size>0xdd</size>
         <input_file_ref idref="fl-3"/>
      </object_component>
      <object_component id="oc-200">
         <name>.debug_info</name>
         <load_address>0x10b4</load_address>
         <run_address>0x10b4</run_address>
         <size>0xdd</size>
         <input_file_ref idref="fl-3"/>
      </object_component>
      <object_component id="oc-1fd">
         <name>.debug_info</name>
         <load_address>0x1191</load_address>
         <run_address>0x1191</run_address>
         <size>0xdd</size>
         <input_file_ref idref="fl-3"/>
      </object_component>
      <object_component id="oc-1eb">
         <name>.debug_info</name>
         <load_address>0x126e</load_address>
         <run_address>0x126e</run_address>
         <size>0x179</size>
         <input_file_ref idref="fl-3"/>
      </object_component>
      <object_component id="oc-fb">
         <name>.debug_info</name>
         <load_address>0x13e7</load_address>
         <run_address>0x13e7</run_address>
         <size>0x24f</size>
         <input_file_ref idref="fl-3"/>
      </object_component>
      <object_component id="oc-1a4">
         <name>.debug_info</name>
         <load_address>0x1636</load_address>
         <run_address>0x1636</run_address>
         <size>0x1b6</size>
         <input_file_ref idref="fl-3"/>
      </object_component>
      <object_component id="oc-112">
         <name>.debug_info</name>
         <load_address>0x17ec</load_address>
         <run_address>0x17ec</run_address>
         <size>0x81e</size>
         <input_file_ref idref="fl-3"/>
      </object_component>
      <object_component id="oc-f5">
         <name>.debug_info</name>
         <load_address>0x200a</load_address>
         <run_address>0x200a</run_address>
         <size>0x183</size>
         <input_file_ref idref="fl-3"/>
      </object_component>
      <object_component id="oc-191">
         <name>.debug_info</name>
         <load_address>0x218d</load_address>
         <run_address>0x218d</run_address>
         <size>0x1c0</size>
         <input_file_ref idref="fl-3"/>
      </object_component>
      <object_component id="oc-100">
         <name>.debug_info</name>
         <load_address>0x234d</load_address>
         <run_address>0x234d</run_address>
         <size>0x1b8</size>
         <input_file_ref idref="fl-3"/>
      </object_component>
      <object_component id="oc-106">
         <name>.debug_info</name>
         <load_address>0x2505</load_address>
         <run_address>0x2505</run_address>
         <size>0x240</size>
         <input_file_ref idref="fl-3"/>
      </object_component>
      <object_component id="oc-119">
         <name>.debug_info</name>
         <load_address>0x2745</load_address>
         <run_address>0x2745</run_address>
         <size>0x213</size>
         <input_file_ref idref="fl-3"/>
      </object_component>
      <object_component id="oc-b9">
         <name>.debug_info</name>
         <load_address>0x2958</load_address>
         <run_address>0x2958</run_address>
         <size>0x1a0</size>
         <input_file_ref idref="fl-3"/>
      </object_component>
      <object_component id="oc-11d">
         <name>.debug_info</name>
         <load_address>0x2af8</load_address>
         <run_address>0x2af8</run_address>
         <size>0x8b</size>
         <input_file_ref idref="fl-3"/>
      </object_component>
      <object_component id="oc-45">
         <name>.debug_info</name>
         <load_address>0x2b83</load_address>
         <run_address>0x2b83</run_address>
         <size>0x2ab</size>
         <input_file_ref idref="fl-4"/>
      </object_component>
      <object_component id="oc-14">
         <name>.debug_info</name>
         <load_address>0x2e2e</load_address>
         <run_address>0x2e2e</run_address>
         <size>0xea</size>
         <input_file_ref idref="fl-4"/>
      </object_component>
      <object_component id="oc-2d">
         <name>.debug_info</name>
         <load_address>0x2f18</load_address>
         <run_address>0x2f18</run_address>
         <size>0x11a</size>
         <input_file_ref idref="fl-4"/>
      </object_component>
      <object_component id="oc-33">
         <name>.debug_info</name>
         <load_address>0x3032</load_address>
         <run_address>0x3032</run_address>
         <size>0x109</size>
         <input_file_ref idref="fl-4"/>
      </object_component>
      <object_component id="oc-3f">
         <name>.debug_info</name>
         <load_address>0x313b</load_address>
         <run_address>0x313b</run_address>
         <size>0x123</size>
         <input_file_ref idref="fl-4"/>
      </object_component>
      <object_component id="oc-39">
         <name>.debug_info</name>
         <load_address>0x325e</load_address>
         <run_address>0x325e</run_address>
         <size>0x111</size>
         <input_file_ref idref="fl-4"/>
      </object_component>
      <object_component id="oc-19e">
         <name>.debug_info</name>
         <load_address>0x336f</load_address>
         <run_address>0x336f</run_address>
         <size>0x3e4</size>
         <input_file_ref idref="fl-a"/>
      </object_component>
      <object_component id="oc-18c">
         <name>.debug_info</name>
         <load_address>0x3753</load_address>
         <run_address>0x3753</run_address>
         <size>0x2ac</size>
         <input_file_ref idref="fl-a"/>
      </object_component>
      <object_component id="oc-1e2">
         <name>.debug_info</name>
         <load_address>0x39ff</load_address>
         <run_address>0x39ff</run_address>
         <size>0x2bc</size>
         <input_file_ref idref="fl-a"/>
      </object_component>
      <object_component id="oc-17e">
         <name>.debug_info</name>
         <load_address>0x3cbb</load_address>
         <run_address>0x3cbb</run_address>
         <size>0x31f</size>
         <input_file_ref idref="fl-a"/>
      </object_component>
      <object_component id="oc-184">
         <name>.debug_info</name>
         <load_address>0x3fda</load_address>
         <run_address>0x3fda</run_address>
         <size>0x2c0</size>
         <input_file_ref idref="fl-a"/>
      </object_component>
      <object_component id="oc-177">
         <name>.debug_info</name>
         <load_address>0x429a</load_address>
         <run_address>0x429a</run_address>
         <size>0x2a5</size>
         <input_file_ref idref="fl-a"/>
      </object_component>
      <object_component id="oc-10b">
         <name>.debug_info</name>
         <load_address>0x453f</load_address>
         <run_address>0x453f</run_address>
         <size>0x284</size>
         <input_file_ref idref="fl-a"/>
      </object_component>
      <object_component id="oc-1d9">
         <name>.debug_info</name>
         <load_address>0x47c3</load_address>
         <run_address>0x47c3</run_address>
         <size>0x26b</size>
         <input_file_ref idref="fl-a"/>
      </object_component>
      <object_component id="oc-1c9">
         <name>.debug_info</name>
         <load_address>0x4a2e</load_address>
         <run_address>0x4a2e</run_address>
         <size>0x297</size>
         <input_file_ref idref="fl-a"/>
      </object_component>
      <object_component id="oc-1d4">
         <name>.debug_info</name>
         <load_address>0x4cc5</load_address>
         <run_address>0x4cc5</run_address>
         <size>0xef</size>
         <input_file_ref idref="fl-a"/>
      </object_component>
      <object_component id="oc-164">
         <name>.debug_info</name>
         <load_address>0x4db4</load_address>
         <run_address>0x4db4</run_address>
         <size>0xbb</size>
         <input_file_ref idref="fl-a"/>
      </object_component>
      <object_component id="oc-169">
         <name>.debug_info</name>
         <load_address>0x4e6f</load_address>
         <run_address>0x4e6f</run_address>
         <size>0x441</size>
         <input_file_ref idref="fl-c"/>
      </object_component>
      <object_component id="oc-172">
         <name>.debug_info</name>
         <load_address>0x52b0</load_address>
         <run_address>0x52b0</run_address>
         <size>0x288</size>
         <input_file_ref idref="fl-c"/>
      </object_component>
      <object_component id="oc-16c">
         <name>.debug_info</name>
         <load_address>0x5538</load_address>
         <run_address>0x5538</run_address>
         <size>0x286</size>
         <input_file_ref idref="fl-c"/>
      </object_component>
      <object_component id="oc-ed">
         <name>.debug_info</name>
         <load_address>0x57be</load_address>
         <run_address>0x57be</run_address>
         <size>0x2e4</size>
         <input_file_ref idref="fl-c"/>
      </object_component>
      <object_component id="oc-1d0">
         <name>.debug_info</name>
         <load_address>0x5aa2</load_address>
         <run_address>0x5aa2</run_address>
         <size>0x51</size>
         <input_file_ref idref="fl-c"/>
      </object_component>
      <object_component id="oc-23d">
         <name>.debug_info</name>
         <load_address>0x5af3</load_address>
         <run_address>0x5af3</run_address>
         <size>0x3fc</size>
         <input_file_ref idref="fl-c3"/>
      </object_component>
      <object_component id="oc-236">
         <name>.debug_info</name>
         <load_address>0x5eef</load_address>
         <run_address>0x5eef</run_address>
         <size>0x2e2</size>
         <input_file_ref idref="fl-c3"/>
      </object_component>
      <object_component id="oc-1f8">
         <name>.debug_info</name>
         <load_address>0x61d1</load_address>
         <run_address>0x61d1</run_address>
         <size>0x16e</size>
         <input_file_ref idref="fl-c3"/>
      </object_component>
      <object_component id="oc-e3">
         <name>.debug_info</name>
         <load_address>0x633f</load_address>
         <run_address>0x633f</run_address>
         <size>0x2c</size>
         <input_file_ref idref="fl-c3"/>
      </object_component>
      <object_component id="oc-27c">
         <name>.debug_info</name>
         <load_address>0x636b</load_address>
         <run_address>0x636b</run_address>
         <size>0xb2</size>
         <input_file_ref idref="fl-c3"/>
      </object_component>
      <object_component id="oc-28e">
         <name>.debug_info</name>
         <load_address>0x641d</load_address>
         <run_address>0x641d</run_address>
         <size>0x300</size>
         <input_file_ref idref="fl-c4"/>
      </object_component>
      <object_component id="oc-258">
         <name>.debug_info</name>
         <load_address>0x671d</load_address>
         <run_address>0x671d</run_address>
         <size>0x19c</size>
         <input_file_ref idref="fl-c4"/>
      </object_component>
      <object_component id="oc-2b8">
         <name>.debug_info</name>
         <load_address>0x68b9</load_address>
         <run_address>0x68b9</run_address>
         <size>0xbf</size>
         <input_file_ref idref="fl-c4"/>
      </object_component>
      <object_component id="oc-2b7">
         <name>.debug_info</name>
         <load_address>0x6978</load_address>
         <run_address>0x6978</run_address>
         <size>0x374</size>
         <input_file_ref idref="fl-c5"/>
      </object_component>
      <object_component id="oc-288">
         <name>.debug_info</name>
         <load_address>0x6cec</load_address>
         <run_address>0x6cec</run_address>
         <size>0x20b</size>
         <input_file_ref idref="fl-c5"/>
      </object_component>
      <object_component id="oc-54">
         <name>.debug_info</name>
         <load_address>0x6ef7</load_address>
         <run_address>0x6ef7</run_address>
         <size>0x119</size>
         <input_file_ref idref="fl-c6"/>
      </object_component>
      <object_component id="oc-ab">
         <name>.debug_info</name>
         <load_address>0x7010</load_address>
         <run_address>0x7010</run_address>
         <size>0x2d4</size>
         <input_file_ref idref="fl-c7"/>
      </object_component>
      <object_component id="oc-5f">
         <name>.debug_info</name>
         <load_address>0x72e4</load_address>
         <run_address>0x72e4</run_address>
         <size>0x1d2</size>
         <input_file_ref idref="fl-c7"/>
      </object_component>
      <object_component id="oc-a6">
         <name>.debug_info</name>
         <load_address>0x74b6</load_address>
         <run_address>0x74b6</run_address>
         <size>0x46</size>
         <input_file_ref idref="fl-c7"/>
      </object_component>
      <object_component id="oc-5c">
         <name>.debug_info</name>
         <load_address>0x74fc</load_address>
         <run_address>0x74fc</run_address>
         <size>0x2a8</size>
         <input_file_ref idref="fl-c8"/>
      </object_component>
      <object_component id="oc-20">
         <name>.debug_info</name>
         <load_address>0x77a4</load_address>
         <run_address>0x77a4</run_address>
         <size>0x1ea</size>
         <input_file_ref idref="fl-c8"/>
      </object_component>
      <object_component id="oc-57">
         <name>.debug_info</name>
         <load_address>0x798e</load_address>
         <run_address>0x798e</run_address>
         <size>0x46</size>
         <input_file_ref idref="fl-c8"/>
      </object_component>
      <object_component id="oc-9e">
         <name>.debug_info</name>
         <load_address>0x79d4</load_address>
         <run_address>0x79d4</run_address>
         <size>0x2c</size>
         <input_file_ref idref="fl-c8"/>
      </object_component>
      <object_component id="oc-9c">
         <name>.debug_info</name>
         <load_address>0x7a00</load_address>
         <run_address>0x7a00</run_address>
         <size>0x29e</size>
         <input_file_ref idref="fl-c9"/>
      </object_component>
      <object_component id="oc-17">
         <name>.debug_info</name>
         <load_address>0x7c9e</load_address>
         <run_address>0x7c9e</run_address>
         <size>0x250</size>
         <input_file_ref idref="fl-c9"/>
      </object_component>
      <object_component id="oc-47">
         <name>.debug_info</name>
         <load_address>0x7eee</load_address>
         <run_address>0x7eee</run_address>
         <size>0x60</size>
         <input_file_ref idref="fl-c9"/>
      </object_component>
      <object_component id="oc-dc">
         <name>.debug_info</name>
         <load_address>0x7f4e</load_address>
         <run_address>0x7f4e</run_address>
         <size>0x46</size>
         <input_file_ref idref="fl-c9"/>
      </object_component>
      <object_component id="oc-97">
         <name>.debug_info</name>
         <load_address>0x7f94</load_address>
         <run_address>0x7f94</run_address>
         <size>0x39</size>
         <input_file_ref idref="fl-c9"/>
      </object_component>
      <object_component id="oc-1b1">
         <name>.debug_info</name>
         <load_address>0x7fcd</load_address>
         <run_address>0x7fcd</run_address>
         <size>0x3ad</size>
         <input_file_ref idref="fl-ca"/>
      </object_component>
      <object_component id="oc-1ab">
         <name>.debug_info</name>
         <load_address>0x837a</load_address>
         <run_address>0x837a</run_address>
         <size>0x190</size>
         <input_file_ref idref="fl-ca"/>
      </object_component>
      <object_component id="oc-123">
         <name>.debug_info</name>
         <load_address>0x850a</load_address>
         <run_address>0x850a</run_address>
         <size>0x122</size>
         <input_file_ref idref="fl-ca"/>
      </object_component>
      <object_component id="oc-129">
         <name>.debug_info</name>
         <load_address>0x862c</load_address>
         <run_address>0x862c</run_address>
         <size>0x184</size>
         <input_file_ref idref="fl-ca"/>
      </object_component>
      <object_component id="oc-218">
         <name>.debug_info</name>
         <load_address>0x87b0</load_address>
         <run_address>0x87b0</run_address>
         <size>0x2c9</size>
         <input_file_ref idref="fl-cb"/>
      </object_component>
      <object_component id="oc-1ae">
         <name>.debug_info</name>
         <load_address>0x8a79</load_address>
         <run_address>0x8a79</run_address>
         <size>0x11e</size>
         <input_file_ref idref="fl-cb"/>
      </object_component>
      <object_component id="oc-211">
         <name>.debug_info</name>
         <load_address>0x8b97</load_address>
         <run_address>0x8b97</run_address>
         <size>0x12e</size>
         <input_file_ref idref="fl-cb"/>
      </object_component>
      <object_component id="oc-278">
         <name>.debug_info</name>
         <load_address>0x8cc5</load_address>
         <run_address>0x8cc5</run_address>
         <size>0x144</size>
         <input_file_ref idref="fl-cc"/>
      </object_component>
      <object_component id="oc-23a">
         <name>.debug_info</name>
         <load_address>0x8e09</load_address>
         <run_address>0x8e09</run_address>
         <size>0x102</size>
         <input_file_ref idref="fl-cc"/>
      </object_component>
      <object_component id="oc-2f6">
         <name>.debug_info</name>
         <load_address>0x8f0b</load_address>
         <run_address>0x8f0b</run_address>
         <size>0x18f</size>
         <input_file_ref idref="fl-cc"/>
      </object_component>
      <object_component id="oc-292">
         <name>.debug_info</name>
         <load_address>0x909a</load_address>
         <run_address>0x909a</run_address>
         <size>0x2a5</size>
         <input_file_ref idref="fl-cd"/>
      </object_component>
      <object_component id="oc-265">
         <name>.debug_info</name>
         <load_address>0x933f</load_address>
         <run_address>0x933f</run_address>
         <size>0x25d</size>
         <input_file_ref idref="fl-cd"/>
      </object_component>
      <object_component id="oc-83">
         <name>.debug_info</name>
         <load_address>0x959c</load_address>
         <run_address>0x959c</run_address>
         <size>0x3b2</size>
         <input_file_ref idref="fl-ce"/>
      </object_component>
      <object_component id="oc-26">
         <name>.debug_info</name>
         <load_address>0x994e</load_address>
         <run_address>0x994e</run_address>
         <size>0x10c</size>
         <input_file_ref idref="fl-ce"/>
      </object_component>
      <object_component id="oc-32c">
         <name>.debug_info</name>
         <load_address>0x9a5a</load_address>
         <run_address>0x9a5a</run_address>
         <size>0x13f</size>
         <input_file_ref idref="fl-ce"/>
      </object_component>
      <object_component id="oc-2ab">
         <name>.debug_info</name>
         <load_address>0x9b99</load_address>
         <run_address>0x9b99</run_address>
         <size>0x168</size>
         <input_file_ref idref="fl-ce"/>
      </object_component>
      <object_component id="oc-2dd">
         <name>.debug_info</name>
         <load_address>0x9d01</load_address>
         <run_address>0x9d01</run_address>
         <size>0x18e</size>
         <input_file_ref idref="fl-ce"/>
      </object_component>
      <object_component id="oc-2e3">
         <name>.debug_info</name>
         <load_address>0x9e8f</load_address>
         <run_address>0x9e8f</run_address>
         <size>0x19f</size>
         <input_file_ref idref="fl-ce"/>
      </object_component>
      <object_component id="oc-2a5">
         <name>.debug_info</name>
         <load_address>0xa02e</load_address>
         <run_address>0xa02e</run_address>
         <size>0x203</size>
         <input_file_ref idref="fl-ce"/>
      </object_component>
      <object_component id="oc-332">
         <name>.debug_info</name>
         <load_address>0xa231</load_address>
         <run_address>0xa231</run_address>
         <size>0x1db</size>
         <input_file_ref idref="fl-ce"/>
      </object_component>
      <object_component id="oc-2eb">
         <name>.debug_info</name>
         <load_address>0xa40c</load_address>
         <run_address>0xa40c</run_address>
         <size>0x299</size>
         <input_file_ref idref="fl-ce"/>
      </object_component>
      <object_component id="oc-d1">
         <name>.debug_info</name>
         <load_address>0xa6a5</load_address>
         <run_address>0xa6a5</run_address>
         <size>0xb2</size>
         <input_file_ref idref="fl-ce"/>
      </object_component>
      <object_component id="oc-cc">
         <name>.debug_info</name>
         <load_address>0xa757</load_address>
         <run_address>0xa757</run_address>
         <size>0x2c</size>
         <input_file_ref idref="fl-ce"/>
      </object_component>
      <object_component id="oc-232">
         <name>.debug_info</name>
         <load_address>0xa783</load_address>
         <run_address>0xa783</run_address>
         <size>0x2a4</size>
         <input_file_ref idref="fl-cf"/>
      </object_component>
      <object_component id="oc-1f1">
         <name>.debug_info</name>
         <load_address>0xaa27</load_address>
         <run_address>0xaa27</run_address>
         <size>0x267</size>
         <input_file_ref idref="fl-cf"/>
      </object_component>
      <object_component id="oc-290">
         <name>.debug_info</name>
         <load_address>0xac8e</load_address>
         <run_address>0xac8e</run_address>
         <size>0x28f</size>
         <input_file_ref idref="fl-d0"/>
      </object_component>
      <object_component id="oc-261">
         <name>.debug_info</name>
         <load_address>0xaf1d</load_address>
         <run_address>0xaf1d</run_address>
         <size>0x245</size>
         <input_file_ref idref="fl-d0"/>
      </object_component>
      <object_component id="oc-299">
         <name>.debug_info</name>
         <load_address>0xb162</load_address>
         <run_address>0xb162</run_address>
         <size>0x397</size>
         <input_file_ref idref="fl-d1"/>
      </object_component>
      <object_component id="oc-270">
         <name>.debug_info</name>
         <load_address>0xb4f9</load_address>
         <run_address>0xb4f9</run_address>
         <size>0x18f</size>
         <input_file_ref idref="fl-d1"/>
      </object_component>
      <object_component id="oc-2cd">
         <name>.debug_info</name>
         <load_address>0xb688</load_address>
         <run_address>0xb688</run_address>
         <size>0x120</size>
         <input_file_ref idref="fl-d1"/>
      </object_component>
      <object_component id="oc-2d2">
         <name>.debug_info</name>
         <load_address>0xb7a8</load_address>
         <run_address>0xb7a8</run_address>
         <size>0x2c</size>
         <input_file_ref idref="fl-d1"/>
      </object_component>
      <object_component id="oc-2ca">
         <name>.debug_info</name>
         <load_address>0xb7d4</load_address>
         <run_address>0xb7d4</run_address>
         <size>0x337</size>
         <input_file_ref idref="fl-d2"/>
      </object_component>
      <object_component id="oc-2c6">
         <name>.debug_info</name>
         <load_address>0xbb0b</load_address>
         <run_address>0xbb0b</run_address>
         <size>0x109</size>
         <input_file_ref idref="fl-d2"/>
      </object_component>
      <object_component id="oc-296">
         <name>.debug_info</name>
         <load_address>0xbc14</load_address>
         <run_address>0xbc14</run_address>
         <size>0x109</size>
         <input_file_ref idref="fl-d2"/>
      </object_component>
      <object_component id="oc-29">
         <name>.debug_info</name>
         <load_address>0xbd1d</load_address>
         <run_address>0xbd1d</run_address>
         <size>0x10b</size>
         <input_file_ref idref="fl-d3"/>
      </object_component>
      <object_component id="oc-70">
         <name>.debug_info</name>
         <load_address>0xbe28</load_address>
         <run_address>0xbe28</run_address>
         <size>0x1a9</size>
         <input_file_ref idref="fl-d3"/>
      </object_component>
      <object_component id="oc-294">
         <name>.debug_info</name>
         <load_address>0xbfd1</load_address>
         <run_address>0xbfd1</run_address>
         <size>0x347</size>
         <input_file_ref idref="fl-d4"/>
      </object_component>
      <object_component id="oc-26d">
         <name>.debug_info</name>
         <load_address>0xc318</load_address>
         <run_address>0xc318</run_address>
         <size>0x18a</size>
         <input_file_ref idref="fl-d4"/>
      </object_component>
      <object_component id="oc-2b2">
         <name>.debug_info</name>
         <load_address>0xc4a2</load_address>
         <run_address>0xc4a2</run_address>
         <size>0x176</size>
         <input_file_ref idref="fl-d5"/>
      </object_component>
      <object_component id="oc-2a3">
         <name>.debug_info</name>
         <load_address>0xc618</load_address>
         <run_address>0xc618</run_address>
         <size>0x324</size>
         <input_file_ref idref="fl-d6"/>
      </object_component>
      <object_component id="oc-283">
         <name>.debug_info</name>
         <load_address>0xc93c</load_address>
         <run_address>0xc93c</run_address>
         <size>0x1ec</size>
         <input_file_ref idref="fl-d6"/>
      </object_component>
      <object_component id="oc-1b4">
         <name>.debug_info</name>
         <load_address>0xcb28</load_address>
         <run_address>0xcb28</run_address>
         <size>0x4b3</size>
         <input_file_ref idref="fl-d8"/>
      </object_component>
      <object_component id="oc-130">
         <name>.debug_info</name>
         <load_address>0xcfdb</load_address>
         <run_address>0xcfdb</run_address>
         <size>0x1a6</size>
         <input_file_ref idref="fl-d8"/>
      </object_component>
      <object_component id="oc-21e">
         <name>.debug_info</name>
         <load_address>0xd181</load_address>
         <run_address>0xd181</run_address>
         <size>0x39</size>
         <input_file_ref idref="fl-d8"/>
      </object_component>
      <object_component id="oc-249">
         <name>.debug_info</name>
         <load_address>0xd1ba</load_address>
         <run_address>0xd1ba</run_address>
         <size>0x39</size>
         <input_file_ref idref="fl-d8"/>
      </object_component>
      <object_component id="oc-223">
         <name>.debug_info</name>
         <load_address>0xd1f3</load_address>
         <run_address>0xd1f3</run_address>
         <size>0x39</size>
         <input_file_ref idref="fl-d8"/>
      </object_component>
      <object_component id="oc-228">
         <name>.debug_info</name>
         <load_address>0xd22c</load_address>
         <run_address>0xd22c</run_address>
         <size>0xcd</size>
         <input_file_ref idref="fl-d8"/>
      </object_component>
      <object_component id="oc-b3">
         <name>.debug_info</name>
         <load_address>0xd2f9</load_address>
         <run_address>0xd2f9</run_address>
         <size>0x153</size>
         <input_file_ref idref="fl-d9"/>
      </object_component>
      <object_component id="oc-359">
         <name>.debug_info</name>
         <load_address>0xd44c</load_address>
         <run_address>0xd44c</run_address>
         <size>0x373</size>
         <input_file_ref idref="fl-dc"/>
      </object_component>
      <object_component id="oc-303">
         <name>.debug_info</name>
         <load_address>0xd7bf</load_address>
         <run_address>0xd7bf</run_address>
         <size>0x1bc</size>
         <input_file_ref idref="fl-dc"/>
      </object_component>
      <object_component id="oc-35f">
         <name>.debug_info</name>
         <load_address>0xd97b</load_address>
         <run_address>0xd97b</run_address>
         <size>0x378</size>
         <input_file_ref idref="fl-dd"/>
      </object_component>
      <object_component id="oc-315">
         <name>.debug_info</name>
         <load_address>0xdcf3</load_address>
         <run_address>0xdcf3</run_address>
         <size>0x210</size>
         <input_file_ref idref="fl-dd"/>
      </object_component>
      <object_component id="oc-355">
         <name>.debug_info</name>
         <load_address>0xdf03</load_address>
         <run_address>0xdf03</run_address>
         <size>0x3a3</size>
         <input_file_ref idref="fl-de"/>
      </object_component>
      <object_component id="oc-2ff">
         <name>.debug_info</name>
         <load_address>0xe2a6</load_address>
         <run_address>0xe2a6</run_address>
         <size>0x20c</size>
         <input_file_ref idref="fl-de"/>
      </object_component>
      <object_component id="oc-35b">
         <name>.debug_info</name>
         <load_address>0xe4b2</load_address>
         <run_address>0xe4b2</run_address>
         <size>0x377</size>
         <input_file_ref idref="fl-df"/>
      </object_component>
      <object_component id="oc-308">
         <name>.debug_info</name>
         <load_address>0xe829</load_address>
         <run_address>0xe829</run_address>
         <size>0x1fb</size>
         <input_file_ref idref="fl-df"/>
      </object_component>
      <object_component id="oc-369">
         <name>.debug_info</name>
         <load_address>0xea24</load_address>
         <run_address>0xea24</run_address>
         <size>0x3d5</size>
         <input_file_ref idref="fl-e0"/>
      </object_component>
      <object_component id="oc-323">
         <name>.debug_info</name>
         <load_address>0xedf9</load_address>
         <run_address>0xedf9</run_address>
         <size>0x236</size>
         <input_file_ref idref="fl-e0"/>
      </object_component>
      <object_component id="oc-361">
         <name>.debug_info</name>
         <load_address>0xf02f</load_address>
         <run_address>0xf02f</run_address>
         <size>0x396</size>
         <input_file_ref idref="fl-e1"/>
      </object_component>
      <object_component id="oc-31d">
         <name>.debug_info</name>
         <load_address>0xf3c5</load_address>
         <run_address>0xf3c5</run_address>
         <size>0x1c6</size>
         <input_file_ref idref="fl-e1"/>
      </object_component>
      <object_component id="oc-35d">
         <name>.debug_info</name>
         <load_address>0xf58b</load_address>
         <run_address>0xf58b</run_address>
         <size>0x378</size>
         <input_file_ref idref="fl-e2"/>
      </object_component>
      <object_component id="oc-30e">
         <name>.debug_info</name>
         <load_address>0xf903</load_address>
         <run_address>0xf903</run_address>
         <size>0x200</size>
         <input_file_ref idref="fl-e2"/>
      </object_component>
      <object_component id="oc-37d">
         <name>.debug_info</name>
         <load_address>0xfb03</load_address>
         <run_address>0xfb03</run_address>
         <size>0x2bb</size>
         <input_file_ref idref="fl-e3"/>
      </object_component>
      <object_component id="oc-37a">
         <name>.debug_info</name>
         <load_address>0xfdbe</load_address>
         <run_address>0xfdbe</run_address>
         <size>0x108</size>
         <input_file_ref idref="fl-e3"/>
      </object_component>
      <object_component id="oc-34c">
         <name>.debug_info</name>
         <load_address>0xfec6</load_address>
         <run_address>0xfec6</run_address>
         <size>0x1df</size>
         <input_file_ref idref="fl-e3"/>
      </object_component>
      <object_component id="oc-350">
         <name>.debug_info</name>
         <load_address>0x100a5</load_address>
         <run_address>0x100a5</run_address>
         <size>0x19a</size>
         <input_file_ref idref="fl-e3"/>
      </object_component>
      <object_component id="oc-2d8">
         <name>.debug_info</name>
         <load_address>0x1023f</load_address>
         <run_address>0x1023f</run_address>
         <size>0x397</size>
         <input_file_ref idref="fl-e5"/>
      </object_component>
      <object_component id="oc-2a0">
         <name>.debug_info</name>
         <load_address>0x105d6</load_address>
         <run_address>0x105d6</run_address>
         <size>0x195</size>
         <input_file_ref idref="fl-e5"/>
      </object_component>
      <object_component id="oc-345">
         <name>.debug_info</name>
         <load_address>0x1076b</load_address>
         <run_address>0x1076b</run_address>
         <size>0x3a5</size>
         <input_file_ref idref="fl-e6"/>
      </object_component>
      <object_component id="oc-2f1">
         <name>.debug_info</name>
         <load_address>0x10b10</load_address>
         <run_address>0x10b10</run_address>
         <size>0x1f3</size>
         <input_file_ref idref="fl-e6"/>
      </object_component>
      <object_component id="oc-3a4">
         <name>.debug_info</name>
         <load_address>0x10d03</load_address>
         <run_address>0x10d03</run_address>
         <size>0x42c</size>
         <input_file_ref idref="fl-e7"/>
      </object_component>
      <object_component id="oc-3a0">
         <name>.debug_info</name>
         <load_address>0x1112f</load_address>
         <run_address>0x1112f</run_address>
         <size>0x192</size>
         <input_file_ref idref="fl-e7"/>
      </object_component>
      <object_component id="oc-371">
         <name>.debug_info</name>
         <load_address>0x112c1</load_address>
         <run_address>0x112c1</run_address>
         <size>0x1eb</size>
         <input_file_ref idref="fl-e7"/>
      </object_component>
      <object_component id="oc-3a7">
         <name>.debug_info</name>
         <load_address>0x114ac</load_address>
         <run_address>0x114ac</run_address>
         <size>0xea</size>
         <input_file_ref idref="fl-e7"/>
      </object_component>
      <object_component id="oc-3bf">
         <name>.debug_info</name>
         <load_address>0x11596</load_address>
         <run_address>0x11596</run_address>
         <size>0x2c</size>
         <input_file_ref idref="fl-e7"/>
      </object_component>
      <object_component id="oc-3b3">
         <name>.debug_info</name>
         <load_address>0x115c2</load_address>
         <run_address>0x115c2</run_address>
         <size>0x29a</size>
         <input_file_ref idref="fl-e8"/>
      </object_component>
      <object_component id="oc-395">
         <name>.debug_info</name>
         <load_address>0x1185c</load_address>
         <run_address>0x1185c</run_address>
         <size>0x262</size>
         <input_file_ref idref="fl-e8"/>
      </object_component>
      <object_component id="oc-3c9">
         <name>.debug_info</name>
         <load_address>0x11abe</load_address>
         <run_address>0x11abe</run_address>
         <size>0x28a</size>
         <input_file_ref idref="fl-e9"/>
      </object_component>
      <object_component id="oc-3b7">
         <name>.debug_info</name>
         <load_address>0x11d48</load_address>
         <run_address>0x11d48</run_address>
         <size>0x273</size>
         <input_file_ref idref="fl-e9"/>
      </object_component>
      <object_component id="oc-38c">
         <name>.debug_info</name>
         <load_address>0x11fbb</load_address>
         <run_address>0x11fbb</run_address>
         <size>0x2a4</size>
         <input_file_ref idref="fl-ea"/>
      </object_component>
      <object_component id="oc-365">
         <name>.debug_info</name>
         <load_address>0x1225f</load_address>
         <run_address>0x1225f</run_address>
         <size>0x24d</size>
         <input_file_ref idref="fl-ea"/>
      </object_component>
      <object_component id="oc-3b5">
         <name>.debug_info</name>
         <load_address>0x124ac</load_address>
         <run_address>0x124ac</run_address>
         <size>0x2af</size>
         <input_file_ref idref="fl-eb"/>
      </object_component>
      <object_component id="oc-398">
         <name>.debug_info</name>
         <load_address>0x1275b</load_address>
         <run_address>0x1275b</run_address>
         <size>0x277</size>
         <input_file_ref idref="fl-eb"/>
      </object_component>
      <object_component id="oc-36e">
         <name>.debug_info</name>
         <load_address>0x129d2</load_address>
         <run_address>0x129d2</run_address>
         <size>0x3cf</size>
         <input_file_ref idref="fl-ed"/>
      </object_component>
      <object_component id="oc-338">
         <name>.debug_info</name>
         <load_address>0x12da1</load_address>
         <run_address>0x12da1</run_address>
         <size>0x195</size>
         <input_file_ref idref="fl-ed"/>
      </object_component>
      <object_component id="oc-376">
         <name>.debug_info</name>
         <load_address>0x12f36</load_address>
         <run_address>0x12f36</run_address>
         <size>0x3d1</size>
         <input_file_ref idref="fl-ee"/>
      </object_component>
      <object_component id="oc-33f">
         <name>.debug_info</name>
         <load_address>0x13307</load_address>
         <run_address>0x13307</run_address>
         <size>0x1a5</size>
         <input_file_ref idref="fl-ee"/>
      </object_component>
      <object_component id="oc-400">
         <name>.debug_info</name>
         <load_address>0x134ac</load_address>
         <run_address>0x134ac</run_address>
         <size>0xaa</size>
      </object_component>
      <object_component id="oc-161">
         <name>.debug_line</name>
         <load_address>0x0</load_address>
         <run_address>0x0</run_address>
         <size>0x20</size>
         <input_file_ref idref="fl-2"/>
      </object_component>
      <object_component id="oc-90">
         <name>.debug_line</name>
         <load_address>0x20</load_address>
         <run_address>0x20</run_address>
         <size>0x6f</size>
         <input_file_ref idref="fl-2"/>
      </object_component>
      <object_component id="oc-4f">
         <name>.debug_line</name>
         <load_address>0x8f</load_address>
         <run_address>0x8f</run_address>
         <size>0x20</size>
         <input_file_ref idref="fl-2"/>
      </object_component>
      <object_component id="oc-d9">
         <name>.debug_line</name>
         <load_address>0xaf</load_address>
         <run_address>0xaf</run_address>
         <size>0x73</size>
[...]
            </allocated_space>
            <available_space>
               <start_address>0x23e0</start_address>
               <size>0x3dc20</size>
            </available_space>
         </usage_details>
      </memory_area>
      <memory_area display="yes" color="green">
         <name>SRAM</name>
         <page_id>0x0</page_id>
         <origin>0x20000000</origin>
         <length>0x8000</length>
         <used_space>0x9c0</used_space>
         <unused_space>0x7640</unused_space>
         <attributes>RWX</attributes>
         <usage_details>
            <allocated_space>
               <start_address>0x20000000</start_address>
               <size>0x0</size>
               <logical_group_ref idref="lg-3ce"/>
            </allocated_space>
            <allocated_space>
               <start_address>0x20000000</start_address>
               <size>0x400</size>
               <logical_group_ref idref="lg-c"/>
            </allocated_space>
            <allocated_space>
               <start_address>0x20000400</start_address>
               <size>0x200</size>
               <logical_group_ref idref="lg-d"/>
            </allocated_space>
            <allocated_space>
               <start_address>0x20000600</start_address>
               <size>0x1e4</size>
               <logical_group_ref idref="lg-a"/>
            </allocated_space>
            <allocated_space>
               <start_address>0x200007e4</start_address>
               <size>0x1dc</size>
               <logical_group_ref idref="lg-b"/>
            </allocated_space>
            <available_space>
               <start_address>0x200009c0</start_address>
               <size>0x7640</size>
            </available_space>
         </usage_details>
      </memory_area>
   </placement_map>
   <cptbl_list>
      <cptbl>
         <name>__TI_cinit_table</name>
         <cprec>
            <name>.data</name>
            <load_address>0x2350</load_address>
            <load_size>0x67</load_size>
            <run_address>0x20000600</run_address>
            <run_size>0x1e4</run_size>
            <compression>lzss</compression>
         </cprec>
         <cprec>
            <name>.bss</name>
            <load_address>0x23c8</load_address>
            <load_size>0x8</load_size>
            <run_address>0x200007e4</run_address>
            <run_size>0x1dc</run_size>
            <compression>zero_init</compression>
         </cprec>
      </cptbl>
   </cptbl_list>
   <handler_table>
      <handler_table_name>__TI_handler_table</handler_table_name>
      <handler>
         <index>0x0</index>
         <name>__TI_decompress_lzss</name>
      </handler>
      <handler>
         <index>0x1</index>
         <name>__TI_decompress_none</name>
      </handler>
      <handler>
         <index>0x2</index>
         <name>__TI_zero_init</name>
      </handler>
   </handler_table>
   <symbol_table>
      <symbol id="sm-1">
         <name>__STACK_TOP</name>
         <value>0x20000600</value>
      </symbol>
      <symbol id="sm-2">
         <name>__start___llvm_prf_cnts</name>
         <value>0x20000000</value>
      </symbol>
      <symbol id="sm-3">
         <name>__stop___llvm_prf_cnts</name>
         <value>0x20000000</value>
      </symbol>
      <symbol id="sm-4">
         <name>__TI_CINIT_Base</name>
         <value>0x23d0</value>
      </symbol>
      <symbol id="sm-5">
         <name>__TI_CINIT_Limit</name>
         <value>0x23e0</value>
      </symbol>
      <symbol id="sm-6">
         <name>__TI_Handler_Table_Base</name>
         <value>0x23b8</value>
      </symbol>
      <symbol id="sm-7">
         <name>__TI_Handler_Table_Limit</name>
         <value>0x23c4</value>
      </symbol>
      <symbol id="sm-8">
         <name>binit</name>
         <value>0xffffffff</value>
      </symbol>
      <symbol id="sm-9">
         <name>__binit__</name>
         <value>0xffffffff</value>
      </symbol>
      <symbol id="sm-a">
         <name>__STACK_SIZE</name>
         <value>0x200</value>
      </symbol>
      <symbol id="sm-b">
         <name>__STACK_END</name>
         <value>0x20000600</value>
      </symbol>
      <symbol id="sm-c">
         <name>__SYSMEM_SIZE</name>
         <value>0x400</value>
      </symbol>
      <symbol id="sm-d">
         <name>__c_args__</name>
         <value>0xffffffff</value>
      </symbol>
      <symbol id="sm-e">
         <name>__TI_pprof_out_hndl</name>
         <value>0xffffffff</value>
      </symbol>
      <symbol id="sm-f">
         <name>__TI_prof_data_start</name>
         <value>0xffffffff</value>
      </symbol>
      <symbol id="sm-10">
         <name>__TI_prof_data_size</name>
         <value>0xffffffff</value>
      </symbol>
      <symbol id="sm-143">
         <name>tivaInE</name>
         <value>0x200009bc</value>
      </symbol>
      <symbol id="sm-144">
         <name>tivaInB</name>
         <value>0x200009b8</value>
      </symbol>
      <symbol id="sm-145">
         <name>tivaInA1</name>
         <value>0x200009b0</value>
      </symbol>
      <symbol id="sm-146">
         <name>tivaInA2</name>
         <value>0x200009b4</value>
      </symbol>
      <symbol id="sm-147">
         <name>tivaIn</name>
         <value>0x200009ac</value>
      </symbol>
      <symbol id="sm-148">
         <name>displayError</name>
         <value>0x1c61</value>
         <object_component_ref idref="oc-190"/>
      </symbol>
      <symbol id="sm-149">
         <name>eightBit</name>
         <value>0xf81</value>
         <object_component_ref idref="oc-116"/>
      </symbol>
      <symbol id="sm-14a">
         <name>checkPins</name>
         <value>0x1579</value>
         <object_component_ref idref="oc-fe"/>
      </symbol>
      <symbol id="sm-14b">
         <name>Display</name>
         <value>0x1c0d</value>
         <object_component_ref idref="oc-1a1"/>
      </symbol>
      <symbol id="sm-14c">
         <name>main</name>
         <value>0x1f09</value>
         <object_component_ref idref="oc-b8"/>
      </symbol>
      <symbol id="sm-14d">
         <name>toString</name>
         <value>0x1e59</value>
         <object_component_ref idref="oc-1ea"/>
      </symbol>
      <symbol id="sm-14e">
         <name>init</name>
         <value>0x16c1</value>
         <object_component_ref idref="oc-104"/>
      </symbol>
      <symbol id="sm-14f">
         <name>normalOp</name>
         <value>0x26d</value>
         <object_component_ref idref="oc-110"/>
      </symbol>
      <symbol id="sm-150">
         <name>reverseInit</name>
         <value>0x173d</value>
         <object_component_ref idref="oc-f8"/>
      </symbol>
      <symbol id="sm-151">
         <name>initButton</name>
         <value>0x2049</value>
         <object_component_ref idref="oc-f2"/>
      </symbol>
      <symbol id="sm-182">
         <name>ResetISR</name>
         <value>0x22bd</value>
         <object_component_ref idref="oc-2b"/>
      </symbol>
      <symbol id="sm-183">
         <name>g_pfnVectors</name>
         <value>0x0</value>
         <object_component_ref idref="oc-13"/>
      </symbol>
      <symbol id="sm-1d5">
         <name>GPIOPinTypeGPIOInput</name>
         <value>0x2247</value>
         <object_component_ref idref="oc-176"/>
      </symbol>
      <symbol id="sm-1d6">
         <name>GPIOPinTypeGPIOOutput</name>
         <value>0x2215</value>
         <object_component_ref idref="oc-183"/>
      </symbol>
      <symbol id="sm-1d7">
         <name>GPIOPinRead</name>
         <value>0x22b1</value>
         <object_component_ref idref="oc-10a"/>
      </symbol>
      <symbol id="sm-1d8">
         <name>GPIODirModeSet</name>
         <value>0x20ad</value>
         <object_component_ref idref="oc-1e0"/>
      </symbol>
      <symbol id="sm-1d9">
         <name>GPIOPinWrite</name>
         <value>0x22b7</value>
         <object_component_ref idref="oc-18a"/>
      </symbol>
      <symbol id="sm-1da">
         <name>GPIOPadConfigSet</name>
         <value>0xe15</value>
         <object_component_ref idref="oc-17c"/>
      </symbol>
      <symbol id="sm-211">
         <name>SysCtlClockSet</name>
         <value>0x12c5</value>
         <object_component_ref idref="oc-ec"/>
      </symbol>
      <symbol id="sm-212">
         <name>SysCtlDelay</name>
         <value>0x22c3</value>
         <object_component_ref idref="oc-162"/>
      </symbol>
      <symbol id="sm-213">
         <name>SysCtlPeripheralEnable</name>
         <value>0x1f79</value>
         <object_component_ref idref="oc-16a"/>
      </symbol>
      <symbol id="sm-214">
         <name>SysCtlPeripheralReady</name>
         <value>0x1e99</value>
         <object_component_ref idref="oc-170"/>
      </symbol>
      <symbol id="sm-249">
         <name>puts</name>
         <value>0x219d</value>
         <object_component_ref idref="oc-1f6"/>
      </symbol>
      <symbol id="sm-24a">
         <name>fputs</name>
         <value>0x10b1</value>
         <object_component_ref idref="oc-233"/>
      </symbol>
      <symbol id="sm-262">
         <name>__TI_wrt_ok</name>
         <value>0x1a3d</value>
         <object_component_ref idref="oc-257"/>
      </symbol>
      <symbol id="sm-27e">
         <name>setvbuf</name>
         <value>0x149d</value>
         <object_component_ref idref="oc-287"/>
      </symbol>
      <symbol id="sm-299">
         <name>memcpy</name>
         <value>0x1625</value>
         <object_component_ref idref="oc-51"/>
      </symbol>
      <symbol id="sm-29a">
         <name>__aeabi_memcpy</name>
         <value>0x1625</value>
         <object_component_ref idref="oc-51"/>
      </symbol>
      <symbol id="sm-29b">
         <name>__aeabi_memcpy8</name>
         <value>0x1625</value>
         <object_component_ref idref="oc-51"/>
      </symbol>
      <symbol id="sm-29c">
         <name>__aeabi_memcpy4</name>
         <value>0x1625</value>
         <object_component_ref idref="oc-51"/>
      </symbol>
      <symbol id="sm-2b0">
         <name>__TI_zero_init_nomemset</name>
         <value>0x21db</value>
         <object_component_ref idref="oc-5d"/>
      </symbol>
      <symbol id="sm-2c7">
         <name>__TI_decompress_none</name>
         <value>0x229b</value>
         <object_component_ref idref="oc-1c"/>
      </symbol>
      <symbol id="sm-2ea">
         <name>__TI_decompress_lzss</name>
         <value>0x1971</value>
         <object_component_ref idref="oc-16"/>
      </symbol>
      <symbol id="sm-310">
         <name>C$$EXIT</name>
         <value>0x22cd</value>
         <object_component_ref idref="oc-122"/>
      </symbol>
      <symbol id="sm-311">
         <name>abort</name>
         <value>0x22cd</value>
         <object_component_ref idref="oc-122"/>
      </symbol>
      <symbol id="sm-312">
         <name>__TI_dtors_ptr</name>
         <value>0x200007cc</value>
         <object_component_ref idref="oc-1aa"/>
      </symbol>
      <symbol id="sm-313">
         <name>__TI_cleanup_ptr</name>
         <value>0x200007c8</value>
         <object_component_ref idref="oc-1aa"/>
      </symbol>
      <symbol id="sm-314">
         <name>__TI_enable_exit_profile_output</name>
         <value>0x200007d0</value>
         <object_component_ref idref="oc-1aa"/>
      </symbol>
      <symbol id="sm-315">
         <name>exit</name>
         <value>0x1d01</value>
         <object_component_ref idref="oc-128"/>
      </symbol>
      <symbol id="sm-32a">
         <name>_nop</name>
         <value>0x1f77</value>
         <object_component_ref idref="oc-210"/>
      </symbol>
      <symbol id="sm-32b">
         <name>_lock</name>
         <value>0x200007d4</value>
         <object_component_ref idref="oc-1ad"/>
      </symbol>
      <symbol id="sm-32c">
         <name>_unlock</name>
         <value>0x200007d8</value>
         <object_component_ref idref="oc-1ad"/>
      </symbol>
      <symbol id="sm-341">
         <name>__TI_tmpnams</name>
         <value>0x20000904</value>
      </symbol>
      <symbol id="sm-342">
         <name>__aeabi_stdout</name>
         <value>0x200007c0</value>
         <object_component_ref idref="oc-2f5"/>
      </symbol>
      <symbol id="sm-343">
         <name>__aeabi_stderr</name>
         <value>0x200007c4</value>
         <object_component_ref idref="oc-2f5"/>
      </symbol>
      <symbol id="sm-344">
         <name>__aeabi_stdin</name>
         <value>0x200007bc</value>
         <object_component_ref idref="oc-2f5"/>
      </symbol>
      <symbol id="sm-345">
         <name>_ftable</name>
         <value>0x20000600</value>
         <object_component_ref idref="oc-239"/>
      </symbol>
      <symbol id="sm-346">
         <name>__TI_ft_end</name>
         <value>0x200007b8</value>
         <object_component_ref idref="oc-2f5"/>
      </symbol>
      <symbol id="sm-356">
         <name>memchr</name>
         <value>0x217d</value>
         <object_component_ref idref="oc-263"/>
      </symbol>
      <symbol id="sm-3df">
         <name>_sys_memory</name>
         <value>0x20000000</value>
         <object_component_ref idref="oc-25"/>
      </symbol>
      <symbol id="sm-3e0">
         <name>free</name>
         <value>0x13b9</value>
         <object_component_ref idref="oc-2a4"/>
      </symbol>
      <symbol id="sm-3e1">
         <name>memalign</name>
         <value>0x11c5</value>
         <object_component_ref idref="oc-2e8"/>
      </symbol>
      <symbol id="sm-3e2">
         <name>malloc</name>
         <value>0x22a9</value>
         <object_component_ref idref="oc-2aa"/>
      </symbol>
      <symbol id="sm-3e3">
         <name>aligned_alloc</name>
         <value>0x11c5</value>
         <object_component_ref idref="oc-2e8"/>
      </symbol>
      <symbol id="sm-3f3">
         <name>strcat</name>
         <value>0x21bd</value>
         <object_component_ref idref="oc-1f0"/>
      </symbol>
      <symbol id="sm-401">
         <name>strlen</name>
         <value>0x2287</value>
         <object_component_ref idref="oc-25d"/>
      </symbol>
      <symbol id="sm-41b">
         <name>write</name>
         <value>0x2155</value>
         <object_component_ref idref="oc-26f"/>
      </symbol>
      <symbol id="sm-42c">
         <name>_stream</name>
         <value>0x20000768</value>
         <object_component_ref idref="oc-295"/>
      </symbol>
      <symbol id="sm-42d">
         <name>_device</name>
         <value>0x200006f0</value>
         <object_component_ref idref="oc-2c5"/>
      </symbol>
      <symbol id="sm-440">
         <name>__stack</name>
         <value>0x20000400</value>
         <object_component_ref idref="oc-28"/>
      </symbol>
      <symbol id="sm-441">
         <name>_c_int00_noargs</name>
         <value>0x2015</value>
         <object_component_ref idref="oc-6f"/>
      </symbol>
      <symbol id="sm-451">
         <name>__TI_doflush</name>
         <value>0x1cb5</value>
         <object_component_ref idref="oc-269"/>
      </symbol>
      <symbol id="sm-461">
         <name>__TI_cleanup</name>
         <value>0x1fad</value>
         <object_component_ref idref="oc-2b0"/>
      </symbol>
      <symbol id="sm-473">
         <name>fseek</name>
         <value>0x19d9</value>
         <object_component_ref idref="oc-281"/>
      </symbol>
      <symbol id="sm-49c">
         <name>__TI_auto_init_nobinit_nopinit</name>
         <value>0x1dd1</value>
         <object_component_ref idref="oc-12e"/>
      </symbol>
      <symbol id="sm-4a6">
         <name>_system_pre_init</name>
         <value>0x22c9</value>
         <object_component_ref idref="oc-b2"/>
      </symbol>
      <symbol id="sm-4b9">
         <name>HOSTclose</name>
         <value>0x1d49</value>
         <object_component_ref idref="oc-301"/>
      </symbol>
      <symbol id="sm-4ca">
         <name>HOSTlseek</name>
         <value>0x1909</value>
         <object_component_ref idref="oc-313"/>
      </symbol>
      <symbol id="sm-4dc">
         <name>parmbuf</name>
         <value>0x200009a4</value>
      </symbol>
      <symbol id="sm-4dd">
         <name>HOSTopen</name>
         <value>0x1aa1</value>
         <object_component_ref idref="oc-2fb"/>
      </symbol>
      <symbol id="sm-4ee">
         <name>HOSTread</name>
         <value>0x1b5d</value>
         <object_component_ref idref="oc-307"/>
      </symbol>
      <symbol id="sm-4ff">
         <name>HOSTrename</name>
         <value>0x189d</value>
         <object_component_ref idref="oc-31f"/>
      </symbol>
      <symbol id="sm-510">
         <name>HOSTunlink</name>
         <value>0x1d8d</value>
         <object_component_ref idref="oc-319"/>
      </symbol>
      <symbol id="sm-521">
         <name>HOSTwrite</name>
         <value>0x1bb5</value>
         <object_component_ref idref="oc-30d"/>
      </symbol>
      <symbol id="sm-545">
         <name>__TI_readmsg</name>
         <value>0x1fe1</value>
         <object_component_ref idref="oc-34e"/>
      </symbol>
      <symbol id="sm-546">
         <name>C$$IO$$</name>
         <value>0x1eff</value>
         <object_component_ref idref="oc-348"/>
      </symbol>
      <symbol id="sm-547">
         <name>__CIOBUF_</name>
         <value>0x200007e4</value>
         <object_component_ref idref="oc-379"/>
      </symbol>
      <symbol id="sm-548">
         <name>__TI_writemsg</name>
         <value>0x1ed1</value>
         <object_component_ref idref="oc-348"/>
      </symbol>
      <symbol id="sm-559">
         <name>lseek</name>
         <value>0x212d</value>
         <object_component_ref idref="oc-29c"/>
      </symbol>
      <symbol id="sm-56e">
         <name>__TI_closefile</name>
         <value>0x17b9</value>
         <object_component_ref idref="oc-2ef"/>
      </symbol>
      <symbol id="sm-596">
         <name>finddevice</name>
         <value>0x207d</value>
         <object_component_ref idref="oc-39d"/>
      </symbol>
      <symbol id="sm-597">
         <name>getdevice</name>
         <value>0x1e15</value>
         <object_component_ref idref="oc-36f"/>
      </symbol>
      <symbol id="sm-5a7">
         <name>strchr</name>
         <value>0x225d</value>
         <object_component_ref idref="oc-391"/>
      </symbol>
      <symbol id="sm-5b6">
         <name>strcmp</name>
         <value>0x222f</value>
         <object_component_ref idref="oc-3b6"/>
      </symbol>
      <symbol id="sm-5c4">
         <name>strcpy</name>
         <value>0x2273</value>
         <object_component_ref idref="oc-362"/>
      </symbol>
      <symbol id="sm-5d4">
         <name>strncpy</name>
         <value>0x1f41</value>
         <object_component_ref idref="oc-397"/>
      </symbol>
      <symbol id="sm-5e9">
         <name>close</name>
         <value>0x1b01</value>
         <object_component_ref idref="oc-337"/>
      </symbol>
      <symbol id="sm-5f9">
         <name>unlink</name>
         <value>0x20d9</value>
         <object_component_ref idref="oc-33d"/>
      </symbol>
      <symbol id="sm-5fa">
         <name>__TI_static_base__</name>
         <value>0x0</value>
      </symbol>
      <symbol id="sm-5fd">
         <name>__mpu_init</name>
         <value>0x0</value>
      </symbol>
      <symbol id="sm-5fe">
         <name>_system_post_cinit</name>
         <value>0x0</value>
      </symbol>
      <symbol id="sm-5ff">
         <name>remove</name>
         <value>0x20d9</value>
      </symbol>
   </symbol_table>
   <title>Link successful</title>
</link_info>
