<?xml version="1.0" encoding="ISO-8859-1" ?>
<link_info>
   <banner>TI ARM Linker PC v20.2.2.LTS</banner>
   <copyright>Copyright (c) 1996-2018 Texas Instruments Incorporated</copyright>
   <link_time>0x61b10d7d</link_time>
   <link_errors>0x0</link_errors>
   <output_file>ecgr_5101_lab_9.out</output_file>
   <entry_point>
      <name>_c_int00_noargs</name>
      <address>0x1bf9</address>
   </entry_point>
   <input_file_list>
      <input_file id="fl-2">
         <path>.\</path>
         <kind>object</kind>
         <file>PLL.obj</file>
         <name>PLL.obj</name>
      </input_file>
      <input_file id="fl-3">
         <path>.\</path>
         <kind>object</kind>
         <file>ST7735.obj</file>
         <name>ST7735.obj</name>
      </input_file>
      <input_file id="fl-4">
         <path>.\</path>
         <kind>object</kind>
         <file>buttons.obj</file>
         <name>buttons.obj</name>
      </input_file>
      <input_file id="fl-5">
         <path>.\</path>
         <kind>object</kind>
         <file>mainLab09.obj</file>
         <name>mainLab09.obj</name>
      </input_file>
      <input_file id="fl-6">
         <path>.\</path>
         <kind>object</kind>
         <file>startup_ccs.obj</file>
         <name>startup_ccs.obj</name>
      </input_file>
      <input_file id="fl-b">
         <kind>object</kind>
         <file>&lt;internal&gt;</file>
         <name>&lt;internal&gt;</name>
      </input_file>
      <input_file id="fl-c">
         <path>C:\ti\TivaWare_C_Series-2.2.0.295\driverlib\ccs\Debug\</path>
         <kind>archive</kind>
         <file>driverlib.lib</file>
         <name>adc.obj</name>
      </input_file>
      <input_file id="fl-d">
         <path>C:\ti\TivaWare_C_Series-2.2.0.295\driverlib\ccs\Debug\</path>
         <kind>archive</kind>
         <file>driverlib.lib</file>
         <name>fpu.obj</name>
      </input_file>
      <input_file id="fl-e">
         <path>C:\ti\TivaWare_C_Series-2.2.0.295\driverlib\ccs\Debug\</path>
         <kind>archive</kind>
         <file>driverlib.lib</file>
         <name>gpio.obj</name>
      </input_file>
      <input_file id="fl-f">
         <path>C:\ti\TivaWare_C_Series-2.2.0.295\driverlib\ccs\Debug\</path>
         <kind>archive</kind>
         <file>driverlib.lib</file>
         <name>interrupt.obj</name>
      </input_file>
      <input_file id="fl-10">
         <path>C:\ti\TivaWare_C_Series-2.2.0.295\driverlib\ccs\Debug\</path>
         <kind>archive</kind>
         <file>driverlib.lib</file>
         <name>sysctl.obj</name>
      </input_file>
      <input_file id="fl-11">
         <path>C:\ti\TivaWare_C_Series-2.2.0.295\driverlib\ccs\Debug\</path>
         <kind>archive</kind>
         <file>driverlib.lib</file>
         <name>uart.obj</name>
      </input_file>
      <input_file id="fl-12">
         <path>C:\ti\TivaWare_C_Series-2.2.0.295\driverlib\ccs\Debug\</path>
         <kind>archive</kind>
         <file>driverlib.lib</file>
         <name>cpu.obj</name>
      </input_file>
      <input_file id="fl-c8">
         <path>C:\ti\ccs1020\ccs\tools\compiler\ti-cgt-arm_20.2.2.LTS\lib\</path>
         <kind>archive</kind>
         <file>rtsv7M4_T_le_v4SPD16_eabi.lib</file>
         <name>copy_zero_init.c.obj</name>
      </input_file>
      <input_file id="fl-c9">
         <path>C:\ti\ccs1020\ccs\tools\compiler\ti-cgt-arm_20.2.2.LTS\lib\</path>
         <kind>archive</kind>
         <file>rtsv7M4_T_le_v4SPD16_eabi.lib</file>
         <name>copy_decompress_none.c.obj</name>
      </input_file>
      <input_file id="fl-ca">
         <path>C:\ti\ccs1020\ccs\tools\compiler\ti-cgt-arm_20.2.2.LTS\lib\</path>
         <kind>archive</kind>
         <file>rtsv7M4_T_le_v4SPD16_eabi.lib</file>
         <name>copy_decompress_lzss.c.obj</name>
      </input_file>
      <input_file id="fl-cb">
         <path>C:\ti\ccs1020\ccs\tools\compiler\ti-cgt-arm_20.2.2.LTS\lib\</path>
         <kind>archive</kind>
         <file>rtsv7M4_T_le_v4SPD16_eabi.lib</file>
         <name>rand.c.obj</name>
      </input_file>
      <input_file id="fl-cc">
         <path>C:\ti\ccs1020\ccs\tools\compiler\ti-cgt-arm_20.2.2.LTS\lib\</path>
         <kind>archive</kind>
         <file>rtsv7M4_T_le_v4SPD16_eabi.lib</file>
         <name>boot_cortex_m.c.obj</name>
      </input_file>
      <input_file id="fl-cd">
         <path>C:\ti\ccs1020\ccs\tools\compiler\ti-cgt-arm_20.2.2.LTS\lib\</path>
         <kind>archive</kind>
         <file>rtsv7M4_T_le_v4SPD16_eabi.lib</file>
         <name>memcpy_t2.asm.obj</name>
      </input_file>
      <input_file id="fl-ce">
         <path>C:\ti\ccs1020\ccs\tools\compiler\ti-cgt-arm_20.2.2.LTS\lib\</path>
         <kind>archive</kind>
         <file>rtsv7M4_T_le_v4SPD16_eabi.lib</file>
         <name>memset_t2.asm.obj</name>
      </input_file>
      <input_file id="fl-cf">
         <path>C:\ti\ccs1020\ccs\tools\compiler\ti-cgt-arm_20.2.2.LTS\lib\</path>
         <kind>archive</kind>
         <file>rtsv7M4_T_le_v4SPD16_eabi.lib</file>
         <name>autoinit.c.obj</name>
      </input_file>
      <input_file id="fl-d0">
         <path>C:\ti\ccs1020\ccs\tools\compiler\ti-cgt-arm_20.2.2.LTS\lib\</path>
         <kind>archive</kind>
         <file>rtsv7M4_T_le_v4SPD16_eabi.lib</file>
         <name>pre_init.c.obj</name>
      </input_file>
      <input_file id="fl-d1">
         <path>C:\ti\ccs1020\ccs\tools\compiler\ti-cgt-arm_20.2.2.LTS\lib\</path>
         <kind>archive</kind>
         <file>rtsv7M4_T_le_v4SPD16_eabi.lib</file>
         <name>cpy_tbl.c.obj</name>
      </input_file>
      <input_file id="fl-d2">
         <path>C:\ti\ccs1020\ccs\tools\compiler\ti-cgt-arm_20.2.2.LTS\lib\</path>
         <kind>archive</kind>
         <file>rtsv7M4_T_le_v4SPD16_eabi.lib</file>
         <name>exit.c.obj</name>
      </input_file>
      <input_file id="fl-d3">
         <path>C:\ti\ccs1020\ccs\tools\compiler\ti-cgt-arm_20.2.2.LTS\lib\</path>
         <kind>archive</kind>
         <file>rtsv7M4_T_le_v4SPD16_eabi.lib</file>
         <name>_lock.c.obj</name>
      </input_file>
      <input_file id="fl-d4">
         <path>C:\ti\ccs1020\ccs\tools\compiler\ti-cgt-arm_20.2.2.LTS\lib\</path>
         <kind>archive</kind>
         <file>rtsv7M4_T_le_v4SPD16_eabi.lib</file>
         <name>args_main.c.obj</name>
      </input_file>
   </input_file_list>
   <object_component_list>
      <object_component id="oc-13">
         <name>.intvecs</name>
         <load_address>0x0</load_address>
         <run_address>0x0</run_address>
         <size>0x26c</size>
         <input_file_ref idref="fl-6"/>
      </object_component>
      <object_component id="oc-26b">
         <name>.text:displayScore</name>
         <load_address>0x26c</load_address>
         <run_address>0x26c</run_address>
         <size>0x61e</size>
         <input_file_ref idref="fl-5"/>
      </object_component>
      <object_component id="oc-34">
         <name>.text:FaultISR</name>
         <load_address>0x88a</load_address>
         <run_address>0x88a</run_address>
         <size>0x2</size>
         <input_file_ref idref="fl-6"/>
      </object_component>
      <object_component id="oc-127">
         <name>.text:updateBallLocation</name>
         <load_address>0x88c</load_address>
         <run_address>0x88c</run_address>
         <size>0x314</size>
         <input_file_ref idref="fl-5"/>
      </object_component>
      <object_component id="oc-d9">
         <name>.text:intializePorts</name>
         <load_address>0xba0</load_address>
         <run_address>0xba0</run_address>
         <size>0x170</size>
         <input_file_ref idref="fl-5"/>
      </object_component>
      <object_component id="oc-2aa">
         <name>.text:GPIOPadConfigSet</name>
         <load_address>0xd10</load_address>
         <run_address>0xd10</run_address>
         <size>0x16c</size>
         <input_file_ref idref="fl-e"/>
      </object_component>
      <object_component id="oc-1ee">
         <name>.text:commonInit</name>
         <load_address>0xe7c</load_address>
         <run_address>0xe7c</run_address>
         <size>0x13c</size>
         <input_file_ref idref="fl-3"/>
      </object_component>
      <object_component id="oc-1b8">
         <name>.text:SysCtlClockGet</name>
         <load_address>0xfb8</load_address>
         <run_address>0xfb8</run_address>
         <size>0x118</size>
         <input_file_ref idref="fl-10"/>
      </object_component>
      <object_component id="oc-230">
         <name>.text:ST7735_DrawBitmap</name>
         <load_address>0x10d0</load_address>
         <run_address>0x10d0</run_address>
         <size>0x100</size>
         <input_file_ref idref="fl-3"/>
      </object_component>
      <object_component id="oc-b1">
         <name>.text:main</name>
         <load_address>0x11d0</load_address>
         <run_address>0x11d0</run_address>
         <size>0xf8</size>
         <input_file_ref idref="fl-5"/>
      </object_component>
      <object_component id="oc-176">
         <name>.text:SysCtlClockSet</name>
         <load_address>0x12c8</load_address>
         <run_address>0x12c8</run_address>
         <size>0xf4</size>
         <input_file_ref idref="fl-10"/>
      </object_component>
      <object_component id="oc-11b">
         <name>.text:updatePaddleLocation</name>
         <load_address>0x13bc</load_address>
         <run_address>0x13bc</run_address>
         <size>0xd4</size>
         <input_file_ref idref="fl-5"/>
      </object_component>
      <object_component id="oc-31c">
         <name>.text:ST7735_DrawCharS</name>
         <load_address>0x1490</load_address>
         <run_address>0x1490</run_address>
         <size>0xb4</size>
         <input_file_ref idref="fl-3"/>
      </object_component>
      <object_component id="oc-109">
         <name>.text:resetButton</name>
         <load_address>0x1544</load_address>
         <run_address>0x1544</run_address>
         <size>0xa0</size>
         <input_file_ref idref="fl-5"/>
      </object_component>
      <object_component id="oc-4e">
         <name>.text</name>
         <load_address>0x15e4</load_address>
         <run_address>0x15e4</run_address>
         <size>0x9c</size>
         <input_file_ref idref="fl-cd"/>
      </object_component>
      <object_component id="oc-222">
         <name>.text:ST7735_FillRect</name>
         <load_address>0x1680</load_address>
         <run_address>0x1680</run_address>
         <size>0x80</size>
         <input_file_ref idref="fl-3"/>
      </object_component>
      <object_component id="oc-e5">
         <name>.text:ST7735_InitR</name>
         <load_address>0x1700</load_address>
         <run_address>0x1700</run_address>
         <size>0x7c</size>
         <input_file_ref idref="fl-3"/>
      </object_component>
      <object_component id="oc-19a">
         <name>.text:ADCSequenceStepConfigure</name>
         <load_address>0x177c</load_address>
         <run_address>0x177c</run_address>
         <size>0x7a</size>
         <input_file_ref idref="fl-c"/>
      </object_component>
      <object_component id="oc-3a">
         <name>.text:IntDefaultHandler</name>
         <load_address>0x17f6</load_address>
         <run_address>0x17f6</run_address>
         <size>0x2</size>
         <input_file_ref idref="fl-6"/>
      </object_component>
      <object_component id="oc-2ee">
         <name>.text:setAddrWindow</name>
         <load_address>0x17f8</load_address>
         <run_address>0x17f8</run_address>
         <size>0x6c</size>
         <input_file_ref idref="fl-3"/>
      </object_component>
      <object_component id="oc-df">
         <name>.text:PLL_Init</name>
         <load_address>0x1864</load_address>
         <run_address>0x1864</run_address>
         <size>0x68</size>
         <input_file_ref idref="fl-2"/>
      </object_component>
      <object_component id="oc-16">
         <name>.text:decompress:lzss:__TI_decompress_lzss</name>
         <load_address>0x18cc</load_address>
         <run_address>0x18cc</run_address>
         <size>0x68</size>
         <input_file_ref idref="fl-ca"/>
      </object_component>
      <object_component id="oc-10f">
         <name>.text:adcSampleY</name>
         <load_address>0x1934</load_address>
         <run_address>0x1934</run_address>
         <size>0x5c</size>
         <input_file_ref idref="fl-5"/>
      </object_component>
      <object_component id="oc-1f4">
         <name>.text:commandList</name>
         <load_address>0x1990</load_address>
         <run_address>0x1990</run_address>
         <size>0x54</size>
         <input_file_ref idref="fl-3"/>
      </object_component>
      <object_component id="oc-194">
         <name>.text:ADCSequenceConfigure</name>
         <load_address>0x19e4</load_address>
         <run_address>0x19e4</run_address>
         <size>0x4e</size>
         <input_file_ref idref="fl-c"/>
      </object_component>
      <object_component id="oc-2e">
         <name>.text:NmiSR</name>
         <load_address>0x1a32</load_address>
         <run_address>0x1a32</run_address>
         <size>0x2</size>
         <input_file_ref idref="fl-6"/>
      </object_component>
      <object_component id="oc-1c4">
         <name>.text:GPIOPinConfigure</name>
         <load_address>0x1a34</load_address>
         <run_address>0x1a34</run_address>
         <size>0x4c</size>
         <input_file_ref idref="fl-e"/>
      </object_component>
      <object_component id="oc-1d0">
         <name>.text:UARTConfigSetExpClk</name>
         <load_address>0x1a80</load_address>
         <run_address>0x1a80</run_address>
         <size>0x46</size>
         <input_file_ref idref="fl-11"/>
      </object_component>
      <object_component id="oc-2f5">
         <name>.text:_nop</name>
         <load_address>0x1ac6</load_address>
         <run_address>0x1ac6</run_address>
         <size>0x2</size>
         <input_file_ref idref="fl-d3"/>
      </object_component>
      <object_component id="oc-142">
         <name>.text:__TI_auto_init_nobinit_nopinit:__TI_auto_init_nobinit_nopinit</name>
         <load_address>0x1ac8</load_address>
         <run_address>0x1ac8</run_address>
         <size>0x44</size>
         <input_file_ref idref="fl-cf"/>
      </object_component>
      <object_component id="oc-36b">
         <name>.text:ST7735_DrawPixel</name>
         <load_address>0x1b0c</load_address>
         <run_address>0x1b0c</run_address>
         <size>0x40</size>
         <input_file_ref idref="fl-3"/>
      </object_component>
      <object_component id="oc-121">
         <name>.text:UARTRx</name>
         <load_address>0x1b4c</load_address>
         <run_address>0x1b4c</run_address>
         <size>0x40</size>
         <input_file_ref idref="fl-5"/>
      </object_component>
      <object_component id="oc-182">
         <name>.text:SysCtlPeripheralReady</name>
         <load_address>0x1b8c</load_address>
         <run_address>0x1b8c</run_address>
         <size>0x38</size>
         <input_file_ref idref="fl-10"/>
      </object_component>
      <object_component id="oc-17c">
         <name>.text:SysCtlPeripheralEnable</name>
         <load_address>0x1bc4</load_address>
         <run_address>0x1bc4</run_address>
         <size>0x34</size>
         <input_file_ref idref="fl-10"/>
      </object_component>
      <object_component id="oc-6c">
         <name>.text:_c_int00_noargs:_c_int00_noargs</name>
         <load_address>0x1bf8</load_address>
         <run_address>0x1bf8</run_address>
         <size>0x34</size>
         <input_file_ref idref="fl-cc"/>
      </object_component>
      <object_component id="oc-f7">
         <name>.text:rand</name>
         <load_address>0x1c2c</load_address>
         <run_address>0x1c2c</run_address>
         <size>0x34</size>
         <input_file_ref idref="fl-cb"/>
      </object_component>
      <object_component id="oc-24b">
         <name>.text:ADCIntStatus</name>
         <load_address>0x1c60</load_address>
         <run_address>0x1c60</run_address>
         <size>0x2e</size>
         <input_file_ref idref="fl-c"/>
      </object_component>
      <object_component id="oc-2a4">
         <name>.text:GPIODirModeSet</name>
         <load_address>0x1c8e</load_address>
         <run_address>0x1c8e</run_address>
         <size>0x2c</size>
         <input_file_ref idref="fl-e"/>
      </object_component>
      <object_component id="oc-f1">
         <name>.text:ST7735_FillScreen</name>
         <load_address>0x1cbc</load_address>
         <run_address>0x1cbc</run_address>
         <size>0x24</size>
         <input_file_ref idref="fl-3"/>
      </object_component>
      <object_component id="oc-271">
         <name>.text:buzzer</name>
         <load_address>0x1ce0</load_address>
         <run_address>0x1ce0</run_address>
         <size>0x24</size>
         <input_file_ref idref="fl-5"/>
      </object_component>
      <object_component id="oc-115">
         <name>.text:srand</name>
         <load_address>0x1d04</load_address>
         <run_address>0x1d04</run_address>
         <size>0x24</size>
         <input_file_ref idref="fl-cb"/>
      </object_component>
      <object_component id="oc-1fa">
         <name>.text:writecommand</name>
         <load_address>0x1d28</load_address>
         <run_address>0x1d28</run_address>
         <size>0x24</size>
         <input_file_ref idref="fl-3"/>
      </object_component>
      <object_component id="oc-2d0">
         <name>.text:Delay1ms</name>
         <load_address>0x1d4c</load_address>
         <run_address>0x1d4c</run_address>
         <size>0x22</size>
         <input_file_ref idref="fl-3"/>
      </object_component>
      <object_component id="oc-eb">
         <name>.text:delayWait10ms</name>
         <load_address>0x1d6e</load_address>
         <run_address>0x1d6e</run_address>
         <size>0x22</size>
         <input_file_ref idref="fl-5"/>
      </object_component>
      <object_component id="oc-1be">
         <name>.text:UARTDisable</name>
         <load_address>0x1d90</load_address>
         <run_address>0x1d90</run_address>
         <size>0x20</size>
         <input_file_ref idref="fl-11"/>
      </object_component>
      <object_component id="oc-251">
         <name>.text:ADCSequenceDataGet</name>
         <load_address>0x1db0</load_address>
         <run_address>0x1db0</run_address>
         <size>0x1e</size>
         <input_file_ref idref="fl-c"/>
      </object_component>
      <object_component id="oc-206">
         <name>.text:ST7735_SetCursor</name>
         <load_address>0x1dd0</load_address>
         <run_address>0x1dd0</run_address>
         <size>0x1c</size>
         <input_file_ref idref="fl-3"/>
      </object_component>
      <object_component id="oc-5a">
         <name>.text:decompress:ZI:__TI_zero_init_nomemset:__TI_zero_init_nomemset</name>
         <load_address>0x1dec</load_address>
         <run_address>0x1dec</run_address>
         <size>0x1c</size>
         <input_file_ref idref="fl-c8"/>
      </object_component>
      <object_component id="oc-200">
         <name>.text:writedata</name>
         <load_address>0x1e08</load_address>
         <run_address>0x1e08</run_address>
         <size>0x1c</size>
         <input_file_ref idref="fl-3"/>
      </object_component>
      <object_component id="oc-1dc">
         <name>.text:GPIOPinTypeGPIOOutput</name>
         <load_address>0x1e24</load_address>
         <run_address>0x1e24</run_address>
         <size>0x1a</size>
         <input_file_ref idref="fl-e"/>
      </object_component>
      <object_component id="oc-316">
         <name>.text:ST7735_Color565</name>
         <load_address>0x1e3e</load_address>
         <run_address>0x1e3e</run_address>
         <size>0x1a</size>
         <input_file_ref idref="fl-3"/>
      </object_component>
      <object_component id="oc-245">
         <name>.text:ADCProcessorTrigger</name>
         <load_address>0x1e58</load_address>
         <run_address>0x1e58</run_address>
         <size>0x18</size>
         <input_file_ref idref="fl-c"/>
      </object_component>
      <object_component id="oc-fd">
         <name>.text:circle</name>
         <load_address>0x1e70</load_address>
         <run_address>0x1e70</run_address>
         <size>0x18</size>
         <input_file_ref idref="fl-5"/>
      </object_component>
      <object_component id="oc-103">
         <name>.text:paddle</name>
         <load_address>0x1e88</load_address>
         <run_address>0x1e88</run_address>
         <size>0x18</size>
         <input_file_ref idref="fl-5"/>
      </object_component>
      <object_component id="oc-188">
         <name>.text:GPIOPinTypeADC</name>
         <load_address>0x1ea0</load_address>
         <run_address>0x1ea0</run_address>
         <size>0x16</size>
         <input_file_ref idref="fl-e"/>
      </object_component>
      <object_component id="oc-1e2">
         <name>.text:GPIOPinTypeGPIOInput</name>
         <load_address>0x1eb6</load_address>
         <run_address>0x1eb6</run_address>
         <size>0x16</size>
         <input_file_ref idref="fl-e"/>
      </object_component>
      <object_component id="oc-1ca">
         <name>.text:GPIOPinTypeUART</name>
         <load_address>0x1ecc</load_address>
         <run_address>0x1ecc</run_address>
         <size>0x16</size>
         <input_file_ref idref="fl-e"/>
      </object_component>
      <object_component id="oc-1d6">
         <name>.text:UARTEnable</name>
         <load_address>0x1ee2</load_address>
         <run_address>0x1ee2</run_address>
         <size>0x14</size>
         <input_file_ref idref="fl-11"/>
      </object_component>
      <object_component id="oc-265">
         <name>.text:UARTTx</name>
         <load_address>0x1ef8</load_address>
         <run_address>0x1ef8</run_address>
         <size>0x14</size>
         <input_file_ref idref="fl-5"/>
      </object_component>
      <object_component id="oc-382">
         <name>.text:pushColor</name>
         <load_address>0x1f0c</load_address>
         <run_address>0x1f0c</run_address>
         <size>0x12</size>
         <input_file_ref idref="fl-3"/>
      </object_component>
      <object_component id="oc-1b2">
         <name>.text:FPUEnable</name>
         <load_address>0x1f20</load_address>
         <run_address>0x1f20</run_address>
         <size>0x10</size>
         <input_file_ref idref="fl-d"/>
      </object_component>
      <object_component id="oc-1ac">
         <name>.text:FPULazyStackingEnable</name>
         <load_address>0x1f30</load_address>
         <run_address>0x1f30</run_address>
         <size>0x10</size>
         <input_file_ref idref="fl-d"/>
      </object_component>
      <object_component id="oc-18e">
         <name>.text:ADCSequenceDisable</name>
         <load_address>0x1f40</load_address>
         <run_address>0x1f40</run_address>
         <size>0xe</size>
         <input_file_ref idref="fl-c"/>
      </object_component>
      <object_component id="oc-1a0">
         <name>.text:ADCSequenceEnable</name>
         <load_address>0x1f4e</load_address>
         <run_address>0x1f4e</run_address>
         <size>0xe</size>
         <input_file_ref idref="fl-c"/>
      </object_component>
      <object_component id="oc-1c">
         <name>.text:decompress:none:__TI_decompress_none</name>
         <load_address>0x1f5c</load_address>
         <run_address>0x1f5c</run_address>
         <size>0xe</size>
         <input_file_ref idref="fl-c9"/>
      </object_component>
      <object_component id="oc-1a6">
         <name>.text:ADCIntClear</name>
         <load_address>0x1f6a</load_address>
         <run_address>0x1f6a</run_address>
         <size>0xa</size>
         <input_file_ref idref="fl-c"/>
      </object_component>
      <object_component id="oc-25e">
         <name>.text:UARTCharGet</name>
         <load_address>0x1f74</load_address>
         <run_address>0x1f74</run_address>
         <size>0xa</size>
         <input_file_ref idref="fl-11"/>
      </object_component>
      <object_component id="oc-30f">
         <name>.text:UARTCharPut</name>
         <load_address>0x1f7e</load_address>
         <run_address>0x1f7e</run_address>
         <size>0xa</size>
         <input_file_ref idref="fl-11"/>
      </object_component>
      <object_component id="oc-23e">
         <name>.text:GPIOPinRead</name>
         <load_address>0x1f88</load_address>
         <run_address>0x1f88</run_address>
         <size>0x6</size>
         <input_file_ref idref="fl-e"/>
      </object_component>
      <object_component id="oc-323">
         <name>.text:GPIOPinWrite</name>
         <load_address>0x1f8e</load_address>
         <run_address>0x1f8e</run_address>
         <size>0x6</size>
         <input_file_ref idref="fl-e"/>
      </object_component>
      <object_component id="oc-28">
         <name>.text:ResetISR</name>
         <load_address>0x1f94</load_address>
         <run_address>0x1f94</run_address>
         <size>0x6</size>
         <input_file_ref idref="fl-6"/>
      </object_component>
      <object_component id="oc-29a">
         <name>.text:SysCtlDelay</name>
         <load_address>0x1f9a</load_address>
         <run_address>0x1f9a</run_address>
         <size>0x6</size>
         <input_file_ref idref="fl-10"/>
      </object_component>
      <object_component id="oc-ab">
         <name>.text:_system_pre_init</name>
         <load_address>0x1fa0</load_address>
         <run_address>0x1fa0</run_address>
         <size>0x4</size>
         <input_file_ref idref="fl-d0"/>
      </object_component>
      <object_component id="oc-136">
         <name>.text:abort:abort</name>
         <load_address>0x1fa4</load_address>
         <run_address>0x1fa4</run_address>
         <size>0x4</size>
         <input_file_ref idref="fl-d2"/>
      </object_component>
      <object_component id="oc-371">
         <name>.const:.string:Font</name>
         <load_address>0x1fa8</load_address>
         <run_address>0x1fa8</run_address>
         <size>0x4fb</size>
         <input_file_ref idref="fl-3"/>
      </object_component>
      <object_component id="oc-236">
         <name>.const:Circle_Dia_3</name>
         <load_address>0x24a4</load_address>
         <run_address>0x24a4</run_address>
         <size>0x120</size>
         <input_file_ref idref="fl-5"/>
      </object_component>
      <object_component id="oc-23a">
         <name>.const:Paddle</name>
         <load_address>0x25c4</load_address>
         <run_address>0x25c4</run_address>
         <size>0xaa</size>
         <input_file_ref idref="fl-5"/>
      </object_component>
      <object_component id="oc-2c0">
         <name>.const:g_pui32GPIOBaseAddrs</name>
         <load_address>0x2670</load_address>
         <run_address>0x2670</run_address>
         <size>0x90</size>
         <input_file_ref idref="fl-e"/>
      </object_component>
      <object_component id="oc-2ba">
         <name>.const:g_pui32Xtals</name>
         <load_address>0x2700</load_address>
         <run_address>0x2700</run_address>
         <size>0x6c</size>
         <input_file_ref idref="fl-10"/>
      </object_component>
      <object_component id="oc-20c">
         <name>.const:.string:Rcmd1</name>
         <load_address>0x276c</load_address>
         <run_address>0x276c</run_address>
         <size>0x3b</size>
         <input_file_ref idref="fl-3"/>
      </object_component>
      <object_component id="oc-215">
         <name>.const:.string:Rcmd3</name>
         <load_address>0x27a7</load_address>
         <run_address>0x27a7</run_address>
         <size>0x2b</size>
         <input_file_ref idref="fl-3"/>
      </object_component>
      <object_component id="oc-212">
         <name>.const:.string:Rcmd2green</name>
         <load_address>0x27d2</load_address>
         <run_address>0x27d2</run_address>
         <size>0xd</size>
         <input_file_ref idref="fl-3"/>
      </object_component>
      <object_component id="oc-20f">
         <name>.const:.string:Rcmd2red</name>
         <load_address>0x27df</load_address>
         <run_address>0x27df</run_address>
         <size>0xd</size>
         <input_file_ref idref="fl-3"/>
      </object_component>
      <object_component id="oc-3bb">
         <name>.cinit..data.load</name>
         <load_address>0x27f0</load_address>
         <run_address>0x27f0</run_address>
         <size>0x38</size>
      </object_component>
      <object_component id="oc-3b9">
         <name>__TI_handler_table</name>
         <load_address>0x2828</load_address>
         <run_address>0x2828</run_address>
         <size>0xc</size>
      </object_component>
      <object_component id="oc-3bc">
         <name>.cinit..bss.load</name>
         <load_address>0x2838</load_address>
         <run_address>0x2838</run_address>
         <size>0x8</size>
      </object_component>
      <object_component id="oc-3ba">
         <name>__TI_cinit_table</name>
         <load_address>0x2840</load_address>
         <run_address>0x2840</run_address>
         <size>0x10</size>
      </object_component>
      <object_component id="oc-21b">
         <name>.data</name>
         <load_address>0x20000280</load_address>
         <run_address>0x20000280</run_address>
         <size>0x14</size>
         <input_file_ref idref="fl-3"/>
      </object_component>
      <object_component id="oc-257">
         <name>.data:uin32ADC0Value</name>
         <load_address>0x20000260</load_address>
         <run_address>0x20000260</run_address>
         <size>0x20</size>
         <input_file_ref idref="fl-5"/>
      </object_component>
      <object_component id="oc-12d">
         <name>.data</name>
         <load_address>0x20000200</load_address>
         <run_address>0x20000200</run_address>
         <size>0x60</size>
         <input_file_ref idref="fl-5"/>
      </object_component>
      <object_component id="oc-277">
         <name>.data:TX_BUFFER</name>
         <load_address>0x200002a0</load_address>
         <run_address>0x200002a0</run_address>
         <size>0x1</size>
         <input_file_ref idref="fl-5"/>
      </object_component>
      <object_component id="oc-22c">
         <name>.data</name>
         <load_address>0x2000029c</load_address>
         <run_address>0x2000029c</run_address>
         <size>0x4</size>
         <input_file_ref idref="fl-cb"/>
      </object_component>
      <object_component id="oc-229">
         <name>.data:$O1$$</name>
         <load_address>0x20000294</load_address>
         <run_address>0x20000294</run_address>
         <size>0x8</size>
         <input_file_ref idref="fl-d3"/>
      </object_component>
      <object_component id="oc-218">
         <name>.bss</name>
         <uninitialized>true</uninitialized>
         <run_address>0x200002a4</run_address>
         <size>0x4</size>
         <input_file_ref idref="fl-3"/>
      </object_component>
      <object_component id="oc-1e8">
         <name>.common:clk</name>
         <uninitialized>true</uninitialized>
         <run_address>0x200002ac</run_address>
         <size>0x4</size>
      </object_component>
      <object_component id="oc-1eb">
         <name>.common:baud</name>
         <uninitialized>true</uninitialized>
         <run_address>0x200002a8</run_address>
         <size>0x4</size>
      </object_component>
      <object_component id="oc-25">
         <name>.stack</name>
         <uninitialized>true</uninitialized>
         <run_address>0x20000000</run_address>
         <size>0x4</size>
         <input_file_ref idref="fl-cc"/>
      </object_component>
      <object_component id="oc-3be">
         <name>.stack</name>
         <uninitialized>true</uninitialized>
         <run_address>0x20000000</run_address>
         <size>0x0</size>
      </object_component>
      <object_component id="oc-c8">
         <name>.debug_info</name>
         <load_address>0x0</load_address>
         <run_address>0x0</run_address>
         <size>0x261</size>
         <input_file_ref idref="fl-2"/>
      </object_component>
      <object_component id="oc-e3">
         <name>.debug_info</name>
         <load_address>0x261</load_address>
         <run_address>0x261</run_address>
         <size>0x11b</size>
         <input_file_ref idref="fl-2"/>
      </object_component>
      <object_component id="oc-86">
         <name>.debug_info</name>
         <load_address>0x37c</load_address>
         <run_address>0x37c</run_address>
         <size>0x26b</size>
         <input_file_ref idref="fl-2"/>
      </object_component>
      <object_component id="oc-49">
         <name>.debug_info</name>
         <load_address>0x5e7</load_address>
         <run_address>0x5e7</run_address>
         <size>0x84</size>
         <input_file_ref idref="fl-2"/>
      </object_component>
      <object_component id="oc-c3">
         <name>.debug_info</name>
         <load_address>0x66b</load_address>
         <run_address>0x66b</run_address>
         <size>0x2a4</size>
         <input_file_ref idref="fl-2"/>
      </object_component>
      <object_component id="oc-8b">
         <name>.debug_info</name>
         <load_address>0x90f</load_address>
         <run_address>0x90f</run_address>
         <size>0xbb</size>
         <input_file_ref idref="fl-2"/>
      </object_component>
      <object_component id="oc-21f">
         <name>.debug_info</name>
         <load_address>0x9ca</load_address>
         <run_address>0x9ca</run_address>
         <size>0x3ca</size>
         <input_file_ref idref="fl-3"/>
      </object_component>
      <object_component id="oc-21c">
         <name>.debug_info</name>
         <load_address>0xd94</load_address>
         <run_address>0xd94</run_address>
         <size>0x160</size>
         <input_file_ref idref="fl-3"/>
      </object_component>
      <object_component id="oc-372">
         <name>.debug_info</name>
         <load_address>0xef4</load_address>
         <run_address>0xef4</run_address>
         <size>0xcb</size>
         <input_file_ref idref="fl-3"/>
      </object_component>
      <object_component id="oc-219">
         <name>.debug_info</name>
         <load_address>0xfbf</load_address>
         <run_address>0xfbf</run_address>
         <size>0x137</size>
         <input_file_ref idref="fl-3"/>
      </object_component>
      <object_component id="oc-20d">
         <name>.debug_info</name>
         <load_address>0x10f6</load_address>
         <run_address>0x10f6</run_address>
         <size>0xce</size>
         <input_file_ref idref="fl-3"/>
      </object_component>
      <object_component id="oc-213">
         <name>.debug_info</name>
         <load_address>0x11c4</load_address>
         <run_address>0x11c4</run_address>
         <size>0xd8</size>
         <input_file_ref idref="fl-3"/>
      </object_component>
      <object_component id="oc-210">
         <name>.debug_info</name>
         <load_address>0x129c</load_address>
         <run_address>0x129c</run_address>
         <size>0xd4</size>
         <input_file_ref idref="fl-3"/>
      </object_component>
      <object_component id="oc-216">
         <name>.debug_info</name>
         <load_address>0x1370</load_address>
         <run_address>0x1370</run_address>
         <size>0xce</size>
         <input_file_ref idref="fl-3"/>
      </object_component>
      <object_component id="oc-1fb">
         <name>.debug_info</name>
         <load_address>0x143e</load_address>
         <run_address>0x143e</run_address>
         <size>0x122</size>
         <input_file_ref idref="fl-3"/>
      </object_component>
      <object_component id="oc-201">
         <name>.debug_info</name>
         <load_address>0x1560</load_address>
         <run_address>0x1560</run_address>
         <size>0x11c</size>
         <input_file_ref idref="fl-3"/>
      </object_component>
      <object_component id="oc-2ef">
         <name>.debug_info</name>
         <load_address>0x167c</load_address>
         <run_address>0x167c</run_address>
         <size>0x22f</size>
         <input_file_ref idref="fl-3"/>
      </object_component>
      <object_component id="oc-223">
         <name>.debug_info</name>
         <load_address>0x18ab</load_address>
         <run_address>0x18ab</run_address>
         <size>0x1d3</size>
         <input_file_ref idref="fl-3"/>
      </object_component>
      <object_component id="oc-383">
         <name>.debug_info</name>
         <load_address>0x1a7e</load_address>
         <run_address>0x1a7e</run_address>
         <size>0x14c</size>
         <input_file_ref idref="fl-3"/>
      </object_component>
      <object_component id="oc-36c">
         <name>.debug_info</name>
         <load_address>0x1bca</load_address>
         <run_address>0x1bca</run_address>
         <size>0x18b</size>
         <input_file_ref idref="fl-3"/>
      </object_component>
      <object_component id="oc-31d">
         <name>.debug_info</name>
         <load_address>0x1d55</load_address>
         <run_address>0x1d55</run_address>
         <size>0x234</size>
         <input_file_ref idref="fl-3"/>
      </object_component>
      <object_component id="oc-207">
         <name>.debug_info</name>
         <load_address>0x1f89</load_address>
         <run_address>0x1f89</run_address>
         <size>0x159</size>
         <input_file_ref idref="fl-3"/>
      </object_component>
      <object_component id="oc-317">
         <name>.debug_info</name>
         <load_address>0x20e2</load_address>
         <run_address>0x20e2</run_address>
         <size>0x159</size>
         <input_file_ref idref="fl-3"/>
      </object_component>
      <object_component id="oc-2d1">
         <name>.debug_info</name>
         <load_address>0x223b</load_address>
         <run_address>0x223b</run_address>
         <size>0x12d</size>
         <input_file_ref idref="fl-3"/>
      </object_component>
      <object_component id="oc-1f5">
         <name>.debug_info</name>
         <load_address>0x2368</load_address>
         <run_address>0x2368</run_address>
         <size>0x1ae</size>
         <input_file_ref idref="fl-3"/>
      </object_component>
      <object_component id="oc-1ef">
         <name>.debug_info</name>
         <load_address>0x2516</load_address>
         <run_address>0x2516</run_address>
         <size>0x175</size>
         <input_file_ref idref="fl-3"/>
      </object_component>
      <object_component id="oc-f2">
         <name>.debug_info</name>
         <load_address>0x268b</load_address>
         <run_address>0x268b</run_address>
         <size>0x153</size>
         <input_file_ref idref="fl-3"/>
      </object_component>
      <object_component id="oc-e6">
         <name>.debug_info</name>
         <load_address>0x27de</load_address>
         <run_address>0x27de</run_address>
         <size>0x1d0</size>
         <input_file_ref idref="fl-3"/>
      </object_component>
      <object_component id="oc-231">
         <name>.debug_info</name>
         <load_address>0x29ae</load_address>
         <run_address>0x29ae</run_address>
         <size>0x20b</size>
         <input_file_ref idref="fl-3"/>
      </object_component>
      <object_component id="oc-2e9">
         <name>.debug_info</name>
         <load_address>0x2bb9</load_address>
         <run_address>0x2bb9</run_address>
         <size>0xcc</size>
         <input_file_ref idref="fl-3"/>
      </object_component>
      <object_component id="oc-2cb">
         <name>.debug_info</name>
         <load_address>0x2c85</load_address>
         <run_address>0x2c85</run_address>
         <size>0x51</size>
         <input_file_ref idref="fl-3"/>
      </object_component>
      <object_component id="oc-1e9">
         <name>.debug_info</name>
         <load_address>0x2cd6</load_address>
         <run_address>0x2cd6</run_address>
         <size>0xa6e</size>
         <input_file_ref idref="fl-5"/>
      </object_component>
      <object_component id="oc-258">
         <name>.debug_info</name>
         <load_address>0x3744</load_address>
         <run_address>0x3744</run_address>
         <size>0xe3</size>
         <input_file_ref idref="fl-5"/>
      </object_component>
      <object_component id="oc-12e">
         <name>.debug_info</name>
         <load_address>0x3827</load_address>
         <run_address>0x3827</run_address>
         <size>0x39e</size>
         <input_file_ref idref="fl-5"/>
      </object_component>
      <object_component id="oc-278">
         <name>.debug_info</name>
         <load_address>0x3bc5</load_address>
         <run_address>0x3bc5</run_address>
         <size>0xd9</size>
         <input_file_ref idref="fl-5"/>
      </object_component>
      <object_component id="oc-237">
         <name>.debug_info</name>
         <load_address>0x3c9e</load_address>
         <run_address>0x3c9e</run_address>
         <size>0xdf</size>
         <input_file_ref idref="fl-5"/>
      </object_component>
      <object_component id="oc-23b">
         <name>.debug_info</name>
         <load_address>0x3d7d</load_address>
         <run_address>0x3d7d</run_address>
         <size>0xd3</size>
         <input_file_ref idref="fl-5"/>
      </object_component>
      <object_component id="oc-ec">
         <name>.debug_info</name>
         <load_address>0x3e50</load_address>
         <run_address>0x3e50</run_address>
         <size>0x140</size>
         <input_file_ref idref="fl-5"/>
      </object_component>
      <object_component id="oc-104">
         <name>.debug_info</name>
         <load_address>0x3f90</load_address>
         <run_address>0x3f90</run_address>
         <size>0x14e</size>
         <input_file_ref idref="fl-5"/>
      </object_component>
      <object_component id="oc-11c">
         <name>.debug_info</name>
         <load_address>0x40de</load_address>
         <run_address>0x40de</run_address>
         <size>0x161</size>
         <input_file_ref idref="fl-5"/>
      </object_component>
      <object_component id="oc-fe">
         <name>.debug_info</name>
         <load_address>0x423f</load_address>
         <run_address>0x423f</run_address>
         <size>0x14e</size>
         <input_file_ref idref="fl-5"/>
      </object_component>
      <object_component id="oc-266">
         <name>.debug_info</name>
         <load_address>0x438d</load_address>
         <run_address>0x438d</run_address>
         <size>0x117</size>
         <input_file_ref idref="fl-5"/>
      </object_component>
      <object_component id="oc-26c">
         <name>.debug_info</name>
         <load_address>0x44a4</load_address>
         <run_address>0x44a4</run_address>
         <size>0xa23</size>
         <input_file_ref idref="fl-5"/>
      </object_component>
      <object_component id="oc-272">
         <name>.debug_info</name>
         <load_address>0x4ec7</load_address>
         <run_address>0x4ec7</run_address>
         <size>0x144</size>
         <input_file_ref idref="fl-5"/>
      </object_component>
      <object_component id="oc-128">
         <name>.debug_info</name>
         <load_address>0x500b</load_address>
         <run_address>0x500b</run_address>
         <size>0x246</size>
         <input_file_ref idref="fl-5"/>
      </object_component>
      <object_component id="oc-10a">
         <name>.debug_info</name>
         <load_address>0x5251</load_address>
         <run_address>0x5251</run_address>
         <size>0x18f</size>
         <input_file_ref idref="fl-5"/>
      </object_component>
      <object_component id="oc-da">
         <name>.debug_info</name>
         <load_address>0x53e0</load_address>
         <run_address>0x53e0</run_address>
         <size>0x481</size>
         <input_file_ref idref="fl-5"/>
      </object_component>
      <object_component id="oc-110">
         <name>.debug_info</name>
         <load_address>0x5861</load_address>
         <run_address>0x5861</run_address>
         <size>0x16e</size>
         <input_file_ref idref="fl-5"/>
      </object_component>
      <object_component id="oc-122">
         <name>.debug_info</name>
         <load_address>0x59cf</load_address>
         <run_address>0x59cf</run_address>
         <size>0x140</size>
         <input_file_ref idref="fl-5"/>
      </object_component>
      <object_component id="oc-b2">
         <name>.debug_info</name>
         <load_address>0x5b0f</load_address>
         <run_address>0x5b0f</run_address>
         <size>0x248</size>
         <input_file_ref idref="fl-5"/>
      </object_component>
      <object_component id="oc-131">
         <name>.debug_info</name>
         <load_address>0x5d57</load_address>
         <run_address>0x5d57</run_address>
         <size>0x8b</size>
         <input_file_ref idref="fl-5"/>
      </object_component>
      <object_component id="oc-42">
         <name>.debug_info</name>
         <load_address>0x5de2</load_address>
         <run_address>0x5de2</run_address>
         <size>0x2a2</size>
         <input_file_ref idref="fl-6"/>
      </object_component>
      <object_component id="oc-14">
         <name>.debug_info</name>
         <load_address>0x6084</load_address>
         <run_address>0x6084</run_address>
         <size>0xe1</size>
         <input_file_ref idref="fl-6"/>
      </object_component>
      <object_component id="oc-2c">
         <name>.debug_info</name>
         <load_address>0x6165</load_address>
         <run_address>0x6165</run_address>
         <size>0x111</size>
         <input_file_ref idref="fl-6"/>
      </object_component>
      <object_component id="oc-31">
         <name>.debug_info</name>
         <load_address>0x6276</load_address>
         <run_address>0x6276</run_address>
         <size>0x100</size>
         <input_file_ref idref="fl-6"/>
      </object_component>
      <object_component id="oc-3d">
         <name>.debug_info</name>
         <load_address>0x6376</load_address>
         <run_address>0x6376</run_address>
         <size>0x11a</size>
         <input_file_ref idref="fl-6"/>
      </object_component>
      <object_component id="oc-38">
         <name>.debug_info</name>
         <load_address>0x6490</load_address>
         <run_address>0x6490</run_address>
         <size>0x108</size>
         <input_file_ref idref="fl-6"/>
      </object_component>
      <object_component id="oc-2b3">
         <name>.debug_info</name>
         <load_address>0x6598</load_address>
         <run_address>0x6598</run_address>
         <size>0x3ba</size>
         <input_file_ref idref="fl-c"/>
      </object_component>
      <object_component id="oc-19d">
         <name>.debug_info</name>
         <load_address>0x6952</load_address>
         <run_address>0x6952</run_address>
         <size>0x33c</size>
         <input_file_ref idref="fl-c"/>
      </object_component>
      <object_component id="oc-1a3">
         <name>.debug_info</name>
         <load_address>0x6c8e</load_address>
         <run_address>0x6c8e</run_address>
         <size>0x2a9</size>
         <input_file_ref idref="fl-c"/>
      </object_component>
      <object_component id="oc-191">
         <name>.debug_info</name>
         <load_address>0x6f37</load_address>
         <run_address>0x6f37</run_address>
         <size>0x2ab</size>
         <input_file_ref idref="fl-c"/>
      </object_component>
      <object_component id="oc-253">
         <name>.debug_info</name>
         <load_address>0x71e2</load_address>
         <run_address>0x71e2</run_address>
         <size>0x308</size>
         <input_file_ref idref="fl-c"/>
      </object_component>
      <object_component id="oc-196">
         <name>.debug_info</name>
         <load_address>0x74ea</load_address>
         <run_address>0x74ea</run_address>
         <size>0x32f</size>
         <input_file_ref idref="fl-c"/>
      </object_component>
      <object_component id="oc-248">
         <name>.debug_info</name>
         <load_address>0x7819</load_address>
         <run_address>0x7819</run_address>
         <size>0x2ad</size>
         <input_file_ref idref="fl-c"/>
      </object_component>
      <object_component id="oc-24d">
         <name>.debug_info</name>
         <load_address>0x7ac6</load_address>
         <run_address>0x7ac6</run_address>
         <size>0x2f0</size>
         <input_file_ref idref="fl-c"/>
      </object_component>
      <object_component id="oc-1a9">
         <name>.debug_info</name>
         <load_address>0x7db6</load_address>
         <run_address>0x7db6</run_address>
         <size>0x29d</size>
         <input_file_ref idref="fl-c"/>
      </object_component>
      <object_component id="oc-353">
         <name>.debug_info</name>
         <load_address>0x8053</load_address>
         <run_address>0x8053</run_address>
         <size>0x26b</size>
         <input_file_ref idref="fl-c"/>
      </object_component>
      <object_component id="oc-343">
         <name>.debug_info</name>
         <load_address>0x82be</load_address>
         <run_address>0x82be</run_address>
         <size>0x297</size>
         <input_file_ref idref="fl-c"/>
      </object_component>
      <object_component id="oc-34e">
         <name>.debug_info</name>
         <load_address>0x8555</load_address>
         <run_address>0x8555</run_address>
         <size>0xef</size>
         <input_file_ref idref="fl-c"/>
      </object_component>
      <object_component id="oc-29c">
         <name>.debug_info</name>
         <load_address>0x8644</load_address>
         <run_address>0x8644</run_address>
         <size>0xbb</size>
         <input_file_ref idref="fl-c"/>
      </object_component>
      <object_component id="oc-1ad">
         <name>.debug_info</name>
         <load_address>0x86ff</load_address>
         <run_address>0x86ff</run_address>
         <size>0x22e</size>
         <input_file_ref idref="fl-d"/>
      </object_component>
      <object_component id="oc-1b4">
         <name>.debug_info</name>
         <load_address>0x892d</load_address>
         <run_address>0x892d</run_address>
         <size>0x216</size>
         <input_file_ref idref="fl-d"/>
      </object_component>
      <object_component id="oc-2b1">
         <name>.debug_info</name>
         <load_address>0x8b43</load_address>
         <run_address>0x8b43</run_address>
         <size>0x3e4</size>
         <input_file_ref idref="fl-e"/>
      </object_component>
      <object_component id="oc-2c1">
         <name>.debug_info</name>
         <load_address>0x8f27</load_address>
         <run_address>0x8f27</run_address>
         <size>0x164</size>
         <input_file_ref idref="fl-e"/>
      </object_component>
      <object_component id="oc-324">
         <name>.debug_info</name>
         <load_address>0x908b</load_address>
         <run_address>0x908b</run_address>
         <size>0x2ac</size>
         <input_file_ref idref="fl-e"/>
      </object_component>
      <object_component id="oc-2a5">
         <name>.debug_info</name>
         <load_address>0x9337</load_address>
         <run_address>0x9337</run_address>
         <size>0x2bc</size>
         <input_file_ref idref="fl-e"/>
      </object_component>
      <object_component id="oc-2ab">
         <name>.debug_info</name>
         <load_address>0x95f3</load_address>
         <run_address>0x95f3</run_address>
         <size>0x31f</size>
         <input_file_ref idref="fl-e"/>
      </object_component>
      <object_component id="oc-1cb">
         <name>.debug_info</name>
         <load_address>0x9912</load_address>
         <run_address>0x9912</run_address>
         <size>0x29b</size>
         <input_file_ref idref="fl-e"/>
      </object_component>
      <object_component id="oc-1dd">
         <name>.debug_info</name>
         <load_address>0x9bad</load_address>
         <run_address>0x9bad</run_address>
         <size>0x2c0</size>
         <input_file_ref idref="fl-e"/>
      </object_component>
      <object_component id="oc-1e3">
         <name>.debug_info</name>
         <load_address>0x9e6d</load_address>
         <run_address>0x9e6d</run_address>
         <size>0x2a5</size>
         <input_file_ref idref="fl-e"/>
      </object_component>
      <object_component id="oc-189">
         <name>.debug_info</name>
         <load_address>0xa112</load_address>
         <run_address>0xa112</run_address>
         <size>0x299</size>
         <input_file_ref idref="fl-e"/>
      </object_component>
      <object_component id="oc-23f">
         <name>.debug_info</name>
         <load_address>0xa3ab</load_address>
         <run_address>0xa3ab</run_address>
         <size>0x284</size>
         <input_file_ref idref="fl-e"/>
      </object_component>
      <object_component id="oc-1c5">
         <name>.debug_info</name>
         <load_address>0xa62f</load_address>
         <run_address>0xa62f</run_address>
         <size>0x289</size>
         <input_file_ref idref="fl-e"/>
      </object_component>
      <object_component id="oc-2a1">
         <name>.debug_info</name>
         <load_address>0xa8b8</load_address>
         <run_address>0xa8b8</run_address>
         <size>0x441</size>
         <input_file_ref idref="fl-10"/>
      </object_component>
      <object_component id="oc-2bb">
         <name>.debug_info</name>
         <load_address>0xacf9</load_address>
         <run_address>0xacf9</run_address>
         <size>0x156</size>
         <input_file_ref idref="fl-10"/>
      </object_component>
      <object_component id="oc-184">
         <name>.debug_info</name>
         <load_address>0xae4f</load_address>
         <run_address>0xae4f</run_address>
         <size>0x288</size>
         <input_file_ref idref="fl-10"/>
      </object_component>
      <object_component id="oc-17d">
         <name>.debug_info</name>
         <load_address>0xb0d7</load_address>
         <run_address>0xb0d7</run_address>
         <size>0x286</size>
         <input_file_ref idref="fl-10"/>
      </object_component>
      <object_component id="oc-177">
         <name>.debug_info</name>
         <load_address>0xb35d</load_address>
         <run_address>0xb35d</run_address>
         <size>0x2e4</size>
         <input_file_ref idref="fl-10"/>
      </object_component>
      <object_component id="oc-1b9">
         <name>.debug_info</name>
         <load_address>0xb641</load_address>
         <run_address>0xb641</run_address>
         <size>0x2be</size>
         <input_file_ref idref="fl-10"/>
      </object_component>
      <object_component id="oc-34a">
         <name>.debug_info</name>
         <load_address>0xb8ff</load_address>
         <run_address>0xb8ff</run_address>
         <size>0x51</size>
         <input_file_ref idref="fl-10"/>
      </object_component>
      <object_component id="oc-2bf">
         <name>.debug_info</name>
         <load_address>0xb950</load_address>
         <run_address>0xb950</run_address>
         <size>0x3cb</size>
         <input_file_ref idref="fl-11"/>
      </object_component>
      <object_component id="oc-1d7">
         <name>.debug_info</name>
         <load_address>0xbd1b</load_address>
         <run_address>0xbd1b</run_address>
         <size>0x250</size>
         <input_file_ref idref="fl-11"/>
      </object_component>
      <object_component id="oc-1bf">
         <name>.debug_info</name>
         <load_address>0xbf6b</load_address>
         <run_address>0xbf6b</run_address>
         <size>0x252</size>
         <input_file_ref idref="fl-11"/>
      </object_component>
      <object_component id="oc-1d1">
         <name>.debug_info</name>
         <load_address>0xc1bd</load_address>
         <run_address>0xc1bd</run_address>
         <size>0x32f</size>
         <input_file_ref idref="fl-11"/>
      </object_component>
      <object_component id="oc-310">
         <name>.debug_info</name>
         <load_address>0xc4ec</load_address>
         <run_address>0xc4ec</run_address>
         <size>0x27c</size>
         <input_file_ref idref="fl-11"/>
      </object_component>
      <object_component id="oc-25f">
         <name>.debug_info</name>
         <load_address>0xc768</load_address>
         <run_address>0xc768</run_address>
         <size>0x256</size>
         <input_file_ref idref="fl-11"/>
      </object_component>
      <object_component id="oc-a4">
         <name>.debug_info</name>
         <load_address>0xc9be</load_address>
         <run_address>0xc9be</run_address>
         <size>0x2d4</size>
         <input_file_ref idref="fl-c8"/>
      </object_component>
      <object_component id="oc-5d">
         <name>.debug_info</name>
         <load_address>0xcc92</load_address>
         <run_address>0xcc92</run_address>
         <size>0x1d2</size>
         <input_file_ref idref="fl-c8"/>
      </object_component>
      <object_component id="oc-9f">
         <name>.debug_info</name>
         <load_address>0xce64</load_address>
         <run_address>0xce64</run_address>
         <size>0x46</size>
         <input_file_ref idref="fl-c8"/>
      </object_component>
      <object_component id="oc-d0">
         <name>.debug_info</name>
         <load_address>0xceaa</load_address>
         <run_address>0xceaa</run_address>
         <size>0x2c</size>
         <input_file_ref idref="fl-c8"/>
      </object_component>
      <object_component id="oc-59">
         <name>.debug_info</name>
         <load_address>0xced6</load_address>
         <run_address>0xced6</run_address>
         <size>0x2a8</size>
         <input_file_ref idref="fl-c9"/>
      </object_component>
      <object_component id="oc-20">
         <name>.debug_info</name>
         <load_address>0xd17e</load_address>
         <run_address>0xd17e</run_address>
         <size>0x1ea</size>
         <input_file_ref idref="fl-c9"/>
      </object_component>
      <object_component id="oc-54">
         <name>.debug_info</name>
         <load_address>0xd368</load_address>
         <run_address>0xd368</run_address>
         <size>0x46</size>
         <input_file_ref idref="fl-c9"/>
      </object_component>
      <object_component id="oc-97">
         <name>.debug_info</name>
         <load_address>0xd3ae</load_address>
         <run_address>0xd3ae</run_address>
         <size>0x2c</size>
         <input_file_ref idref="fl-c9"/>
      </object_component>
      <object_component id="oc-95">
         <name>.debug_info</name>
         <load_address>0xd3da</load_address>
         <run_address>0xd3da</run_address>
         <size>0x29e</size>
         <input_file_ref idref="fl-ca"/>
      </object_component>
      <object_component id="oc-18">
         <name>.debug_info</name>
         <load_address>0xd678</load_address>
         <run_address>0xd678</run_address>
         <size>0x250</size>
         <input_file_ref idref="fl-ca"/>
      </object_component>
      <object_component id="oc-44">
         <name>.debug_info</name>
         <load_address>0xd8c8</load_address>
         <run_address>0xd8c8</run_address>
         <size>0x60</size>
         <input_file_ref idref="fl-ca"/>
      </object_component>
      <object_component id="oc-c9">
         <name>.debug_info</name>
         <load_address>0xd928</load_address>
         <run_address>0xd928</run_address>
         <size>0x46</size>
         <input_file_ref idref="fl-ca"/>
      </object_component>
      <object_component id="oc-90">
         <name>.debug_info</name>
         <load_address>0xd96e</load_address>
         <run_address>0xd96e</run_address>
         <size>0x39</size>
         <input_file_ref idref="fl-ca"/>
      </object_component>
      <object_component id="oc-25c">
         <name>.debug_info</name>
         <load_address>0xd9a7</load_address>
         <run_address>0xd9a7</run_address>
         <size>0x2ba</size>
         <input_file_ref idref="fl-cb"/>
      </object_component>
      <object_component id="oc-22d">
         <name>.debug_info</name>
         <load_address>0xdc61</load_address>
         <run_address>0xdc61</run_address>
         <size>0xfb</size>
         <input_file_ref idref="fl-cb"/>
      </object_component>
      <object_component id="oc-119">
         <name>.debug_info</name>
         <load_address>0xdd5c</load_address>
         <run_address>0xdd5c</run_address>
         <size>0x15d</size>
         <input_file_ref idref="fl-cb"/>
      </object_component>
      <object_component id="oc-f8">
         <name>.debug_info</name>
         <load_address>0xdeb9</load_address>
         <run_address>0xdeb9</run_address>
         <size>0x13d</size>
         <input_file_ref idref="fl-cb"/>
      </object_component>
      <object_component id="oc-26">
         <name>.debug_info</name>
         <load_address>0xdff6</load_address>
         <run_address>0xdff6</run_address>
         <size>0x10b</size>
         <input_file_ref idref="fl-cc"/>
      </object_component>
      <object_component id="oc-6f">
         <name>.debug_info</name>
         <load_address>0xe101</load_address>
         <run_address>0xe101</run_address>
         <size>0x1a9</size>
         <input_file_ref idref="fl-cc"/>
      </object_component>
      <object_component id="oc-4f">
         <name>.debug_info</name>
         <load_address>0xe2aa</load_address>
         <run_address>0xe2aa</run_address>
         <size>0x119</size>
         <input_file_ref idref="fl-cd"/>
      </object_component>
      <object_component id="oc-285">
         <name>.debug_info</name>
         <load_address>0xe3c3</load_address>
         <run_address>0xe3c3</run_address>
         <size>0x4b3</size>
         <input_file_ref idref="fl-cf"/>
      </object_component>
      <object_component id="oc-144">
         <name>.debug_info</name>
         <load_address>0xe876</load_address>
         <run_address>0xe876</run_address>
         <size>0x1a6</size>
         <input_file_ref idref="fl-cf"/>
      </object_component>
      <object_component id="oc-332">
         <name>.debug_info</name>
         <load_address>0xea1c</load_address>
         <run_address>0xea1c</run_address>
         <size>0x39</size>
         <input_file_ref idref="fl-cf"/>
      </object_component>
      <object_component id="oc-376">
         <name>.debug_info</name>
         <load_address>0xea55</load_address>
         <run_address>0xea55</run_address>
         <size>0x39</size>
         <input_file_ref idref="fl-cf"/>
      </object_component>
      <object_component id="oc-337">
         <name>.debug_info</name>
         <load_address>0xea8e</load_address>
         <run_address>0xea8e</run_address>
         <size>0x39</size>
         <input_file_ref idref="fl-cf"/>
      </object_component>
      <object_component id="oc-33c">
         <name>.debug_info</name>
         <load_address>0xeac7</load_address>
         <run_address>0xeac7</run_address>
         <size>0xcd</size>
         <input_file_ref idref="fl-cf"/>
      </object_component>
      <object_component id="oc-ac">
         <name>.debug_info</name>
         <load_address>0xeb94</load_address>
         <run_address>0xeb94</run_address>
         <size>0x153</size>
         <input_file_ref idref="fl-d0"/>
      </object_component>
      <object_component id="oc-138">
         <name>.debug_info</name>
         <load_address>0xece7</load_address>
         <run_address>0xece7</run_address>
         <size>0x122</size>
         <input_file_ref idref="fl-d2"/>
      </object_component>
      <object_component id="oc-2fd">
         <name>.debug_info</name>
         <load_address>0xee09</load_address>
         <run_address>0xee09</run_address>
         <size>0x2c9</size>
         <input_file_ref idref="fl-d3"/>
      </object_component>
      <object_component id="oc-22a">
         <name>.debug_info</name>
         <load_address>0xf0d2</load_address>
         <run_address>0xf0d2</run_address>
         <size>0x11e</size>
         <input_file_ref idref="fl-d3"/>
      </object_component>
      <object_component id="oc-2f9">
         <name>.debug_info</name>
         <load_address>0xf1f0</load_address>
         <run_address>0xf1f0</run_address>
         <size>0x12e</size>
         <input_file_ref idref="fl-d3"/>
      </object_component>
      <object_component id="oc-3bf">
         <name>.debug_info</name>
         <load_address>0xf31e</load_address>
         <run_address>0xf31e</run_address>
         <size>0xa1</size>
      </object_component>
      <object_component id="oc-175">
         <name>.debug_line</name>
         <load_address>0x0</load_address>
         <run_address>0x0</run_address>
         <size>0x20</size>
         <input_file_ref idref="fl-2"/>
      </object_component>
      <object_component id="oc-e0">
         <name>.debug_line</name>
         <load_address>0x20</load_address>
         <run_address>0x20</run_address>
         <size>0x4e</size>
         <input_file_ref idref="fl-2"/>
      </object_component>
      <object_component id="oc-89">
         <name>.debug_line</name>
         <load_address>0x6e</load_address>
         <run_address>0x6e</run_address>
         <size>0x6f</size>
         <input_file_ref idref="fl-2"/>
      </object_component>
      <object_component id="oc-4c">
         <name>.debug_line</name>
         <load_address>0xdd</load_address>
         <run_address>0xdd</run_address>
         <size>0x20</size>
         <input_file_ref idref="fl-2"/>
      </object_component>
      <object_component id="oc-c6">
         <name>.debug_line</name>
         <load_address>0xfd</load_address>
         <run_address>0xfd</run_address>
         <size>0x73</size>
         <input_file_ref idref="fl-2"/>
      </object_component>
      <object_component id="oc-8e">
         <name>.debug_line</name>
         <load_address>0x170</load_address>
         <run_address>0x170</run_address>
         <size>0x70</size>
         <input_file_ref idref="fl-2"/>
      </object_component>
      <object_component id="oc-2e8">
         <name>.debug_line</name>
         <load_address>0x1e0</load_address>
         <run_address>0x1e0</run_address>
         <size>0x2f</size>
         <input_file_ref idref="fl-3"/>
      </object_component>
      <object_component id="oc-2e6">
         <name>.debug_line</name>
         <load_address>0x20f</load_address>
         <run_address>0x20f</run_address>
         <size>0x2f</size>
         <input_file_ref idref="fl-3"/>
      </object_component>
      <object_component id="oc-38a">
         <name>.debug_line</name>
         <load_address>0x23e</load_address>
         <run_address>0x23e</run_address>
         <size>0x2f</size>
         <input_file_ref idref="fl-3"/>
      </object_component>
      <object_component id="oc-2e4">
         <name>.debug_line</name>
         <load_address>0x26d</load_address>
         <run_address>0x26d</run_address>
         <size>0x2f</size>
         <input_file_ref idref="fl-3"/>
      </object_component>
      <object_component id="oc-2dc">
         <name>.debug_line</name>
         <load_address>0x29c</load_address>
         <run_address>0x29c</run_address>
         <size>0x2f</size>
         <input_file_ref idref="fl-3"/>
      </object_component>
      <object_component id="oc-2e0">
         <name>.debug_line</name>
         <load_address>0x2cb</load_address>
         <run_address>0x2cb</run_address>
         <size>0x2f</size>
         <input_file_ref idref="fl-3"/>
      </object_component>
      <object_component id="oc-2de">
         <name>.debug_line</name>
         <load_address>0x2fa</load_address>
         <run_address>0x2fa</run_address>
         <size>0x2f</size>
         <input_file_ref idref="fl-3"/>
      </object_component>
      <object_component id="oc-2e2">
         <name>.debug_line</name>
         <load_address>0x329</load_address>
         <run_address>0x329</run_address>
         <size>0x2f</size>
         <input_file_ref idref="fl-3"/>
      </object_component>
      <object_component id="oc-1fe">
         <name>.debug_line</name>
         <load_address>0x358</load_address>
         <run_address>0x358</run_address>
         <size>0x4b</size>
         <input_file_ref idref="fl-3"/>
      </object_component>
      <object_component id="oc-204">
         <name>.debug_line</name>
         <load_address>0x3a3</load_address>
         <run_address>0x3a3</run_address>
         <size>0x48</size>
         <input_file_ref idref="fl-3"/>
      </object_component>
      <object_component id="oc-2f2">
         <name>.debug_line</name>
         <load_address>0x3eb</load_address>
         <run_address>0x3eb</run_address>
         <size>0x54</size>
         <input_file_ref idref="fl-3"/>
      </object_component>
      <object_component id="oc-226">
         <name>.debug_line</name>
         <load_address>0x43f</load_address>
         <run_address>0x43f</run_address>
         <size>0x6d</size>
         <input_file_ref idref="fl-3"/>
      </object_component>
      <object_component id="oc-386">
         <name>.debug_line</name>
         <load_address>0x4ac</load_address>
         <run_address>0x4ac</run_address>
         <size>0x45</size>
         <input_file_ref idref="fl-3"/>
      </object_component>
      <object_component id="oc-36f">
         <name>.debug_line</name>
         <load_address>0x4f1</load_address>
         <run_address>0x4f1</run_address>
         <size>0x4c</size>
         <input_file_ref idref="fl-3"/>
      </object_component>
      <object_component id="oc-320">
         <name>.debug_line</name>
         <load_address>0x53d</load_address>
         <run_address>0x53d</run_address>
         <size>0x93</size>
         <input_file_ref idref="fl-3"/>
      </object_component>
      <object_component id="oc-20a">
         <name>.debug_line</name>
         <load_address>0x5d0</load_address>
         <run_address>0x5d0</run_address>
         <size>0x46</size>
         <input_file_ref idref="fl-3"/>
      </object_component>
      <object_component id="oc-31a">
         <name>.debug_line</name>
         <load_address>0x616</load_address>
         <run_address>0x616</run_address>
         <size>0x44</size>
         <input_file_ref idref="fl-3"/>
      </object_component>
      <object_component id="oc-2d4">
         <name>.debug_line</name>
         <load_address>0x65a</load_address>
         <run_address>0x65a</run_address>
         <size>0x51</size>
         <input_file_ref idref="fl-3"/>
      </object_component>
      <object_component id="oc-1f8">
         <name>.debug_line</name>
         <load_address>0x6ab</load_address>
         <run_address>0x6ab</run_address>
         <size>0x5f</size>
         <input_file_ref idref="fl-3"/>
      </object_component>
      <object_component id="oc-1f2">
         <name>.debug_line</name>
         <load_address>0x70a</load_address>
         <run_address>0x70a</run_address>
         <size>0x78</size>
         <input_file_ref idref="fl-3"/>
      </object_component>
      <object_component id="oc-f5">
         <name>.debug_line</name>
         <load_address>0x782</load_address>
         <run_address>0x782</run_address>
         <size>0x44</size>
         <input_file_ref idref="fl-3"/>
      </object_component>
      <object_component id="oc-e9">
         <name>.debug_line</name>
         <load_address>0x7c6</load_address>
         <run_address>0x7c6</run_address>
         <size>0x5b</size>
         <input_file_ref idref="fl-3"/>
      </object_component>
      <object_component id="oc-234">
         <name>.debug_line</name>
         <load_address>0x821</load_address>
         <run_address>0x821</run_address>
         <size>0xbe</size>
         <input_file_ref idref="fl-3"/>
      </object_component>
      <object_component id="oc-2ec">
         <name>.debug_line</name>
         <load_address>0x8df</load_address>
         <run_address>0x8df</run_address>
         <size>0x6a</size>
         <input_file_ref idref="fl-3"/>
      </object_component>
      <object_component id="oc-2ce">
         <name>.debug_line</name>
         <load_address>0x949</load_address>
         <run_address>0x949</run_address>
         <size>0x2f</size>
         <input_file_ref idref="fl-3"/>
      </object_component>
      <object_component id="oc-2ca">
         <name>.debug_line</name>
         <load_address>0x978</load_address>
         <run_address>0x978</run_address>
         <size>0x171</size>
         <input_file_ref idref="fl-5"/>
      </object_component>
      <object_component id="oc-30b">
         <name>.debug_line</name>
         <load_address>0xae9</load_address>
         <run_address>0xae9</run_address>
         <size>0x32</size>
         <input_file_ref idref="fl-5"/>
      </object_component>
      <object_component id="oc-27c">
         <name>.debug_line</name>
         <load_address>0xb1b</load_address>
         <run_address>0xb1b</run_address>
         <size>0x32</size>
         <input_file_ref idref="fl-5"/>
      </object_component>
      <object_component id="oc-32b">
         <name>.debug_line</name>
         <load_address>0xb4d</load_address>
         <run_address>0xb4d</run_address>
         <size>0x32</size>
         <input_file_ref idref="fl-5"/>
      </object_component>
      <object_component id="oc-303">
         <name>.debug_line</name>
         <load_address>0xb7f</load_address>
         <run_address>0xb7f</run_address>
         <size>0x32</size>
         <input_file_ref idref="fl-5"/>
      </object_component>
      <object_component id="oc-305">
         <name>.debug_line</name>
         <load_address>0xbb1</load_address>
         <run_address>0xbb1</run_address>
         <size>0x32</size>
         <input_file_ref idref="fl-5"/>
      </object_component>
      <object_component id="oc-ef">
         <name>.debug_line</name>
         <load_address>0xbe3</load_address>
         <run_address>0xbe3</run_address>
         <size>0x54</size>
         <input_file_ref idref="fl-5"/>
      </object_component>
      <object_component id="oc-107">
         <name>.debug_line</name>
         <load_address>0xc37</load_address>
         <run_address>0xc37</run_address>
         <size>0x47</size>
         <input_file_ref idref="fl-5"/>
      </object_component>
      <object_component id="oc-11f">
         <name>.debug_line</name>
         <load_address>0xc7e</load_address>
         <run_address>0xc7e</run_address>
         <size>0xb7</size>
         <input_file_ref idref="fl-5"/>
      </object_component>
      <object_component id="oc-101">
         <name>.debug_line</name>
         <load_address>0xd35</load_address>
         <run_address>0xd35</run_address>
         <size>0x47</size>
         <input_file_ref idref="fl-5"/>
      </object_component>
      <object_component id="oc-26a">
         <name>.debug_line</name>
         <load_address>0xd7c</load_address>
         <run_address>0xd7c</run_address>
         <size>0x47</size>
         <input_file_ref idref="fl-5"/>
      </object_component>
      <object_component id="oc-270">
         <name>.debug_line</name>
         <load_address>0xdc3</load_address>
         <run_address>0xdc3</run_address>
         <size>0x150</size>
         <input_file_ref idref="fl-5"/>
      </object_component>
      <object_component id="oc-276">
         <name>.debug_line</name>
         <load_address>0xf13</load_address>
         <run_address>0xf13</run_address>
         <size>0x4a</size>
         <input_file_ref idref="fl-5"/>
      </object_component>
      <object_component id="oc-12c">
         <name>.debug_line</name>
         <load_address>0xf5d</load_address>
         <run_address>0xf5d</run_address>
         <size>0x291</size>
         <input_file_ref idref="fl-5"/>
      </object_component>
      <object_component id="oc-10e">
         <name>.debug_line</name>
         <load_address>0x11ee</load_address>
         <run_address>0x11ee</run_address>
         <size>0x54</size>
         <input_file_ref idref="fl-5"/>
      </object_component>
      <object_component id="oc-de">
         <name>.debug_line</name>
         <load_address>0x1242</load_address>
         <run_address>0x1242</run_address>
         <size>0xd7</size>
         <input_file_ref idref="fl-5"/>
      </object_component>
      <object_component id="oc-114">
         <name>.debug_line</name>
         <load_address>0x1319</load_address>
         <run_address>0x1319</run_address>
         <size>0x53</size>
         <input_file_ref idref="fl-5"/>
      </object_component>
      <object_component id="oc-126">
         <name>.debug_line</name>
         <load_address>0x136c</load_address>
         <run_address>0x136c</run_address>
         <size>0x58</size>
         <input_file_ref idref="fl-5"/>
      </object_component>
      <object_component id="oc-b6">
         <name>.debug_line</name>
         <load_address>0x13c4</load_address>
         <run_address>0x13c4</run_address>
         <size>0x65</size>
         <input_file_ref idref="fl-5"/>
      </object_component>
      <object_component id="oc-134">
         <name>.debug_line</name>
         <load_address>0x1429</load_address>
         <run_address>0x1429</run_address>
         <size>0x20</size>
         <input_file_ref idref="fl-5"/>
      </object_component>
      <object_component id="oc-85">
         <name>.debug_line</name>
         <load_address>0x1449</load_address>
         <run_address>0x1449</run_address>
         <size>0x34</size>
         <input_file_ref idref="fl-6"/>
      </object_component>
      <object_component id="oc-41">
         <name>.debug_line</name>
         <load_address>0x147d</load_address>
         <run_address>0x147d</run_address>
         <size>0x34</size>
         <input_file_ref idref="fl-6"/>
      </object_component>
      <object_component id="oc-29">
         <name>.debug_line</name>
         <load_address>0x14b1</load_address>
         <run_address>0x14b1</run_address>
         <size>0x46</size>
         <input_file_ref idref="fl-6"/>
      </object_component>
      <object_component id="oc-33">
         <name>.debug_line</name>
         <load_address>0x14f7</load_address>
         <run_address>0x14f7</run_address>
         <size>0x49</size>
         <input_file_ref idref="fl-6"/>
      </object_component>
      <object_component id="oc-3c">
         <name>.debug_line</name>
         <load_address>0x1540</load_address>
         <run_address>0x1540</run_address>
         <size>0x49</size>
[...]
            <load_size>0x8</load_size>
            <run_address>0x200002a4</run_address>
            <run_size>0xc</run_size>
            <compression>zero_init</compression>
         </cprec>
      </cptbl>
   </cptbl_list>
   <handler_table>
      <handler_table_name>__TI_handler_table</handler_table_name>
      <handler>
         <index>0x0</index>
         <name>__TI_decompress_lzss</name>
      </handler>
      <handler>
         <index>0x1</index>
         <name>__TI_decompress_none</name>
      </handler>
      <handler>
         <index>0x2</index>
         <name>__TI_zero_init</name>
      </handler>
   </handler_table>
   <symbol_table>
      <symbol id="sm-1">
         <name>__STACK_TOP</name>
         <value>0x20000200</value>
      </symbol>
      <symbol id="sm-2">
         <name>__start___llvm_prf_cnts</name>
         <value>0x20000000</value>
      </symbol>
      <symbol id="sm-3">
         <name>__stop___llvm_prf_cnts</name>
         <value>0x20000000</value>
      </symbol>
      <symbol id="sm-4">
         <name>__TI_CINIT_Base</name>
         <value>0x2840</value>
      </symbol>
      <symbol id="sm-5">
         <name>__TI_CINIT_Limit</name>
         <value>0x2850</value>
      </symbol>
      <symbol id="sm-6">
         <name>__TI_Handler_Table_Base</name>
         <value>0x2828</value>
      </symbol>
      <symbol id="sm-7">
         <name>__TI_Handler_Table_Limit</name>
         <value>0x2834</value>
      </symbol>
      <symbol id="sm-8">
         <name>binit</name>
         <value>0xffffffff</value>
      </symbol>
      <symbol id="sm-9">
         <name>__binit__</name>
         <value>0xffffffff</value>
      </symbol>
      <symbol id="sm-a">
         <name>__STACK_SIZE</name>
         <value>0x200</value>
      </symbol>
      <symbol id="sm-b">
         <name>__STACK_END</name>
         <value>0x20000200</value>
      </symbol>
      <symbol id="sm-c">
         <name>__c_args__</name>
         <value>0xffffffff</value>
      </symbol>
      <symbol id="sm-d">
         <name>__TI_pprof_out_hndl</name>
         <value>0xffffffff</value>
      </symbol>
      <symbol id="sm-e">
         <name>__TI_prof_data_start</name>
         <value>0xffffffff</value>
      </symbol>
      <symbol id="sm-f">
         <name>__TI_prof_data_size</name>
         <value>0xffffffff</value>
      </symbol>
      <symbol id="sm-4c">
         <name>PLL_Init</name>
         <value>0x1865</value>
         <object_component_ref idref="oc-df"/>
      </symbol>
      <symbol id="sm-16a">
         <name>ST7735_InitR</name>
         <value>0x1701</value>
         <object_component_ref idref="oc-e5"/>
      </symbol>
      <symbol id="sm-16b">
         <name>Delay1ms</name>
         <value>0x1d4d</value>
         <object_component_ref idref="oc-2d0"/>
      </symbol>
      <symbol id="sm-16c">
         <name>ST7735_Color565</name>
         <value>0x1e3f</value>
         <object_component_ref idref="oc-316"/>
      </symbol>
      <symbol id="sm-16d">
         <name>ST7735_DrawCharS</name>
         <value>0x1491</value>
         <object_component_ref idref="oc-31c"/>
      </symbol>
      <symbol id="sm-16e">
         <name>ST7735_FillScreen</name>
         <value>0x1cbd</value>
         <object_component_ref idref="oc-f1"/>
      </symbol>
      <symbol id="sm-16f">
         <name>ST7735_SetCursor</name>
         <value>0x1dd1</value>
         <object_component_ref idref="oc-206"/>
      </symbol>
      <symbol id="sm-170">
         <name>StTextColor</name>
         <value>0x20000288</value>
         <object_component_ref idref="oc-21b"/>
      </symbol>
      <symbol id="sm-171">
         <name>ST7735_DrawPixel</name>
         <value>0x1b0d</value>
         <object_component_ref idref="oc-36b"/>
      </symbol>
      <symbol id="sm-172">
         <name>StY</name>
         <value>0x20000284</value>
         <object_component_ref idref="oc-21b"/>
      </symbol>
      <symbol id="sm-173">
         <name>StX</name>
         <value>0x20000280</value>
         <object_component_ref idref="oc-21b"/>
      </symbol>
      <symbol id="sm-174">
         <name>lastj</name>
         <value>0x20000290</value>
         <object_component_ref idref="oc-21b"/>
      </symbol>
      <symbol id="sm-175">
         <name>ST7735_DrawBitmap</name>
         <value>0x10d1</value>
         <object_component_ref idref="oc-230"/>
      </symbol>
      <symbol id="sm-176">
         <name>ST7735_FillRect</name>
         <value>0x1681</value>
         <object_component_ref idref="oc-222"/>
      </symbol>
      <symbol id="sm-2c7">
         <name>clk</name>
         <value>0x200002ac</value>
      </symbol>
      <symbol id="sm-2c8">
         <name>baud</name>
         <value>0x200002a8</value>
      </symbol>
      <symbol id="sm-2c9">
         <name>playerTwo</name>
         <value>0x2000021c</value>
         <object_component_ref idref="oc-12d"/>
      </symbol>
      <symbol id="sm-2ca">
         <name>playerOne</name>
         <value>0x20000218</value>
         <object_component_ref idref="oc-12d"/>
      </symbol>
      <symbol id="sm-2cb">
         <name>adcSampleY</name>
         <value>0x1935</value>
         <object_component_ref idref="oc-10f"/>
      </symbol>
      <symbol id="sm-2cc">
         <name>iter</name>
         <value>0x20000250</value>
         <object_component_ref idref="oc-12d"/>
      </symbol>
      <symbol id="sm-2cd">
         <name>yfPaddle1</name>
         <value>0x2000022c</value>
         <object_component_ref idref="oc-12d"/>
      </symbol>
      <symbol id="sm-2ce">
         <name>yfPaddle2</name>
         <value>0x2000023c</value>
         <object_component_ref idref="oc-12d"/>
      </symbol>
      <symbol id="sm-2cf">
         <name>updateBallLocation</name>
         <value>0x88d</value>
         <object_component_ref idref="oc-127"/>
      </symbol>
      <symbol id="sm-2d0">
         <name>udDirection</name>
         <value>0x20000248</value>
         <object_component_ref idref="oc-12d"/>
      </symbol>
      <symbol id="sm-2d1">
         <name>updatePaddleLocation</name>
         <value>0x13bd</value>
         <object_component_ref idref="oc-11b"/>
      </symbol>
      <symbol id="sm-2d2">
         <name>yi</name>
         <value>0x20000204</value>
         <object_component_ref idref="oc-12d"/>
      </symbol>
      <symbol id="sm-2d3">
         <name>yf</name>
         <value>0x2000020c</value>
         <object_component_ref idref="oc-12d"/>
      </symbol>
      <symbol id="sm-2d4">
         <name>xi</name>
         <value>0x20000200</value>
         <object_component_ref idref="oc-12d"/>
      </symbol>
      <symbol id="sm-2d5">
         <name>xf</name>
         <value>0x20000208</value>
         <object_component_ref idref="oc-12d"/>
      </symbol>
      <symbol id="sm-2d6">
         <name>uin32ADC0Value</name>
         <value>0x20000260</value>
         <object_component_ref idref="oc-257"/>
      </symbol>
      <symbol id="sm-2d7">
         <name>paddle</name>
         <value>0x1e89</value>
         <object_component_ref idref="oc-103"/>
      </symbol>
      <symbol id="sm-2d8">
         <name>intializePorts</name>
         <value>0xba1</value>
         <object_component_ref idref="oc-d9"/>
      </symbol>
      <symbol id="sm-2d9">
         <name>yRead</name>
         <value>0x20000240</value>
         <object_component_ref idref="oc-12d"/>
      </symbol>
      <symbol id="sm-2da">
         <name>TX_BUFFER</name>
         <value>0x200002a0</value>
         <object_component_ref idref="oc-277"/>
      </symbol>
      <symbol id="sm-2db">
         <name>Paddle</name>
         <value>0x25c4</value>
         <object_component_ref idref="oc-23a"/>
      </symbol>
      <symbol id="sm-2dc">
         <name>displayScore</name>
         <value>0x26d</value>
         <object_component_ref idref="oc-26b"/>
      </symbol>
      <symbol id="sm-2dd">
         <name>UARTRx</name>
         <value>0x1b4d</value>
         <object_component_ref idref="oc-121"/>
      </symbol>
      <symbol id="sm-2de">
         <name>resetButton</name>
         <value>0x1545</value>
         <object_component_ref idref="oc-109"/>
      </symbol>
      <symbol id="sm-2df">
         <name>main</name>
         <value>0x11d1</value>
         <object_component_ref idref="oc-b1"/>
      </symbol>
      <symbol id="sm-2e0">
         <name>delayWait10ms</name>
         <value>0x1d6f</value>
         <object_component_ref idref="oc-eb"/>
      </symbol>
      <symbol id="sm-2e1">
         <name>yiPaddle1</name>
         <value>0x20000224</value>
         <object_component_ref idref="oc-12d"/>
      </symbol>
      <symbol id="sm-2e2">
         <name>iterChange</name>
         <value>0x20000254</value>
         <object_component_ref idref="oc-12d"/>
      </symbol>
      <symbol id="sm-2e3">
         <name>xfPaddle1</name>
         <value>0x20000228</value>
         <object_component_ref idref="oc-12d"/>
      </symbol>
      <symbol id="sm-2e4">
         <name>xfPaddle2</name>
         <value>0x20000238</value>
         <object_component_ref idref="oc-12d"/>
      </symbol>
      <symbol id="sm-2e5">
         <name>UARTTx</name>
         <value>0x1ef9</value>
         <object_component_ref idref="oc-265"/>
      </symbol>
      <symbol id="sm-2e6">
         <name>Circle_Dia_3</name>
         <value>0x24a4</value>
         <object_component_ref idref="oc-236"/>
      </symbol>
      <symbol id="sm-2e7">
         <name>CPU_FREQ</name>
         <value>0x2000025c</value>
         <object_component_ref idref="oc-12d"/>
      </symbol>
      <symbol id="sm-2e8">
         <name>dxPaddle1</name>
         <value>0x20000230</value>
         <object_component_ref idref="oc-12d"/>
      </symbol>
      <symbol id="sm-2e9">
         <name>dy</name>
         <value>0x20000214</value>
         <object_component_ref idref="oc-12d"/>
      </symbol>
      <symbol id="sm-2ea">
         <name>dx</name>
         <value>0x20000210</value>
         <object_component_ref idref="oc-12d"/>
      </symbol>
      <symbol id="sm-2eb">
         <name>PWM_FREQ</name>
         <value>0x20000258</value>
         <object_component_ref idref="oc-12d"/>
      </symbol>
      <symbol id="sm-2ec">
         <name>seedCount</name>
         <value>0x2000024c</value>
         <object_component_ref idref="oc-12d"/>
      </symbol>
      <symbol id="sm-2ed">
         <name>lrDirection</name>
         <value>0x20000244</value>
         <object_component_ref idref="oc-12d"/>
      </symbol>
      <symbol id="sm-2ee">
         <name>circle</name>
         <value>0x1e71</value>
         <object_component_ref idref="oc-fd"/>
      </symbol>
      <symbol id="sm-2ef">
         <name>buzzer</name>
         <value>0x1ce1</value>
         <object_component_ref idref="oc-271"/>
      </symbol>
      <symbol id="sm-2f0">
         <name>dyPaddle1</name>
         <value>0x20000234</value>
         <object_component_ref idref="oc-12d"/>
      </symbol>
      <symbol id="sm-2f1">
         <name>xiPaddle1</name>
         <value>0x20000220</value>
         <object_component_ref idref="oc-12d"/>
      </symbol>
      <symbol id="sm-322">
         <name>ResetISR</name>
         <value>0x1f95</value>
         <object_component_ref idref="oc-28"/>
      </symbol>
      <symbol id="sm-323">
         <name>g_pfnVectors</name>
         <value>0x0</value>
         <object_component_ref idref="oc-13"/>
      </symbol>
      <symbol id="sm-384">
         <name>ADCProcessorTrigger</name>
         <value>0x1e59</value>
         <object_component_ref idref="oc-245"/>
      </symbol>
      <symbol id="sm-385">
         <name>ADCSequenceEnable</name>
         <value>0x1f4f</value>
         <object_component_ref idref="oc-1a0"/>
      </symbol>
      <symbol id="sm-386">
         <name>ADCSequenceConfigure</name>
         <value>0x19e5</value>
         <object_component_ref idref="oc-194"/>
      </symbol>
      <symbol id="sm-387">
         <name>ADCSequenceStepConfigure</name>
         <value>0x177d</value>
         <object_component_ref idref="oc-19a"/>
      </symbol>
      <symbol id="sm-388">
         <name>ADCIntClear</name>
         <value>0x1f6b</value>
         <object_component_ref idref="oc-1a6"/>
      </symbol>
      <symbol id="sm-389">
         <name>ADCIntStatus</name>
         <value>0x1c61</value>
         <object_component_ref idref="oc-24b"/>
      </symbol>
      <symbol id="sm-38a">
         <name>ADCSequenceDisable</name>
         <value>0x1f41</value>
         <object_component_ref idref="oc-18e"/>
      </symbol>
      <symbol id="sm-38b">
         <name>ADCSequenceDataGet</name>
         <value>0x1db1</value>
         <object_component_ref idref="oc-251"/>
      </symbol>
      <symbol id="sm-3a1">
         <name>FPULazyStackingEnable</name>
         <value>0x1f31</value>
         <object_component_ref idref="oc-1ac"/>
      </symbol>
      <symbol id="sm-3a2">
         <name>FPUEnable</name>
         <value>0x1f21</value>
         <object_component_ref idref="oc-1b2"/>
      </symbol>
      <symbol id="sm-404">
         <name>GPIOPinConfigure</name>
         <value>0x1a35</value>
         <object_component_ref idref="oc-1c4"/>
      </symbol>
      <symbol id="sm-405">
         <name>GPIOPinTypeADC</name>
         <value>0x1ea1</value>
         <object_component_ref idref="oc-188"/>
      </symbol>
      <symbol id="sm-406">
         <name>GPIOPinTypeGPIOInput</name>
         <value>0x1eb7</value>
         <object_component_ref idref="oc-1e2"/>
      </symbol>
      <symbol id="sm-407">
         <name>GPIOPinTypeUART</name>
         <value>0x1ecd</value>
         <object_component_ref idref="oc-1ca"/>
      </symbol>
      <symbol id="sm-408">
         <name>GPIOPinTypeGPIOOutput</name>
         <value>0x1e25</value>
         <object_component_ref idref="oc-1dc"/>
      </symbol>
      <symbol id="sm-409">
         <name>GPIOPinRead</name>
         <value>0x1f89</value>
         <object_component_ref idref="oc-23e"/>
      </symbol>
      <symbol id="sm-40a">
         <name>GPIODirModeSet</name>
         <value>0x1c8f</value>
         <object_component_ref idref="oc-2a4"/>
      </symbol>
      <symbol id="sm-40b">
         <name>GPIOPinWrite</name>
         <value>0x1f8f</value>
         <object_component_ref idref="oc-323"/>
      </symbol>
      <symbol id="sm-40c">
         <name>GPIOPadConfigSet</name>
         <value>0xd11</value>
         <object_component_ref idref="oc-2aa"/>
      </symbol>
      <symbol id="sm-46b">
         <name>SysCtlClockSet</name>
         <value>0x12c9</value>
         <object_component_ref idref="oc-176"/>
      </symbol>
      <symbol id="sm-46c">
         <name>SysCtlDelay</name>
         <value>0x1f9b</value>
         <object_component_ref idref="oc-29a"/>
      </symbol>
      <symbol id="sm-46d">
         <name>SysCtlPeripheralEnable</name>
         <value>0x1bc5</value>
         <object_component_ref idref="oc-17c"/>
      </symbol>
      <symbol id="sm-46e">
         <name>SysCtlClockGet</name>
         <value>0xfb9</value>
         <object_component_ref idref="oc-1b8"/>
      </symbol>
      <symbol id="sm-46f">
         <name>SysCtlPeripheralReady</name>
         <value>0x1b8d</value>
         <object_component_ref idref="oc-182"/>
      </symbol>
      <symbol id="sm-4a2">
         <name>UARTConfigSetExpClk</name>
         <value>0x1a81</value>
         <object_component_ref idref="oc-1d0"/>
      </symbol>
      <symbol id="sm-4a3">
         <name>UARTDisable</name>
         <value>0x1d91</value>
         <object_component_ref idref="oc-1be"/>
      </symbol>
      <symbol id="sm-4a4">
         <name>UARTCharPut</name>
         <value>0x1f7f</value>
         <object_component_ref idref="oc-30f"/>
      </symbol>
      <symbol id="sm-4a5">
         <name>UARTEnable</name>
         <value>0x1ee3</value>
         <object_component_ref idref="oc-1d6"/>
      </symbol>
      <symbol id="sm-4a6">
         <name>UARTCharGet</name>
         <value>0x1f75</value>
         <object_component_ref idref="oc-25e"/>
      </symbol>
      <symbol id="sm-4c0">
         <name>__TI_zero_init_nomemset</name>
         <value>0x1ded</value>
         <object_component_ref idref="oc-5a"/>
      </symbol>
      <symbol id="sm-4d7">
         <name>__TI_decompress_none</name>
         <value>0x1f5d</value>
         <object_component_ref idref="oc-1c"/>
      </symbol>
      <symbol id="sm-4fa">
         <name>__TI_decompress_lzss</name>
         <value>0x18cd</value>
         <object_component_ref idref="oc-16"/>
      </symbol>
      <symbol id="sm-51f">
         <name>rand</name>
         <value>0x1c2d</value>
         <object_component_ref idref="oc-f7"/>
      </symbol>
      <symbol id="sm-520">
         <name>srand</name>
         <value>0x1d05</value>
         <object_component_ref idref="oc-115"/>
      </symbol>
      <symbol id="sm-533">
         <name>__stack</name>
         <value>0x20000000</value>
         <object_component_ref idref="oc-25"/>
      </symbol>
      <symbol id="sm-534">
         <name>_c_int00_noargs</name>
         <value>0x1bf9</value>
         <object_component_ref idref="oc-6c"/>
      </symbol>
      <symbol id="sm-54f">
         <name>memcpy</name>
         <value>0x15e5</value>
         <object_component_ref idref="oc-4e"/>
      </symbol>
      <symbol id="sm-550">
         <name>__aeabi_memcpy</name>
         <value>0x15e5</value>
         <object_component_ref idref="oc-4e"/>
      </symbol>
      <symbol id="sm-551">
         <name>__aeabi_memcpy8</name>
         <value>0x15e5</value>
         <object_component_ref idref="oc-4e"/>
      </symbol>
      <symbol id="sm-552">
         <name>__aeabi_memcpy4</name>
         <value>0x15e5</value>
         <object_component_ref idref="oc-4e"/>
      </symbol>
      <symbol id="sm-57b">
         <name>__TI_auto_init_nobinit_nopinit</name>
         <value>0x1ac9</value>
         <object_component_ref idref="oc-142"/>
      </symbol>
      <symbol id="sm-585">
         <name>_system_pre_init</name>
         <value>0x1fa1</value>
         <object_component_ref idref="oc-ab"/>
      </symbol>
      <symbol id="sm-591">
         <name>C$$EXIT</name>
         <value>0x1fa5</value>
         <object_component_ref idref="oc-136"/>
      </symbol>
      <symbol id="sm-592">
         <name>abort</name>
         <value>0x1fa5</value>
         <object_component_ref idref="oc-136"/>
      </symbol>
      <symbol id="sm-5a7">
         <name>_nop</name>
         <value>0x1ac7</value>
         <object_component_ref idref="oc-2f5"/>
      </symbol>
      <symbol id="sm-5a8">
         <name>_lock</name>
         <value>0x20000294</value>
         <object_component_ref idref="oc-229"/>
      </symbol>
      <symbol id="sm-5a9">
         <name>_unlock</name>
         <value>0x20000298</value>
         <object_component_ref idref="oc-229"/>
      </symbol>
      <symbol id="sm-5ab">
         <name>__TI_static_base__</name>
         <value>0x0</value>
      </symbol>
      <symbol id="sm-5ae">
         <name>__mpu_init</name>
         <value>0x0</value>
      </symbol>
      <symbol id="sm-5af">
         <name>_system_post_cinit</name>
         <value>0x0</value>
      </symbol>
   </symbol_table>
   <title>Link successful</title>
</link_info>
