******************************************************************************
                  MSP430 Linker PC v20.2.2                     
******************************************************************************
>> Linked Fri Sep 24 13:22:40 2021

OUTPUT FILE NAME:   <ecgr_5101_lab_03.out>
ENTRY POINT SYMBOL: "_c_int00_noinit_noargs"  address: 0000d0f4


MEMORY CONFIGURATION

         name            origin    length      used     unused   attr    fill
----------------------  --------  ---------  --------  --------  ----  --------
  SFR                   00000000   00000010  00000000  00000010  RWIX
  PERIPHERALS_8BIT      00000010   000000f0  00000000  000000f0  RWIX
  PERIPHERALS_16BIT     00000100   00000100  00000000  00000100  RWIX
  RAM                   00000200   00000200  00000050  000001b0  RWIX
  INFOD                 00001000   00000040  00000000  00000040  RWIX
  INFOC                 00001040   00000040  00000000  00000040  RWIX
  INFOB                 00001080   00000040  00000000  00000040  RWIX
  INFOA                 000010c0   00000040  00000000  00000040  RWIX
  FLASH                 0000c000   00003fde  000011f4  00002dea  RWIX
  BSLSIGNATURE          0000ffde   00000002  00000002  00000000  RWIX  ffff 
  INT00                 0000ffe0   00000002  00000002  00000000  RWIX
  INT01                 0000ffe2   00000002  00000000  00000002  RWIX
  INT02                 0000ffe4   00000002  00000002  00000000  RWIX
  INT03                 0000ffe6   00000002  00000002  00000000  RWIX
  INT04                 0000ffe8   00000002  00000000  00000002  RWIX
  INT05                 0000ffea   00000002  00000002  00000000  RWIX
  INT06                 0000ffec   00000002  00000002  00000000  RWIX
  INT07                 0000ffee   00000002  00000002  00000000  RWIX
  INT08                 0000fff0   00000002  00000002  00000000  RWIX
  INT09                 0000fff2   00000002  00000002  00000000  RWIX
  INT10                 0000fff4   00000002  00000002  00000000  RWIX
  INT11                 0000fff6   00000002  00000002  00000000  RWIX
  INT12                 0000fff8   00000002  00000002  00000000  RWIX
  INT13                 0000fffa   00000002  00000002  00000000  RWIX
  INT14                 0000fffc   00000002  00000002  00000000  RWIX
  RESET                 0000fffe   00000002  00000002  00000000  RWIX


SECTION ALLOCATION MAP

 output                                  attributes/
section   page    origin      length       input sections
--------  ----  ----------  ----------   ----------------
.stack     0    000003b0    00000050     UNINITIALIZED
                  000003b0    00000002     rts430_eabi.lib : boot.c.obj (.stack)
                  000003b2    0000004e     --HOLE--

.text      0    0000c000    000011da     
                  0000c000    00000478     rts430_eabi.lib : frcdivd.c.obj (.text:__TI_frcdivd)
                  0000c478    00000286                     : frcmpyd.c.obj (.text:__TI_frcmpyd)
                  0000c6fe    0000026e                     : mpyd.c.obj (.text:__mspabi_mpyd)
                  0000c96c    00000238                     : divd.c.obj (.text:__mspabi_divd)
                  0000cba4    0000008c                     : cvtdf.c.obj (.text:__mspabi_cvtdf)
                  0000cc30    00000082     main.obj (.text:main)
                  0000ccb2    00000072     rts430_eabi.lib : fixdli.c.obj (.text:__mspabi_fixdli)
                  0000cd24    00000070                     : cvtfd.c.obj (.text:__mspabi_cvtfd)
                  0000cd94    0000006e     main.obj (.text:readADC)
                  0000ce02    00000066     main.obj (.text:displayValue)
                  0000ce68    0000005c     rts430_eabi.lib : lsr32.asm.obj (.text:l_lsr_const)
                  0000cec4    0000004c                     : lsr16.asm.obj (.text)
                  0000cf10    0000003e                     : asr32.asm.obj (.text:l_asr_const)
                  0000cf4e    0000003e                     : lsl32.asm.obj (.text:l_lsl_const)
                  0000cf8c    0000002c                     : asr16.asm.obj (.text)
                  0000cfb8    0000002c                     : lsl16.asm.obj (.text)
                  0000cfe4    0000002a     UART.obj (.text:uartPinInit)
                  0000d00e    00000028     rts430_eabi.lib : fixdi.c.obj (.text:__mspabi_fixdi)
                  0000d036    00000026     main.obj (.text:initializePorts)
                  0000d05c    00000026     rts430_eabi.lib : mult32.asm.obj (.text)
                  0000d082    00000024                     : fs_utof.asm.obj (.text)
                  0000d0a6    0000001e     UART.obj (.text:uartConfigureCR)
                  0000d0c4    0000001a     UART.obj (.text:uartInit)
                  0000d0de    00000016     DOUT.obj (.text:gpioSetVal)
                  0000d0f4    00000014     rts430_eabi.lib : boot.c.obj (.text:_c_int00_noinit_noargs)
                  0000d108    00000014                     : mult16.asm.obj (.text)
                  0000d11c    00000012     DIN.obj (.text:gpioSetIP)
                  0000d12e    00000012     rts430_eabi.lib : lsr32.asm.obj (.text:l_lsr)
                  0000d140    00000010     DIN.obj (.text:gpioGetVal)
                  0000d150    00000010     rts430_eabi.lib : epilog.asm.obj (.text)
                  0000d160    0000000e     DOUT.obj (.text:gpioSetOP)
                  0000d16e    0000000c     common.obj (.text:pinClearSEL)
                  0000d17a    0000000c     DIN.obj (.text:pinSetIP)
                  0000d186    0000000c     DOUT.obj (.text:pinSetOP)
                  0000d192    0000000c     common.obj (.text:pinSetSEL)
                  0000d19e    0000000a     UART.obj (.text:uartReceiveChar)
                  0000d1a8    0000000a     UART.obj (.text:uartTransmitChar)
                  0000d1b2    00000008     rts430_eabi.lib : isr_trap.asm.obj (.text:_isr:__TI_ISR_TRAP)
                  0000d1ba    00000008     UART.obj (.text:uartCheckRxReady)
                  0000d1c2    00000008     UART.obj (.text:uartCheckTxReady)
                  0000d1ca    00000006     rts430_eabi.lib : exit.c.obj (.text:abort)
                  0000d1d0    00000006     common.obj (.text:pinSetSEL2)
                  0000d1d6    00000004     rts430_eabi.lib : pre_init.c.obj (.text:_system_pre_init)

.cinit     0    0000c000    00000000     UNINITIALIZED

.const     0    0000d1da    0000001a     
                  0000d1da    00000006     DIN.obj (.const:GPIO_PORT_ADD_TABLE)
                  0000d1e0    00000006     DOUT.obj (.const:GPIO_PORT_ADD_TABLE)
                  0000d1e6    00000006     common.obj (.const:GPIO_PORT_ADD_TABLE)
                  0000d1ec    00000004     UART.obj (.const:RX)
                  0000d1f0    00000004     UART.obj (.const:TX)

.binit     0    0000c000    00000000     

.init_array 
*          0    0000c000    00000000     UNINITIALIZED

TRAPINT    0    0000ffe0    00000002     
                  0000ffe0    00000002     rts430_eabi.lib : int00.asm.obj (.int00)

PORT1      0    0000ffe4    00000002     
                  0000ffe4    00000002     rts430_eabi.lib : int02.asm.obj (.int02)

PORT2      0    0000ffe6    00000002     
                  0000ffe6    00000002     rts430_eabi.lib : int03.asm.obj (.int03)

ADC10      0    0000ffea    00000002     
                  0000ffea    00000002     rts430_eabi.lib : int05.asm.obj (.int05)

USCIAB0TX 
*          0    0000ffec    00000002     
                  0000ffec    00000002     rts430_eabi.lib : int06.asm.obj (.int06)

USCIAB0RX 
*          0    0000ffee    00000002     
                  0000ffee    00000002     rts430_eabi.lib : int07.asm.obj (.int07)

TIMER0_A1 
*          0    0000fff0    00000002     
                  0000fff0    00000002     rts430_eabi.lib : int08.asm.obj (.int08)

TIMER0_A0 
*          0    0000fff2    00000002     
                  0000fff2    00000002     rts430_eabi.lib : int09.asm.obj (.int09)

WDT        0    0000fff4    00000002     
                  0000fff4    00000002     rts430_eabi.lib : int10.asm.obj (.int10)

COMPARATORA 
*          0    0000fff6    00000002     
                  0000fff6    00000002     rts430_eabi.lib : int11.asm.obj (.int11)

TIMER1_A1 
*          0    0000fff8    00000002     
                  0000fff8    00000002     rts430_eabi.lib : int12.asm.obj (.int12)

TIMER1_A0 
*          0    0000fffa    00000002     
                  0000fffa    00000002     rts430_eabi.lib : int13.asm.obj (.int13)

NMI        0    0000fffc    00000002     
                  0000fffc    00000002     rts430_eabi.lib : int14.asm.obj (.int14)

.reset     0    0000fffe    00000002     
                  0000fffe    00000002     rts430_eabi.lib : boot.c.obj (.reset)

$fill000   0    0000ffde    00000002     
                  0000ffde    00000002     --HOLE-- [fill = ffff]

MODULE SUMMARY

       Module             code   ro data   rw data
       ------             ----   -------   -------
    .\
       main.obj           380    0         0      
       UART.obj           134    8         0      
       DOUT.obj           48     6         0      
       DIN.obj            46     6         0      
       common.obj         30     6         0      
    +--+------------------+------+---------+---------+
       Total:             638    26        0      
                                                  
    C:\ti\ccs1020\ccs\tools\compiler\ti-cgt-msp430_20.2.2.LTS\lib\rts430_eabi.lib
       frcdivd.c.obj      1144   0         0      
       frcmpyd.c.obj      646    0         0      
       mpyd.c.obj         622    0         0      
       divd.c.obj         568    0         0      
       cvtdf.c.obj        140    0         0      
       fixdli.c.obj       114    0         0      
       cvtfd.c.obj        112    0         0      
       lsr32.asm.obj      110    0         0      
       lsr16.asm.obj      76     0         0      
       asr32.asm.obj      62     0         0      
       lsl32.asm.obj      62     0         0      
       asr16.asm.obj      44     0         0      
       lsl16.asm.obj      44     0         0      
       fixdi.c.obj        40     0         0      
       mult32.asm.obj     38     0         0      
       fs_utof.asm.obj    36     0         0      
       boot.c.obj         20     2         0      
       mult16.asm.obj     20     0         0      
       epilog.asm.obj     16     0         0      
       isr_trap.asm.obj   8      0         0      
       exit.c.obj         6      0         0      
       pre_init.c.obj     4      0         0      
       int00.asm.obj      0      2         0      
       int02.asm.obj      0      2         0      
       int03.asm.obj      0      2         0      
       int05.asm.obj      0      2         0      
       int06.asm.obj      0      2         0      
       int07.asm.obj      0      2         0      
       int08.asm.obj      0      2         0      
       int09.asm.obj      0      2         0      
       int10.asm.obj      0      2         0      
       int11.asm.obj      0      2         0      
       int12.asm.obj      0      2         0      
       int13.asm.obj      0      2         0      
       int14.asm.obj      0      2         0      
    +--+------------------+------+---------+---------+
       Total:             3932   28        0      
                                                  
       Stack:             0      0         80     
    +--+------------------+------+---------+---------+
       Grand Total:       4570   54        80     


GLOBAL SYMBOLS: SORTED ALPHABETICALLY BY Name 

address   name                  
-------   ----                  
0000004a  ADC10AE0              
000001b0  ADC10CTL0             
000001b2  ADC10CTL1             
00000048  ADC10DTC0             
00000049  ADC10DTC1             
000001b4  ADC10MEM              
000001bc  ADC10SA               
00000057  BCSCTL1               
00000058  BCSCTL2               
00000053  BCSCTL3               
0000d1ca  C$$EXIT               
00000059  CACTL1                
0000005a  CACTL2                
000010fb  CALBC1_12MHZ          
000010f9  CALBC1_16MHZ          
000010ff  CALBC1_1MHZ           
000010fd  CALBC1_8MHZ           
000010fa  CALDCO_12MHZ          
000010f8  CALDCO_16MHZ          
000010fe  CALDCO_1MHZ           
000010fc  CALDCO_8MHZ           
0000005b  CAPD                  
00000056  DCOCTL                
00000128  FCTL1                 
0000012a  FCTL2                 
0000012c  FCTL3                 
00000000  IE1                   
00000001  IE2                   
00000002  IFG1                  
00000003  IFG2                  
00000022  P1DIR                 
00000025  P1IE                  
00000024  P1IES                 
00000023  P1IFG                 
00000020  P1IN                  
00000021  P1OUT                 
00000027  P1REN                 
00000026  P1SEL                 
00000041  P1SEL2                
0000002a  P2DIR                 
0000002d  P2IE                  
0000002c  P2IES                 
0000002b  P2IFG                 
00000028  P2IN                  
00000029  P2OUT                 
0000002f  P2REN                 
0000002e  P2SEL                 
00000042  P2SEL2                
0000001a  P3DIR                 
00000018  P3IN                  
00000019  P3OUT                 
00000010  P3REN                 
0000001b  P3SEL                 
00000043  P3SEL2                
0000d1ec  RX                    
00000172  TA0CCR0               
00000174  TA0CCR1               
00000176  TA0CCR2               
00000162  TA0CCTL0              
00000164  TA0CCTL1              
00000166  TA0CCTL2              
00000160  TA0CTL                
0000012e  TA0IV                 
00000170  TA0R                  
00000192  TA1CCR0               
00000194  TA1CCR1               
00000196  TA1CCR2               
00000182  TA1CCTL0              
00000184  TA1CCTL1              
00000186  TA1CCTL2              
00000180  TA1CTL                
0000011e  TA1IV                 
00000190  TA1R                  
000010db  TLV_ADC10_1_LEN       
000010da  TLV_ADC10_1_TAG       
000010c0  TLV_CHECKSUM          
000010f7  TLV_DCO_30_LEN        
000010f6  TLV_DCO_30_TAG        
0000d1f0  TX                    
0000005d  UCA0ABCTL             
00000062  UCA0BR0               
00000063  UCA0BR1               
00000060  UCA0CTL0              
00000061  UCA0CTL1              
0000005f  UCA0IRRCTL            
0000005e  UCA0IRTCTL            
00000064  UCA0MCTL              
00000066  UCA0RXBUF             
00000065  UCA0STAT              
00000067  UCA0TXBUF             
0000006a  UCB0BR0               
0000006b  UCB0BR1               
00000068  UCB0CTL0              
00000069  UCB0CTL1              
0000006c  UCB0I2CIE             
00000118  UCB0I2COA             
0000011a  UCB0I2CSA             
0000006e  UCB0RXBUF             
0000006d  UCB0STAT              
0000006f  UCB0TXBUF             
00000120  WDTCTL                
00000400  __STACK_END           
00000050  __STACK_SIZE          
0000d1b2  __TI_ISR_TRAP         
0000c000  __TI_frcdivd          
0000c478  __TI_frcmpyd          
0000ffe0  __TI_int00            
0000ffe4  __TI_int02            
0000ffe6  __TI_int03            
0000ffea  __TI_int05            
0000ffec  __TI_int06            
0000ffee  __TI_int07            
0000fff0  __TI_int08            
0000fff2  __TI_int09            
0000fff4  __TI_int10            
0000fff6  __TI_int11            
0000fff8  __TI_int12            
0000fffa  __TI_int13            
0000fffc  __TI_int14            
ffffffff  __TI_pprof_out_hndl   
ffffffff  __TI_prof_data_size   
ffffffff  __TI_prof_data_start  
ffffffff  __c_args__            
0000cba4  __mspabi_cvtdf        
0000cd24  __mspabi_cvtfd        
0000c96c  __mspabi_divd         
0000d00e  __mspabi_fixdi        
0000ccb2  __mspabi_fixdli       
0000d082  __mspabi_fltuf        
0000d15c  __mspabi_func_epilog_1
0000d15a  __mspabi_func_epilog_2
0000d158  __mspabi_func_epilog_3
0000d156  __mspabi_func_epilog_4
0000d154  __mspabi_func_epilog_5
0000d152  __mspabi_func_epilog_6
0000d150  __mspabi_func_epilog_7
0000c6fe  __mspabi_mpyd         
0000d108  __mspabi_mpyi         
0000d108  __mspabi_mpyi_sw      
0000d05c  __mspabi_mpyl         
0000d05c  __mspabi_mpyl_sw      
0000cfb8  __mspabi_slli         
0000cfe0  __mspabi_slli_1       
0000cfce  __mspabi_slli_10      
0000cfcc  __mspabi_slli_11      
0000cfca  __mspabi_slli_12      
0000cfc8  __mspabi_slli_13      
0000cfc6  __mspabi_slli_14      
0000cfc4  __mspabi_slli_15      
0000cfde  __mspabi_slli_2       
0000cfdc  __mspabi_slli_3       
0000cfda  __mspabi_slli_4       
0000cfd8  __mspabi_slli_5       
0000cfd6  __mspabi_slli_6       
0000cfd4  __mspabi_slli_7       
0000cfd2  __mspabi_slli_8       
0000cfd0  __mspabi_slli_9       
0000cf86  __mspabi_slll_1       
0000cf62  __mspabi_slll_10      
0000cf5e  __mspabi_slll_11      
0000cf5a  __mspabi_slll_12      
0000cf56  __mspabi_slll_13      
0000cf52  __mspabi_slll_14      
0000cf4e  __mspabi_slll_15      
0000cf82  __mspabi_slll_2       
0000cf7e  __mspabi_slll_3       
0000cf7a  __mspabi_slll_4       
0000cf76  __mspabi_slll_5       
0000cf72  __mspabi_slll_6       
0000cf6e  __mspabi_slll_7       
0000cf6a  __mspabi_slll_8       
0000cf66  __mspabi_slll_9       
0000cf8c  __mspabi_srai         
0000cfb4  __mspabi_srai_1       
0000cfa2  __mspabi_srai_10      
0000cfa0  __mspabi_srai_11      
0000cf9e  __mspabi_srai_12      
0000cf9c  __mspabi_srai_13      
0000cf9a  __mspabi_srai_14      
0000cf98  __mspabi_srai_15      
0000cfb2  __mspabi_srai_2       
0000cfb0  __mspabi_srai_3       
0000cfae  __mspabi_srai_4       
0000cfac  __mspabi_srai_5       
0000cfaa  __mspabi_srai_6       
0000cfa8  __mspabi_srai_7       
0000cfa6  __mspabi_srai_8       
0000cfa4  __mspabi_srai_9       
0000cf48  __mspabi_sral_1       
0000cf24  __mspabi_sral_10      
0000cf20  __mspabi_sral_11      
0000cf1c  __mspabi_sral_12      
0000cf18  __mspabi_sral_13      
0000cf14  __mspabi_sral_14      
0000cf10  __mspabi_sral_15      
0000cf44  __mspabi_sral_2       
0000cf40  __mspabi_sral_3       
0000cf3c  __mspabi_sral_4       
0000cf38  __mspabi_sral_5       
0000cf34  __mspabi_sral_6       
0000cf30  __mspabi_sral_7       
0000cf2c  __mspabi_sral_8       
0000cf28  __mspabi_sral_9       
0000cec4  __mspabi_srli         
0000cf0a  __mspabi_srli_1       
0000cee6  __mspabi_srli_10      
0000cee2  __mspabi_srli_11      
0000cede  __mspabi_srli_12      
0000ceda  __mspabi_srli_13      
0000ced6  __mspabi_srli_14      
0000ced2  __mspabi_srli_15      
0000cf06  __mspabi_srli_2       
0000cf02  __mspabi_srli_3       
0000cefe  __mspabi_srli_4       
0000cefa  __mspabi_srli_5       
0000cef6  __mspabi_srli_6       
0000cef2  __mspabi_srli_7       
0000ceee  __mspabi_srli_8       
0000ceea  __mspabi_srli_9       
0000d12e  __mspabi_srll         
0000cebc  __mspabi_srll_1       
0000ce86  __mspabi_srll_10      
0000ce80  __mspabi_srll_11      
0000ce7a  __mspabi_srll_12      
0000ce74  __mspabi_srll_13      
0000ce6e  __mspabi_srll_14      
0000ce68  __mspabi_srll_15      
0000ceb6  __mspabi_srll_2       
0000ceb0  __mspabi_srll_3       
0000ceaa  __mspabi_srll_4       
0000cea4  __mspabi_srll_5       
0000ce9e  __mspabi_srll_6       
0000ce98  __mspabi_srll_7       
0000ce92  __mspabi_srll_8       
0000ce8c  __mspabi_srll_9       
0000d0f4  _c_int00_noinit_noargs
0000fffe  _reset_vector         
000003b0  _stack                
0000d1d6  _system_pre_init      
0000d1ca  abort                 
0000ce02  displayValue          
0000d140  gpioGetVal            
0000d11c  gpioSetIP             
0000d160  gpioSetOP             
0000d0de  gpioSetVal            
0000d036  initializePorts       
0000cc30  main                  
0000d16e  pinClearSEL           
0000d17a  pinSetIP              
0000d186  pinSetOP              
0000d192  pinSetSEL             
0000d1d0  pinSetSEL2            
0000cd94  readADC               
0000d1ba  uartCheckRxReady      
0000d1c2  uartCheckTxReady      
0000d0a6  uartConfigureCR       
0000d0c4  uartInit              
0000cfe4  uartPinInit           
0000d19e  uartReceiveChar       
0000d1a8  uartTransmitChar      


GLOBAL SYMBOLS: SORTED BY Symbol Address 

address   name                  
-------   ----                  
00000000  IE1                   
00000001  IE2                   
00000002  IFG1                  
00000003  IFG2                  
00000010  P3REN                 
00000018  P3IN                  
00000019  P3OUT                 
0000001a  P3DIR                 
0000001b  P3SEL                 
00000020  P1IN                  
00000021  P1OUT                 
00000022  P1DIR                 
00000023  P1IFG                 
00000024  P1IES                 
00000025  P1IE                  
00000026  P1SEL                 
00000027  P1REN                 
00000028  P2IN                  
00000029  P2OUT                 
0000002a  P2DIR                 
0000002b  P2IFG                 
0000002c  P2IES                 
0000002d  P2IE                  
0000002e  P2SEL                 
0000002f  P2REN                 
00000041  P1SEL2                
00000042  P2SEL2                
00000043  P3SEL2                
00000048  ADC10DTC0             
00000049  ADC10DTC1             
0000004a  ADC10AE0              
00000050  __STACK_SIZE          
00000053  BCSCTL3               
00000056  DCOCTL                
00000057  BCSCTL1               
00000058  BCSCTL2               
00000059  CACTL1                
0000005a  CACTL2                
0000005b  CAPD                  
0000005d  UCA0ABCTL             
0000005e  UCA0IRTCTL            
0000005f  UCA0IRRCTL            
00000060  UCA0CTL0              
00000061  UCA0CTL1              
00000062  UCA0BR0               
00000063  UCA0BR1               
00000064  UCA0MCTL              
00000065  UCA0STAT              
00000066  UCA0RXBUF             
00000067  UCA0TXBUF             
00000068  UCB0CTL0              
00000069  UCB0CTL1              
0000006a  UCB0BR0               
0000006b  UCB0BR1               
0000006c  UCB0I2CIE             
0000006d  UCB0STAT              
0000006e  UCB0RXBUF             
0000006f  UCB0TXBUF             
00000118  UCB0I2COA             
0000011a  UCB0I2CSA             
0000011e  TA1IV                 
00000120  WDTCTL                
00000128  FCTL1                 
0000012a  FCTL2                 
0000012c  FCTL3                 
0000012e  TA0IV                 
00000160  TA0CTL                
00000162  TA0CCTL0              
00000164  TA0CCTL1              
00000166  TA0CCTL2              
00000170  TA0R                  
00000172  TA0CCR0               
00000174  TA0CCR1               
00000176  TA0CCR2               
00000180  TA1CTL                
00000182  TA1CCTL0              
00000184  TA1CCTL1              
00000186  TA1CCTL2              
00000190  TA1R                  
00000192  TA1CCR0               
00000194  TA1CCR1               
00000196  TA1CCR2               
000001b0  ADC10CTL0             
000001b2  ADC10CTL1             
000001b4  ADC10MEM              
000001bc  ADC10SA               
000003b0  _stack                
00000400  __STACK_END           
000010c0  TLV_CHECKSUM          
000010da  TLV_ADC10_1_TAG       
000010db  TLV_ADC10_1_LEN       
000010f6  TLV_DCO_30_TAG        
000010f7  TLV_DCO_30_LEN        
000010f8  CALDCO_16MHZ          
000010f9  CALBC1_16MHZ          
000010fa  CALDCO_12MHZ          
000010fb  CALBC1_12MHZ          
000010fc  CALDCO_8MHZ           
000010fd  CALBC1_8MHZ           
000010fe  CALDCO_1MHZ           
000010ff  CALBC1_1MHZ           
0000c000  __TI_frcdivd          
0000c478  __TI_frcmpyd          
0000c6fe  __mspabi_mpyd         
0000c96c  __mspabi_divd         
0000cba4  __mspabi_cvtdf        
0000cc30  main                  
0000ccb2  __mspabi_fixdli       
0000cd24  __mspabi_cvtfd        
0000cd94  readADC               
0000ce02  displayValue          
0000ce68  __mspabi_srll_15      
0000ce6e  __mspabi_srll_14      
0000ce74  __mspabi_srll_13      
0000ce7a  __mspabi_srll_12      
0000ce80  __mspabi_srll_11      
0000ce86  __mspabi_srll_10      
0000ce8c  __mspabi_srll_9       
0000ce92  __mspabi_srll_8       
0000ce98  __mspabi_srll_7       
0000ce9e  __mspabi_srll_6       
0000cea4  __mspabi_srll_5       
0000ceaa  __mspabi_srll_4       
0000ceb0  __mspabi_srll_3       
0000ceb6  __mspabi_srll_2       
0000cebc  __mspabi_srll_1       
0000cec4  __mspabi_srli         
0000ced2  __mspabi_srli_15      
0000ced6  __mspabi_srli_14      
0000ceda  __mspabi_srli_13      
0000cede  __mspabi_srli_12      
0000cee2  __mspabi_srli_11      
0000cee6  __mspabi_srli_10      
0000ceea  __mspabi_srli_9       
0000ceee  __mspabi_srli_8       
0000cef2  __mspabi_srli_7       
0000cef6  __mspabi_srli_6       
0000cefa  __mspabi_srli_5       
0000cefe  __mspabi_srli_4       
0000cf02  __mspabi_srli_3       
0000cf06  __mspabi_srli_2       
0000cf0a  __mspabi_srli_1       
0000cf10  __mspabi_sral_15      
0000cf14  __mspabi_sral_14      
0000cf18  __mspabi_sral_13      
0000cf1c  __mspabi_sral_12      
0000cf20  __mspabi_sral_11      
0000cf24  __mspabi_sral_10      
0000cf28  __mspabi_sral_9       
0000cf2c  __mspabi_sral_8       
0000cf30  __mspabi_sral_7       
0000cf34  __mspabi_sral_6       
0000cf38  __mspabi_sral_5       
0000cf3c  __mspabi_sral_4       
0000cf40  __mspabi_sral_3       
0000cf44  __mspabi_sral_2       
0000cf48  __mspabi_sral_1       
0000cf4e  __mspabi_slll_15      
0000cf52  __mspabi_slll_14      
0000cf56  __mspabi_slll_13      
0000cf5a  __mspabi_slll_12      
0000cf5e  __mspabi_slll_11      
0000cf62  __mspabi_slll_10      
0000cf66  __mspabi_slll_9       
0000cf6a  __mspabi_slll_8       
0000cf6e  __mspabi_slll_7       
0000cf72  __mspabi_slll_6       
0000cf76  __mspabi_slll_5       
0000cf7a  __mspabi_slll_4       
0000cf7e  __mspabi_slll_3       
0000cf82  __mspabi_slll_2       
0000cf86  __mspabi_slll_1       
0000cf8c  __mspabi_srai         
0000cf98  __mspabi_srai_15      
0000cf9a  __mspabi_srai_14      
0000cf9c  __mspabi_srai_13      
0000cf9e  __mspabi_srai_12      
0000cfa0  __mspabi_srai_11      
0000cfa2  __mspabi_srai_10      
0000cfa4  __mspabi_srai_9       
0000cfa6  __mspabi_srai_8       
0000cfa8  __mspabi_srai_7       
0000cfaa  __mspabi_srai_6       
0000cfac  __mspabi_srai_5       
0000cfae  __mspabi_srai_4       
0000cfb0  __mspabi_srai_3       
0000cfb2  __mspabi_srai_2       
0000cfb4  __mspabi_srai_1       
0000cfb8  __mspabi_slli         
0000cfc4  __mspabi_slli_15      
0000cfc6  __mspabi_slli_14      
0000cfc8  __mspabi_slli_13      
0000cfca  __mspabi_slli_12      
0000cfcc  __mspabi_slli_11      
0000cfce  __mspabi_slli_10      
0000cfd0  __mspabi_slli_9       
0000cfd2  __mspabi_slli_8       
0000cfd4  __mspabi_slli_7       
0000cfd6  __mspabi_slli_6       
0000cfd8  __mspabi_slli_5       
0000cfda  __mspabi_slli_4       
0000cfdc  __mspabi_slli_3       
0000cfde  __mspabi_slli_2       
0000cfe0  __mspabi_slli_1       
0000cfe4  uartPinInit           
0000d00e  __mspabi_fixdi        
0000d036  initializePorts       
0000d05c  __mspabi_mpyl         
0000d05c  __mspabi_mpyl_sw      
0000d082  __mspabi_fltuf        
0000d0a6  uartConfigureCR       
0000d0c4  uartInit              
0000d0de  gpioSetVal            
0000d0f4  _c_int00_noinit_noargs
0000d108  __mspabi_mpyi         
0000d108  __mspabi_mpyi_sw      
0000d11c  gpioSetIP             
0000d12e  __mspabi_srll         
0000d140  gpioGetVal            
0000d150  __mspabi_func_epilog_7
0000d152  __mspabi_func_epilog_6
0000d154  __mspabi_func_epilog_5
0000d156  __mspabi_func_epilog_4
0000d158  __mspabi_func_epilog_3
0000d15a  __mspabi_func_epilog_2
0000d15c  __mspabi_func_epilog_1
0000d160  gpioSetOP             
0000d16e  pinClearSEL           
0000d17a  pinSetIP              
0000d186  pinSetOP              
0000d192  pinSetSEL             
0000d19e  uartReceiveChar       
0000d1a8  uartTransmitChar      
0000d1b2  __TI_ISR_TRAP         
0000d1ba  uartCheckRxReady      
0000d1c2  uartCheckTxReady      
0000d1ca  C$$EXIT               
0000d1ca  abort                 
0000d1d0  pinSetSEL2            
0000d1d6  _system_pre_init      
0000d1ec  RX                    
0000d1f0  TX                    
0000ffe0  __TI_int00            
0000ffe4  __TI_int02            
0000ffe6  __TI_int03            
0000ffea  __TI_int05            
0000ffec  __TI_int06            
0000ffee  __TI_int07            
0000fff0  __TI_int08            
0000fff2  __TI_int09            
0000fff4  __TI_int10            
0000fff6  __TI_int11            
0000fff8  __TI_int12            
0000fffa  __TI_int13            
0000fffc  __TI_int14            
0000fffe  _reset_vector         
ffffffff  __TI_pprof_out_hndl   
ffffffff  __TI_prof_data_size   
ffffffff  __TI_prof_data_start  
ffffffff  __c_args__            

[260 symbols]
