******************************************************************************
                  TI ARM Linker PC v20.2.2                     
******************************************************************************
>> Linked Wed Dec  8 18:01:36 2021

OUTPUT FILE NAME:   <ecgr_5101_lab_9_2.out>
ENTRY POINT SYMBOL: "_c_int00_noargs"  address: 00000eb5


MEMORY CONFIGURATION

         name            origin    length      used     unused   attr    fill
----------------------  --------  ---------  --------  --------  ----  --------
  FLASH                 00000000   00040000  0000132e  0003ecd2  R  X
  SRAM                  20000000   00008000  0000025d  00007da3  RW X


SEGMENT ALLOCATION MAP

run origin  load origin   length   init length attrs members
----------  ----------- ---------- ----------- ----- -------
00000000    00000000    00001330   00001330    r-x
  00000000    00000000    0000026c   0000026c    r-- .intvecs
  0000026c    0000026c    00000f06   00000f06    r-x .text
  00001174    00001174    0000017c   0000017c    r-- .const
  000012f0    000012f0    00000040   00000040    r-- .cinit
20000000    20000000    00000260   00000000    rw-
  20000000    20000000    00000200   00000000    rw- .stack
  20000200    20000200    00000051   00000000    rw- .data
  20000254    20000254    0000000c   00000000    rw- .bss


SECTION ALLOCATION MAP

 output                                  attributes/
section   page    origin      length       input sections
--------  ----  ----------  ----------   ----------------
.intvecs   0    00000000    0000026c     
                  00000000    0000026c     startup_ccs.obj (.intvecs)

.text      0    0000026c    00000f06     
                  0000026c    0000016c     driverlib.lib : gpio.obj (.text:GPIOPadConfigSet)
                  000003d8    0000013c     ST7735.obj (.text:commonInit)
                  00000514    0000013c     mainLab09_2.obj (.text:intializePorts)
                  00000650    00000118     driverlib.lib : sysctl.obj (.text:SysCtlClockGet)
                  00000768    000000f4                   : sysctl.obj (.text:SysCtlClockSet)
                  0000085c    000000c4     mainLab09_2.obj (.text:updatePaddleLocation)
                  00000920    0000009c     rtsv7M4_T_le_v4SPD16_eabi.lib : memcpy_t2.asm.obj (.text)
                  000009bc    00000080     ST7735.obj (.text:ST7735_FillRect)
                  00000a3c    0000007c     ST7735.obj (.text:ST7735_InitR)
                  00000ab8    0000007a     driverlib.lib : adc.obj (.text:ADCSequenceStepConfigure)
                  00000b32    00000002     startup_ccs.obj (.text:FaultISR)
                  00000b34    0000006c     ST7735.obj (.text:setAddrWindow)
                  00000ba0    00000068     PLL.obj (.text:PLL_Init)
                  00000c08    00000068     rtsv7M4_T_le_v4SPD16_eabi.lib : copy_decompress_lzss.c.obj (.text:decompress:lzss:__TI_decompress_lzss)
                  00000c70    0000005c     mainLab09_2.obj (.text:adcSampleY)
                  00000ccc    00000054     ST7735.obj (.text:commandList)
                  00000d20    0000004e     driverlib.lib : adc.obj (.text:ADCSequenceConfigure)
                  00000d6e    00000002     startup_ccs.obj (.text:IntDefaultHandler)
                  00000d70    0000004c     driverlib.lib : gpio.obj (.text:GPIOPinConfigure)
                  00000dbc    00000046                   : uart.obj (.text:UARTConfigSetExpClk)
                  00000e02    00000002     startup_ccs.obj (.text:NmiSR)
                  00000e04    00000044     rtsv7M4_T_le_v4SPD16_eabi.lib : autoinit.c.obj (.text:__TI_auto_init_nobinit_nopinit:__TI_auto_init_nobinit_nopinit)
                  00000e48    00000038     driverlib.lib : sysctl.obj (.text:SysCtlPeripheralReady)
                  00000e80    00000034                   : sysctl.obj (.text:SysCtlPeripheralEnable)
                  00000eb4    00000034     rtsv7M4_T_le_v4SPD16_eabi.lib : boot_cortex_m.c.obj (.text:_c_int00_noargs:_c_int00_noargs)
                  00000ee8    00000034     mainLab09_2.obj (.text:main)
                  00000f1c    0000002e     driverlib.lib : adc.obj (.text:ADCIntStatus)
                  00000f4a    0000002c                   : gpio.obj (.text:GPIODirModeSet)
                  00000f76    00000002     --HOLE-- [fill = 0]
                  00000f78    00000024     ST7735.obj (.text:ST7735_FillScreen)
                  00000f9c    00000024     ST7735.obj (.text:writecommand)
                  00000fc0    00000022     ST7735.obj (.text:Delay1ms)
                  00000fe2    00000022     mainLab09_2.obj (.text:delayWait10ms)
                  00001004    00000020     driverlib.lib : uart.obj (.text:UARTDisable)
                  00001024    0000001e                   : adc.obj (.text:ADCSequenceDataGet)
                  00001042    00000002     --HOLE-- [fill = 0]
                  00001044    0000001c     ST7735.obj (.text:ST7735_SetCursor)
                  00001060    0000001c     rtsv7M4_T_le_v4SPD16_eabi.lib : copy_zero_init.c.obj (.text:decompress:ZI:__TI_zero_init_nomemset:__TI_zero_init_nomemset)
                  0000107c    0000001c     ST7735.obj (.text:writedata)
                  00001098    0000001a     driverlib.lib : gpio.obj (.text:GPIOPinTypeGPIOOutput)
                  000010b2    00000018                   : adc.obj (.text:ADCProcessorTrigger)
                  000010ca    00000016                   : gpio.obj (.text:GPIOPinTypeADC)
                  000010e0    00000016                   : gpio.obj (.text:GPIOPinTypeUART)
                  000010f6    00000014                   : uart.obj (.text:UARTEnable)
                  0000110a    00000002     --HOLE-- [fill = 0]
                  0000110c    00000014     mainLab09_2.obj (.text:UARTTx)
                  00001120    0000000e     driverlib.lib : adc.obj (.text:ADCSequenceDisable)
                  0000112e    0000000e                   : adc.obj (.text:ADCSequenceEnable)
                  0000113c    0000000e     rtsv7M4_T_le_v4SPD16_eabi.lib : copy_decompress_none.c.obj (.text:decompress:none:__TI_decompress_none)
                  0000114a    0000000a     driverlib.lib : adc.obj (.text:ADCIntClear)
                  00001154    0000000a                   : uart.obj (.text:UARTCharPut)
                  0000115e    00000006     startup_ccs.obj (.text:ResetISR)
                  00001164    00000006     driverlib.lib : sysctl.obj (.text:SysCtlDelay)
                  0000116a    00000004     rtsv7M4_T_le_v4SPD16_eabi.lib : pre_init.c.obj (.text:_system_pre_init)
                  0000116e    00000004                                   : exit.c.obj (.text:abort:abort)

.const     0    00001174    0000017c     
                  00001174    00000090     driverlib.lib : gpio.obj (.const:g_pui32GPIOBaseAddrs)
                  00001204    0000006c                   : sysctl.obj (.const:g_pui32Xtals)
                  00001270    0000003b     ST7735.obj (.const:.string:Rcmd1)
                  000012ab    0000002b     ST7735.obj (.const:.string:Rcmd3)
                  000012d6    0000000d     ST7735.obj (.const:.string:Rcmd2green)
                  000012e3    0000000d     ST7735.obj (.const:.string:Rcmd2red)

.cinit     0    000012f0    00000040     
                  000012f0    0000001a     (.cinit..data.load) [load image, compression = lzss]
                  0000130a    00000002     --HOLE-- [fill = 0]
                  0000130c    0000000c     (__TI_handler_table)
                  00001318    00000008     (.cinit..bss.load) [load image, compression = zero_init]
                  00001320    00000010     (__TI_cinit_table)

.init_array 
*          0    00000000    00000000     UNINITIALIZED

.data      0    20000200    00000051     UNINITIALIZED
                  20000200    00000020     mainLab09_2.obj (.data:uin32ADC0Value)
                  20000220    0000001c     mainLab09_2.obj (.data)
                  2000023c    00000014     ST7735.obj (.data)
                  20000250    00000001     mainLab09_2.obj (.data:TX_BUFFER)

.bss       0    20000254    0000000c     UNINITIALIZED
                  20000254    00000004     ST7735.obj (.bss)
                  20000258    00000004     (.common:baud)
                  2000025c    00000004     (.common:clk)

.stack     0    20000000    00000200     UNINITIALIZED
                  20000000    00000004     rtsv7M4_T_le_v4SPD16_eabi.lib : boot_cortex_m.c.obj (.stack)
                  20000004    000001fc     --HOLE--

__llvm_prf_cnts 
*          0    20000000    00000000     UNINITIALIZED

.binit     0    00000000    00000000     

MODULE SUMMARY

       Module                       code   ro data   rw data
       ------                       ----   -------   -------
    .\
       ST7735.obj                   922    128       24     
       mainLab09_2.obj              710    0         69     
       startup_ccs.obj              12     620       0      
       PLL.obj                      104    0         0      
    +--+----------------------------+------+---------+---------+
       Total:                       1748   748       93     
                                                            
    C:/ti/TivaWare_C_Series-2.2.0.295/driverlib/ccs/Debug/driverlib.lib
       sysctl.obj                   638    108       0      
       gpio.obj                     554    144       0      
       adc.obj                      338    0         0      
       uart.obj                     132    0         0      
    +--+----------------------------+------+---------+---------+
       Total:                       1662   252       0      
                                                            
    C:\ti\ccs1020\ccs\tools\compiler\ti-cgt-arm_20.2.2.LTS\lib\rtsv7M4_T_le_v4SPD16_eabi.lib
       memcpy_t2.asm.obj            156    0         0      
       copy_decompress_lzss.c.obj   104    0         0      
       autoinit.c.obj               68     0         0      
       boot_cortex_m.c.obj          52     0         0      
       copy_zero_init.c.obj         28     0         0      
       copy_decompress_none.c.obj   14     0         0      
       exit.c.obj                   4      0         0      
       pre_init.c.obj               4      0         0      
    +--+----------------------------+------+---------+---------+
       Total:                       430    0         0      
                                                            
       Stack:                       0      0         512    
       Linker Generated:            0      62        0      
    +--+----------------------------+------+---------+---------+
       Grand Total:                 3840   1062      605    


LINKER GENERATED COPY TABLES

__TI_cinit_table @ 00001320 records: 2, size/record: 8, table size: 16
	.data: load addr=000012f0, load size=0000001a bytes, run addr=20000200, run size=00000051 bytes, compression=lzss
	.bss: load addr=00001318, load size=00000008 bytes, run addr=20000254, run size=0000000c bytes, compression=zero_init


LINKER GENERATED HANDLER TABLE

__TI_handler_table @ 0000130c records: 3, size/record: 4, table size: 12
	index: 0, handler: __TI_decompress_lzss
	index: 1, handler: __TI_decompress_none
	index: 2, handler: __TI_zero_init


GLOBAL SYMBOLS: SORTED ALPHABETICALLY BY Name 

address   name                          
-------   ----                          
0000114b  ADCIntClear                   
00000f1d  ADCIntStatus                  
000010b3  ADCProcessorTrigger           
00000d21  ADCSequenceConfigure          
00001025  ADCSequenceDataGet            
00001121  ADCSequenceDisable            
0000112f  ADCSequenceEnable             
00000ab9  ADCSequenceStepConfigure      
0000116f  C$$EXIT                       
00000fc1  Delay1ms                      
00000f4b  GPIODirModeSet                
0000026d  GPIOPadConfigSet              
00000d71  GPIOPinConfigure              
000010cb  GPIOPinTypeADC                
00001099  GPIOPinTypeGPIOOutput         
000010e1  GPIOPinTypeUART               
00000ba1  PLL_Init                      
0000115f  ResetISR                      
000009bd  ST7735_FillRect               
00000f79  ST7735_FillScreen             
00000a3d  ST7735_InitR                  
00001045  ST7735_SetCursor              
20000244  StTextColor                   
2000023c  StX                           
20000240  StY                           
00000651  SysCtlClockGet                
00000769  SysCtlClockSet                
00001165  SysCtlDelay                   
00000e81  SysCtlPeripheralEnable        
00000e49  SysCtlPeripheralReady         
20000250  TX_BUFFER                     
00001155  UARTCharPut                   
00000dbd  UARTConfigSetExpClk           
00001005  UARTDisable                   
000010f7  UARTEnable                    
0000110d  UARTTx                        
20000200  __STACK_END                   
00000200  __STACK_SIZE                  
20000200  __STACK_TOP                   
00001320  __TI_CINIT_Base               
00001330  __TI_CINIT_Limit              
0000130c  __TI_Handler_Table_Base       
00001318  __TI_Handler_Table_Limit      
00000e05  __TI_auto_init_nobinit_nopinit
00000c09  __TI_decompress_lzss          
0000113d  __TI_decompress_none          
ffffffff  __TI_pprof_out_hndl           
ffffffff  __TI_prof_data_size           
ffffffff  __TI_prof_data_start          
00000000  __TI_static_base__            
00001061  __TI_zero_init_nomemset       
00000921  __aeabi_memcpy                
00000921  __aeabi_memcpy4               
00000921  __aeabi_memcpy8               
ffffffff  __binit__                     
ffffffff  __c_args__                    
UNDEFED   __mpu_init                    
20000000  __stack                       
20000000  __start___llvm_prf_cnts       
20000000  __stop___llvm_prf_cnts        
00000eb5  _c_int00_noargs               
UNDEFED   _system_post_cinit            
0000116b  _system_pre_init              
0000116f  abort                         
00000c71  adcSampleY                    
20000258  baud                          
ffffffff  binit                         
2000025c  clk                           
00000fe3  delayWait10ms                 
20000234  dxPaddle                      
20000238  dyPaddle                      
00000000  g_pfnVectors                  
00000515  intializePorts                
2000024c  lastj                         
00000ee9  main                          
00000921  memcpy                        
20000200  uin32ADC0Value                
0000085d  updatePaddleLocation          
2000022c  xfPaddle                      
20000224  xiPaddle                      
20000220  yRead                         
20000230  yfPaddle                      
20000228  yiPaddle                      


GLOBAL SYMBOLS: SORTED BY Symbol Address 

address   name                          
-------   ----                          
00000000  __TI_static_base__            
00000000  g_pfnVectors                  
00000200  __STACK_SIZE                  
0000026d  GPIOPadConfigSet              
00000515  intializePorts                
00000651  SysCtlClockGet                
00000769  SysCtlClockSet                
0000085d  updatePaddleLocation          
00000921  __aeabi_memcpy                
00000921  __aeabi_memcpy4               
00000921  __aeabi_memcpy8               
00000921  memcpy                        
000009bd  ST7735_FillRect               
00000a3d  ST7735_InitR                  
00000ab9  ADCSequenceStepConfigure      
00000ba1  PLL_Init                      
00000c09  __TI_decompress_lzss          
00000c71  adcSampleY                    
00000d21  ADCSequenceConfigure          
00000d71  GPIOPinConfigure              
00000dbd  UARTConfigSetExpClk           
00000e05  __TI_auto_init_nobinit_nopinit
00000e49  SysCtlPeripheralReady         
00000e81  SysCtlPeripheralEnable        
00000eb5  _c_int00_noargs               
00000ee9  main                          
00000f1d  ADCIntStatus                  
00000f4b  GPIODirModeSet                
00000f79  ST7735_FillScreen             
00000fc1  Delay1ms                      
00000fe3  delayWait10ms                 
00001005  UARTDisable                   
00001025  ADCSequenceDataGet            
00001045  ST7735_SetCursor              
00001061  __TI_zero_init_nomemset       
00001099  GPIOPinTypeGPIOOutput         
000010b3  ADCProcessorTrigger           
000010cb  GPIOPinTypeADC                
000010e1  GPIOPinTypeUART               
000010f7  UARTEnable                    
0000110d  UARTTx                        
00001121  ADCSequenceDisable            
0000112f  ADCSequenceEnable             
0000113d  __TI_decompress_none          
0000114b  ADCIntClear                   
00001155  UARTCharPut                   
0000115f  ResetISR                      
00001165  SysCtlDelay                   
0000116b  _system_pre_init              
0000116f  C$$EXIT                       
0000116f  abort                         
0000130c  __TI_Handler_Table_Base       
00001318  __TI_Handler_Table_Limit      
00001320  __TI_CINIT_Base               
00001330  __TI_CINIT_Limit              
20000000  __stack                       
20000000  __start___llvm_prf_cnts       
20000000  __stop___llvm_prf_cnts        
20000200  __STACK_END                   
20000200  __STACK_TOP                   
20000200  uin32ADC0Value                
20000220  yRead                         
20000224  xiPaddle                      
20000228  yiPaddle                      
2000022c  xfPaddle                      
20000230  yfPaddle                      
20000234  dxPaddle                      
20000238  dyPaddle                      
2000023c  StX                           
20000240  StY                           
20000244  StTextColor                   
2000024c  lastj                         
20000250  TX_BUFFER                     
20000258  baud                          
2000025c  clk                           
ffffffff  __TI_pprof_out_hndl           
ffffffff  __TI_prof_data_size           
ffffffff  __TI_prof_data_start          
ffffffff  __binit__                     
ffffffff  __c_args__                    
ffffffff  binit                         
UNDEFED   __mpu_init                    
UNDEFED   _system_post_cinit            

[83 symbols]
