******************************************************************************
                  MSP430 Linker PC v20.2.2                     
******************************************************************************
>> Linked Wed Sep  8 23:53:41 2021

OUTPUT FILE NAME:   <ecgr_5101_lab_02.out>
ENTRY POINT SYMBOL: "_c_int00_noinit_noargs"  address: 0000c888


MEMORY CONFIGURATION

         name            origin    length      used     unused   attr    fill
----------------------  --------  ---------  --------  --------  ----  --------
  SFR                   00000000   00000010  00000000  00000010  RWIX
  PERIPHERALS_8BIT      00000010   000000f0  00000000  000000f0  RWIX
  PERIPHERALS_16BIT     00000100   00000100  00000000  00000100  RWIX
  RAM                   00000200   00000200  00000050  000001b0  RWIX
  INFOD                 00001000   00000040  00000000  00000040  RWIX
  INFOC                 00001040   00000040  00000000  00000040  RWIX
  INFOB                 00001080   00000040  00000000  00000040  RWIX
  INFOA                 000010c0   00000040  00000000  00000040  RWIX
  FLASH                 0000c000   00003fde  000008ca  00003714  RWIX
  BSLSIGNATURE          0000ffde   00000002  00000002  00000000  RWIX  ffff 
  INT00                 0000ffe0   00000002  00000002  00000000  RWIX
  INT01                 0000ffe2   00000002  00000000  00000002  RWIX
  INT02                 0000ffe4   00000002  00000002  00000000  RWIX
  INT03                 0000ffe6   00000002  00000002  00000000  RWIX
  INT04                 0000ffe8   00000002  00000000  00000002  RWIX
  INT05                 0000ffea   00000002  00000002  00000000  RWIX
  INT06                 0000ffec   00000002  00000002  00000000  RWIX
  INT07                 0000ffee   00000002  00000002  00000000  RWIX
  INT08                 0000fff0   00000002  00000002  00000000  RWIX
  INT09                 0000fff2   00000002  00000002  00000000  RWIX
  INT10                 0000fff4   00000002  00000002  00000000  RWIX
  INT11                 0000fff6   00000002  00000002  00000000  RWIX
  INT12                 0000fff8   00000002  00000002  00000000  RWIX
  INT13                 0000fffa   00000002  00000002  00000000  RWIX
  INT14                 0000fffc   00000002  00000002  00000000  RWIX
  RESET                 0000fffe   00000002  00000002  00000000  RWIX


SECTION ALLOCATION MAP

 output                                  attributes/
section   page    origin      length       input sections
--------  ----  ----------  ----------   ----------------
.stack     0    000003b0    00000050     UNINITIALIZED
                  000003b0    00000002     rts430_eabi.lib : boot.c.obj (.stack)
                  000003b2    0000004e     --HOLE--

.text      0    0000c000    000008ca     
                  0000c000    000004b6     main.obj (.text:displayValue)
                  0000c4b6    000000dc     rts430_eabi.lib : cmpd.c.obj (.text:__mspabi_cmpd)
                  0000c592    000000ac                     : fltlid.c.obj (.text:__mspabi_fltlid)
                  0000c63e    00000068                     : fs_toi.asm.obj (.text)
                  0000c6a6    0000005c                     : lsr32.asm.obj (.text:l_lsr_const)
                  0000c702    0000004a                     : fs_cmp.asm.obj (.text)
                  0000c74c    0000003e                     : lsl32.asm.obj (.text:l_lsl_const)
                  0000c78a    00000036                     : fs_itof.asm.obj (.text)
                  0000c7c0    00000032     main.obj (.text:readADC)
                  0000c7f2    0000002c     rts430_eabi.lib : lsl16.asm.obj (.text)
                  0000c81e    00000024     main.obj (.text:initializePorts)
                  0000c842    00000024     rts430_eabi.lib : fs_utof.asm.obj (.text)
                  0000c866    00000022     main.obj (.text:main)
                  0000c888    00000014     rts430_eabi.lib : boot.c.obj (.text:_c_int00_noinit_noargs)
                  0000c89c    00000010                     : epilog.asm.obj (.text)
                  0000c8ac    0000000c                     : fltid.c.obj (.text:__mspabi_fltid)
                  0000c8b8    00000008                     : isr_trap.asm.obj (.text:_isr:__TI_ISR_TRAP)
                  0000c8c0    00000006                     : exit.c.obj (.text:abort)
                  0000c8c6    00000004                     : pre_init.c.obj (.text:_system_pre_init)

.cinit     0    0000c000    00000000     UNINITIALIZED

.binit     0    0000c000    00000000     

.init_array 
*          0    0000c000    00000000     UNINITIALIZED

TRAPINT    0    0000ffe0    00000002     
                  0000ffe0    00000002     rts430_eabi.lib : int00.asm.obj (.int00)

PORT1      0    0000ffe4    00000002     
                  0000ffe4    00000002     rts430_eabi.lib : int02.asm.obj (.int02)

PORT2      0    0000ffe6    00000002     
                  0000ffe6    00000002     rts430_eabi.lib : int03.asm.obj (.int03)

ADC10      0    0000ffea    00000002     
                  0000ffea    00000002     rts430_eabi.lib : int05.asm.obj (.int05)

USCIAB0TX 
*          0    0000ffec    00000002     
                  0000ffec    00000002     rts430_eabi.lib : int06.asm.obj (.int06)

USCIAB0RX 
*          0    0000ffee    00000002     
                  0000ffee    00000002     rts430_eabi.lib : int07.asm.obj (.int07)

TIMER0_A1 
*          0    0000fff0    00000002     
                  0000fff0    00000002     rts430_eabi.lib : int08.asm.obj (.int08)

TIMER0_A0 
*          0    0000fff2    00000002     
                  0000fff2    00000002     rts430_eabi.lib : int09.asm.obj (.int09)

WDT        0    0000fff4    00000002     
                  0000fff4    00000002     rts430_eabi.lib : int10.asm.obj (.int10)

COMPARATORA 
*          0    0000fff6    00000002     
                  0000fff6    00000002     rts430_eabi.lib : int11.asm.obj (.int11)

TIMER1_A1 
*          0    0000fff8    00000002     
                  0000fff8    00000002     rts430_eabi.lib : int12.asm.obj (.int12)

TIMER1_A0 
*          0    0000fffa    00000002     
                  0000fffa    00000002     rts430_eabi.lib : int13.asm.obj (.int13)

NMI        0    0000fffc    00000002     
                  0000fffc    00000002     rts430_eabi.lib : int14.asm.obj (.int14)

.reset     0    0000fffe    00000002     
                  0000fffe    00000002     rts430_eabi.lib : boot.c.obj (.reset)

$fill000   0    0000ffde    00000002     
                  0000ffde    00000002     --HOLE-- [fill = ffff]

MODULE SUMMARY

       Module             code   ro data   rw data
       ------             ----   -------   -------
    .\
       main.obj           1326   0         0      
    +--+------------------+------+---------+---------+
       Total:             1326   0         0      
                                                  
    C:\ti\ccs1020\ccs\tools\compiler\ti-cgt-msp430_20.2.2.LTS\lib\rts430_eabi.lib
       cmpd.c.obj         220    0         0      
       fltlid.c.obj       172    0         0      
       fs_toi.asm.obj     104    0         0      
       lsr32.asm.obj      92     0         0      
       fs_cmp.asm.obj     74     0         0      
       lsl32.asm.obj      62     0         0      
       fs_itof.asm.obj    54     0         0      
       lsl16.asm.obj      44     0         0      
       fs_utof.asm.obj    36     0         0      
       boot.c.obj         20     2         0      
       epilog.asm.obj     16     0         0      
       fltid.c.obj        12     0         0      
       isr_trap.asm.obj   8      0         0      
       exit.c.obj         6      0         0      
       pre_init.c.obj     4      0         0      
       int00.asm.obj      0      2         0      
       int02.asm.obj      0      2         0      
       int03.asm.obj      0      2         0      
       int05.asm.obj      0      2         0      
       int06.asm.obj      0      2         0      
       int07.asm.obj      0      2         0      
       int08.asm.obj      0      2         0      
       int09.asm.obj      0      2         0      
       int10.asm.obj      0      2         0      
       int11.asm.obj      0      2         0      
       int12.asm.obj      0      2         0      
       int13.asm.obj      0      2         0      
       int14.asm.obj      0      2         0      
    +--+------------------+------+---------+---------+
       Total:             924    28        0      
                                                  
       Stack:             0      0         80     
    +--+------------------+------+---------+---------+
       Grand Total:       2250   28        80     


GLOBAL SYMBOLS: SORTED ALPHABETICALLY BY Name 

address   name                  
-------   ----                  
0000004a  ADC10AE0              
000001b0  ADC10CTL0             
000001b2  ADC10CTL1             
00000048  ADC10DTC0             
00000049  ADC10DTC1             
000001b4  ADC10MEM              
000001bc  ADC10SA               
00000057  BCSCTL1               
00000058  BCSCTL2               
00000053  BCSCTL3               
0000c8c0  C$$EXIT               
00000059  CACTL1                
0000005a  CACTL2                
000010fb  CALBC1_12MHZ          
000010f9  CALBC1_16MHZ          
000010ff  CALBC1_1MHZ           
000010fd  CALBC1_8MHZ           
000010fa  CALDCO_12MHZ          
000010f8  CALDCO_16MHZ          
000010fe  CALDCO_1MHZ           
000010fc  CALDCO_8MHZ           
0000005b  CAPD                  
00000056  DCOCTL                
00000128  FCTL1                 
0000012a  FCTL2                 
0000012c  FCTL3                 
00000000  IE1                   
00000001  IE2                   
00000002  IFG1                  
00000003  IFG2                  
00000022  P1DIR                 
00000025  P1IE                  
00000024  P1IES                 
00000023  P1IFG                 
00000020  P1IN                  
00000021  P1OUT                 
00000027  P1REN                 
00000026  P1SEL                 
00000041  P1SEL2                
0000002a  P2DIR                 
0000002d  P2IE                  
0000002c  P2IES                 
0000002b  P2IFG                 
00000028  P2IN                  
00000029  P2OUT                 
0000002f  P2REN                 
0000002e  P2SEL                 
00000042  P2SEL2                
0000001a  P3DIR                 
00000018  P3IN                  
00000019  P3OUT                 
00000010  P3REN                 
0000001b  P3SEL                 
00000043  P3SEL2                
00000172  TA0CCR0               
00000174  TA0CCR1               
00000176  TA0CCR2               
00000162  TA0CCTL0              
00000164  TA0CCTL1              
00000166  TA0CCTL2              
00000160  TA0CTL                
0000012e  TA0IV                 
00000170  TA0R                  
00000192  TA1CCR0               
00000194  TA1CCR1               
00000196  TA1CCR2               
00000182  TA1CCTL0              
00000184  TA1CCTL1              
00000186  TA1CCTL2              
00000180  TA1CTL                
0000011e  TA1IV                 
00000190  TA1R                  
000010db  TLV_ADC10_1_LEN       
000010da  TLV_ADC10_1_TAG       
000010c0  TLV_CHECKSUM          
000010f7  TLV_DCO_30_LEN        
000010f6  TLV_DCO_30_TAG        
0000005d  UCA0ABCTL             
00000062  UCA0BR0               
00000063  UCA0BR1               
00000060  UCA0CTL0              
00000061  UCA0CTL1              
0000005f  UCA0IRRCTL            
0000005e  UCA0IRTCTL            
00000064  UCA0MCTL              
00000066  UCA0RXBUF             
00000065  UCA0STAT              
00000067  UCA0TXBUF             
0000006a  UCB0BR0               
0000006b  UCB0BR1               
00000068  UCB0CTL0              
00000069  UCB0CTL1              
0000006c  UCB0I2CIE             
00000118  UCB0I2COA             
0000011a  UCB0I2CSA             
0000006e  UCB0RXBUF             
0000006d  UCB0STAT              
0000006f  UCB0TXBUF             
00000120  WDTCTL                
00000400  __STACK_END           
00000050  __STACK_SIZE          
0000c8b8  __TI_ISR_TRAP         
0000ffe0  __TI_int00            
0000ffe4  __TI_int02            
0000ffe6  __TI_int03            
0000ffea  __TI_int05            
0000ffec  __TI_int06            
0000ffee  __TI_int07            
0000fff0  __TI_int08            
0000fff2  __TI_int09            
0000fff4  __TI_int10            
0000fff6  __TI_int11            
0000fff8  __TI_int12            
0000fffa  __TI_int13            
0000fffc  __TI_int14            
ffffffff  __TI_pprof_out_hndl   
ffffffff  __TI_prof_data_size   
ffffffff  __TI_prof_data_start  
ffffffff  __c_args__            
0000c4b6  __mspabi_cmpd         
0000c702  __mspabi_cmpf         
0000c63e  __mspabi_fixfi        
0000c8ac  __mspabi_fltid        
0000c78a  __mspabi_fltif        
0000c592  __mspabi_fltlid       
0000c842  __mspabi_fltuf        
0000c8a8  __mspabi_func_epilog_1
0000c8a6  __mspabi_func_epilog_2
0000c8a4  __mspabi_func_epilog_3
0000c8a2  __mspabi_func_epilog_4
0000c8a0  __mspabi_func_epilog_5
0000c89e  __mspabi_func_epilog_6
0000c89c  __mspabi_func_epilog_7
0000c7f2  __mspabi_slli         
0000c81a  __mspabi_slli_1       
0000c808  __mspabi_slli_10      
0000c806  __mspabi_slli_11      
0000c804  __mspabi_slli_12      
0000c802  __mspabi_slli_13      
0000c800  __mspabi_slli_14      
0000c7fe  __mspabi_slli_15      
0000c818  __mspabi_slli_2       
0000c816  __mspabi_slli_3       
0000c814  __mspabi_slli_4       
0000c812  __mspabi_slli_5       
0000c810  __mspabi_slli_6       
0000c80e  __mspabi_slli_7       
0000c80c  __mspabi_slli_8       
0000c80a  __mspabi_slli_9       
0000c784  __mspabi_slll_1       
0000c760  __mspabi_slll_10      
0000c75c  __mspabi_slll_11      
0000c758  __mspabi_slll_12      
0000c754  __mspabi_slll_13      
0000c750  __mspabi_slll_14      
0000c74c  __mspabi_slll_15      
0000c780  __mspabi_slll_2       
0000c77c  __mspabi_slll_3       
0000c778  __mspabi_slll_4       
0000c774  __mspabi_slll_5       
0000c770  __mspabi_slll_6       
0000c76c  __mspabi_slll_7       
0000c768  __mspabi_slll_8       
0000c764  __mspabi_slll_9       
0000c6fa  __mspabi_srll_1       
0000c6c4  __mspabi_srll_10      
0000c6be  __mspabi_srll_11      
0000c6b8  __mspabi_srll_12      
0000c6b2  __mspabi_srll_13      
0000c6ac  __mspabi_srll_14      
0000c6a6  __mspabi_srll_15      
0000c6f4  __mspabi_srll_2       
0000c6ee  __mspabi_srll_3       
0000c6e8  __mspabi_srll_4       
0000c6e2  __mspabi_srll_5       
0000c6dc  __mspabi_srll_6       
0000c6d6  __mspabi_srll_7       
0000c6d0  __mspabi_srll_8       
0000c6ca  __mspabi_srll_9       
0000c888  _c_int00_noinit_noargs
0000fffe  _reset_vector         
000003b0  _stack                
0000c8c6  _system_pre_init      
0000c8c0  abort                 
0000c000  displayValue          
0000c81e  initializePorts       
0000c866  main                  
0000c7c0  readADC               


GLOBAL SYMBOLS: SORTED BY Symbol Address 

address   name                  
-------   ----                  
00000000  IE1                   
00000001  IE2                   
00000002  IFG1                  
00000003  IFG2                  
00000010  P3REN                 
00000018  P3IN                  
00000019  P3OUT                 
0000001a  P3DIR                 
0000001b  P3SEL                 
00000020  P1IN                  
00000021  P1OUT                 
00000022  P1DIR                 
00000023  P1IFG                 
00000024  P1IES                 
00000025  P1IE                  
00000026  P1SEL                 
00000027  P1REN                 
00000028  P2IN                  
00000029  P2OUT                 
0000002a  P2DIR                 
0000002b  P2IFG                 
0000002c  P2IES                 
0000002d  P2IE                  
0000002e  P2SEL                 
0000002f  P2REN                 
00000041  P1SEL2                
00000042  P2SEL2                
00000043  P3SEL2                
00000048  ADC10DTC0             
00000049  ADC10DTC1             
0000004a  ADC10AE0              
00000050  __STACK_SIZE          
00000053  BCSCTL3               
00000056  DCOCTL                
00000057  BCSCTL1               
00000058  BCSCTL2               
00000059  CACTL1                
0000005a  CACTL2                
0000005b  CAPD                  
0000005d  UCA0ABCTL             
0000005e  UCA0IRTCTL            
0000005f  UCA0IRRCTL            
00000060  UCA0CTL0              
00000061  UCA0CTL1              
00000062  UCA0BR0               
00000063  UCA0BR1               
00000064  UCA0MCTL              
00000065  UCA0STAT              
00000066  UCA0RXBUF             
00000067  UCA0TXBUF             
00000068  UCB0CTL0              
00000069  UCB0CTL1              
0000006a  UCB0BR0               
0000006b  UCB0BR1               
0000006c  UCB0I2CIE             
0000006d  UCB0STAT              
0000006e  UCB0RXBUF             
0000006f  UCB0TXBUF             
00000118  UCB0I2COA             
0000011a  UCB0I2CSA             
0000011e  TA1IV                 
00000120  WDTCTL                
00000128  FCTL1                 
0000012a  FCTL2                 
0000012c  FCTL3                 
0000012e  TA0IV                 
00000160  TA0CTL                
00000162  TA0CCTL0              
00000164  TA0CCTL1              
00000166  TA0CCTL2              
00000170  TA0R                  
00000172  TA0CCR0               
00000174  TA0CCR1               
00000176  TA0CCR2               
00000180  TA1CTL                
00000182  TA1CCTL0              
00000184  TA1CCTL1              
00000186  TA1CCTL2              
00000190  TA1R                  
00000192  TA1CCR0               
00000194  TA1CCR1               
00000196  TA1CCR2               
000001b0  ADC10CTL0             
000001b2  ADC10CTL1             
000001b4  ADC10MEM              
000001bc  ADC10SA               
000003b0  _stack                
00000400  __STACK_END           
000010c0  TLV_CHECKSUM          
000010da  TLV_ADC10_1_TAG       
000010db  TLV_ADC10_1_LEN       
000010f6  TLV_DCO_30_TAG        
000010f7  TLV_DCO_30_LEN        
000010f8  CALDCO_16MHZ          
000010f9  CALBC1_16MHZ          
000010fa  CALDCO_12MHZ          
000010fb  CALBC1_12MHZ          
000010fc  CALDCO_8MHZ           
000010fd  CALBC1_8MHZ           
000010fe  CALDCO_1MHZ           
000010ff  CALBC1_1MHZ           
0000c000  displayValue          
0000c4b6  __mspabi_cmpd         
0000c592  __mspabi_fltlid       
0000c63e  __mspabi_fixfi        
0000c6a6  __mspabi_srll_15      
0000c6ac  __mspabi_srll_14      
0000c6b2  __mspabi_srll_13      
0000c6b8  __mspabi_srll_12      
0000c6be  __mspabi_srll_11      
0000c6c4  __mspabi_srll_10      
0000c6ca  __mspabi_srll_9       
0000c6d0  __mspabi_srll_8       
0000c6d6  __mspabi_srll_7       
0000c6dc  __mspabi_srll_6       
0000c6e2  __mspabi_srll_5       
0000c6e8  __mspabi_srll_4       
0000c6ee  __mspabi_srll_3       
0000c6f4  __mspabi_srll_2       
0000c6fa  __mspabi_srll_1       
0000c702  __mspabi_cmpf         
0000c74c  __mspabi_slll_15      
0000c750  __mspabi_slll_14      
0000c754  __mspabi_slll_13      
0000c758  __mspabi_slll_12      
0000c75c  __mspabi_slll_11      
0000c760  __mspabi_slll_10      
0000c764  __mspabi_slll_9       
0000c768  __mspabi_slll_8       
0000c76c  __mspabi_slll_7       
0000c770  __mspabi_slll_6       
0000c774  __mspabi_slll_5       
0000c778  __mspabi_slll_4       
0000c77c  __mspabi_slll_3       
0000c780  __mspabi_slll_2       
0000c784  __mspabi_slll_1       
0000c78a  __mspabi_fltif        
0000c7c0  readADC               
0000c7f2  __mspabi_slli         
0000c7fe  __mspabi_slli_15      
0000c800  __mspabi_slli_14      
0000c802  __mspabi_slli_13      
0000c804  __mspabi_slli_12      
0000c806  __mspabi_slli_11      
0000c808  __mspabi_slli_10      
0000c80a  __mspabi_slli_9       
0000c80c  __mspabi_slli_8       
0000c80e  __mspabi_slli_7       
0000c810  __mspabi_slli_6       
0000c812  __mspabi_slli_5       
0000c814  __mspabi_slli_4       
0000c816  __mspabi_slli_3       
0000c818  __mspabi_slli_2       
0000c81a  __mspabi_slli_1       
0000c81e  initializePorts       
0000c842  __mspabi_fltuf        
0000c866  main                  
0000c888  _c_int00_noinit_noargs
0000c89c  __mspabi_func_epilog_7
0000c89e  __mspabi_func_epilog_6
0000c8a0  __mspabi_func_epilog_5
0000c8a2  __mspabi_func_epilog_4
0000c8a4  __mspabi_func_epilog_3
0000c8a6  __mspabi_func_epilog_2
0000c8a8  __mspabi_func_epilog_1
0000c8ac  __mspabi_fltid        
0000c8b8  __TI_ISR_TRAP         
0000c8c0  C$$EXIT               
0000c8c0  abort                 
0000c8c6  _system_pre_init      
0000ffe0  __TI_int00            
0000ffe4  __TI_int02            
0000ffe6  __TI_int03            
0000ffea  __TI_int05            
0000ffec  __TI_int06            
0000ffee  __TI_int07            
0000fff0  __TI_int08            
0000fff2  __TI_int09            
0000fff4  __TI_int10            
0000fff6  __TI_int11            
0000fff8  __TI_int12            
0000fffa  __TI_int13            
0000fffc  __TI_int14            
0000fffe  _reset_vector         
ffffffff  __TI_pprof_out_hndl   
ffffffff  __TI_prof_data_size   
ffffffff  __TI_prof_data_start  
ffffffff  __c_args__            

[188 symbols]
