******************************************************************************
                  TI ARM Linker PC v20.2.2                     
******************************************************************************
>> Linked Fri Dec  3 17:36:38 2021

OUTPUT FILE NAME:   <ecgr_5101_lab_8.out>
ENTRY POINT SYMBOL: "_c_int00_noargs"  address: 000010e5


MEMORY CONFIGURATION

         name            origin    length      used     unused   attr    fill
----------------------  --------  ---------  --------  --------  ----  --------
  FLASH                 00000000   00040000  0000160c  0003e9f4  R  X
  SRAM                  20000000   00008000  0000028c  00007d74  RW X


SEGMENT ALLOCATION MAP

run origin  load origin   length   init length attrs members
----------  ----------- ---------- ----------- ----- -------
00000000    00000000    00001610   00001610    r-x
  00000000    00000000    0000026c   0000026c    r-- .intvecs
  0000026c    0000026c    00001106   00001106    r-x .text
  00001372    00001372    0000024a   0000024a    r-- .const
  000015c0    000015c0    00000050   00000050    r-- .cinit
20000000    20000000    0000028c   00000000    rw-
  20000000    20000000    00000200   00000000    rw- .stack
  20000200    20000200    00000088   00000000    rw- .data
  20000288    20000288    00000004   00000000    rw- .bss


SECTION ALLOCATION MAP

 output                                  attributes/
section   page    origin      length       input sections
--------  ----  ----------  ----------   ----------------
.intvecs   0    00000000    0000026c     
                  00000000    0000026c     startup_ccs.obj (.intvecs)

.text      0    0000026c    00001106     
                  0000026c    00000290     mainLab08.obj (.text:updateBallLocation)
                  000004fc    0000016c     driverlib.lib : gpio.obj (.text:GPIOPadConfigSet)
                  00000668    0000013c     ST7735.obj (.text:commonInit)
                  000007a4    00000100     ST7735.obj (.text:ST7735_DrawBitmap)
                  000008a4    000000f4     driverlib.lib : sysctl.obj (.text:SysCtlClockSet)
                  00000998    000000d4     mainLab08.obj (.text:main)
                  00000a6c    000000d4     mainLab08.obj (.text:updatePaddleLocation)
                  00000b40    000000a4     mainLab08.obj (.text:intializePorts)
                  00000be4    0000009c     rtsv7M4_T_le_v4SPD16_eabi.lib : memcpy_t2.asm.obj (.text)
                  00000c80    00000080     ST7735.obj (.text:ST7735_FillRect)
                  00000d00    0000007c     ST7735.obj (.text:ST7735_InitR)
                  00000d7c    0000007a     driverlib.lib : adc.obj (.text:ADCSequenceStepConfigure)
                  00000df6    00000002     startup_ccs.obj (.text:FaultISR)
                  00000df8    0000006c     ST7735.obj (.text:setAddrWindow)
                  00000e64    00000068     PLL.obj (.text:PLL_Init)
                  00000ecc    00000068     rtsv7M4_T_le_v4SPD16_eabi.lib : copy_decompress_lzss.c.obj (.text:decompress:lzss:__TI_decompress_lzss)
                  00000f34    0000005c     mainLab08.obj (.text:adcSampleY)
                  00000f90    00000054     ST7735.obj (.text:commandList)
                  00000fe4    0000004e     driverlib.lib : adc.obj (.text:ADCSequenceConfigure)
                  00001032    00000002     startup_ccs.obj (.text:IntDefaultHandler)
                  00001034    00000044     rtsv7M4_T_le_v4SPD16_eabi.lib : autoinit.c.obj (.text:__TI_auto_init_nobinit_nopinit:__TI_auto_init_nobinit_nopinit)
                  00001078    00000038     driverlib.lib : sysctl.obj (.text:SysCtlPeripheralReady)
                  000010b0    00000034                   : sysctl.obj (.text:SysCtlPeripheralEnable)
                  000010e4    00000034     rtsv7M4_T_le_v4SPD16_eabi.lib : boot_cortex_m.c.obj (.text:_c_int00_noargs:_c_int00_noargs)
                  00001118    00000034                                   : rand.c.obj (.text:rand)
                  0000114c    0000002e     driverlib.lib : adc.obj (.text:ADCIntStatus)
                  0000117a    0000002c                   : gpio.obj (.text:GPIODirModeSet)
                  000011a6    00000002     startup_ccs.obj (.text:NmiSR)
                  000011a8    00000024     ST7735.obj (.text:ST7735_FillScreen)
                  000011cc    00000024     rtsv7M4_T_le_v4SPD16_eabi.lib : rand.c.obj (.text:srand)
                  000011f0    00000024     ST7735.obj (.text:writecommand)
                  00001214    00000022     ST7735.obj (.text:Delay1ms)
                  00001236    00000022     mainLab08.obj (.text:delayWait10ms)
                  00001258    0000001e     driverlib.lib : adc.obj (.text:ADCSequenceDataGet)
                  00001276    00000002     rtsv7M4_T_le_v4SPD16_eabi.lib : _lock.c.obj (.text:_nop)
                  00001278    0000001c     ST7735.obj (.text:ST7735_SetCursor)
                  00001294    0000001c     rtsv7M4_T_le_v4SPD16_eabi.lib : copy_zero_init.c.obj (.text:decompress:ZI:__TI_zero_init_nomemset:__TI_zero_init_nomemset)
                  000012b0    0000001c     ST7735.obj (.text:writedata)
                  000012cc    00000018     driverlib.lib : adc.obj (.text:ADCProcessorTrigger)
                  000012e4    00000018     mainLab08.obj (.text:circle)
                  000012fc    00000018     mainLab08.obj (.text:paddle)
                  00001314    00000016     driverlib.lib : gpio.obj (.text:GPIOPinTypeADC)
                  0000132a    0000000e                   : adc.obj (.text:ADCSequenceDisable)
                  00001338    0000000e                   : adc.obj (.text:ADCSequenceEnable)
                  00001346    0000000e     rtsv7M4_T_le_v4SPD16_eabi.lib : copy_decompress_none.c.obj (.text:decompress:none:__TI_decompress_none)
                  00001354    0000000a     driverlib.lib : adc.obj (.text:ADCIntClear)
                  0000135e    00000006     startup_ccs.obj (.text:ResetISR)
                  00001364    00000006     driverlib.lib : sysctl.obj (.text:SysCtlDelay)
                  0000136a    00000004     rtsv7M4_T_le_v4SPD16_eabi.lib : pre_init.c.obj (.text:_system_pre_init)
                  0000136e    00000004                                   : exit.c.obj (.text:abort:abort)

.const     0    00001372    0000024a     
                  00001372    00000120     mainLab08.obj (.const:Circle_Dia_3)
                  00001492    000000aa     mainLab08.obj (.const:Paddle)
                  0000153c    0000003b     ST7735.obj (.const:.string:Rcmd1)
                  00001577    0000002b     ST7735.obj (.const:.string:Rcmd3)
                  000015a2    0000000d     ST7735.obj (.const:.string:Rcmd2green)
                  000015af    0000000d     ST7735.obj (.const:.string:Rcmd2red)

.cinit     0    000015c0    00000050     
                  000015c0    00000029     (.cinit..data.load) [load image, compression = lzss]
                  000015e9    00000003     --HOLE-- [fill = 0]
                  000015ec    0000000c     (__TI_handler_table)
                  000015f8    00000008     (.cinit..bss.load) [load image, compression = zero_init]
                  00001600    00000010     (__TI_cinit_table)

.init_array 
*          0    00000000    00000000     UNINITIALIZED

.data      0    20000200    00000088     UNINITIALIZED
                  20000200    00000048     mainLab08.obj (.data)
                  20000248    00000020     mainLab08.obj (.data:uin32ADC0Value)
                  20000268    00000014     ST7735.obj (.data)
                  2000027c    00000008     rtsv7M4_T_le_v4SPD16_eabi.lib : _lock.c.obj (.data:$O1$$)
                  20000284    00000004                                   : rand.c.obj (.data)

.bss       0    20000288    00000004     UNINITIALIZED
                  20000288    00000004     ST7735.obj (.bss)

.stack     0    20000000    00000200     UNINITIALIZED
                  20000000    00000004     rtsv7M4_T_le_v4SPD16_eabi.lib : boot_cortex_m.c.obj (.stack)
                  20000004    000001fc     --HOLE--

__llvm_prf_cnts 
*          0    20000000    00000000     UNINITIALIZED

.binit     0    00000000    00000000     

MODULE SUMMARY

       Module                       code   ro data   rw data
       ------                       ----   -------   -------
    .\
       mainLab08.obj                1418   458       104    
       ST7735.obj                   1178   128       24     
       startup_ccs.obj              12     620       0      
       PLL.obj                      104    0         0      
    +--+----------------------------+------+---------+---------+
       Total:                       2712   1206      128    
                                                            
    C:/ti/TivaWare_C_Series-2.2.0.295/driverlib/ccs/Debug/driverlib.lib
       gpio.obj                     430    0         0      
       sysctl.obj                   358    0         0      
       adc.obj                      338    0         0      
    +--+----------------------------+------+---------+---------+
       Total:                       1126   0         0      
                                                            
    C:\ti\ccs1020\ccs\tools\compiler\ti-cgt-arm_20.2.2.LTS\lib\rtsv7M4_T_le_v4SPD16_eabi.lib
       memcpy_t2.asm.obj            156    0         0      
       copy_decompress_lzss.c.obj   104    0         0      
       rand.c.obj                   88     0         4      
       autoinit.c.obj               68     0         0      
       boot_cortex_m.c.obj          52     0         0      
       copy_zero_init.c.obj         28     0         0      
       copy_decompress_none.c.obj   14     0         0      
       _lock.c.obj                  2      0         8      
       exit.c.obj                   4      0         0      
       pre_init.c.obj               4      0         0      
    +--+----------------------------+------+---------+---------+
       Total:                       520    0         12     
                                                            
       Stack:                       0      0         512    
       Linker Generated:            0      77        0      
    +--+----------------------------+------+---------+---------+
       Grand Total:                 4358   1283      652    


LINKER GENERATED COPY TABLES

__TI_cinit_table @ 00001600 records: 2, size/record: 8, table size: 16
	.data: load addr=000015c0, load size=00000029 bytes, run addr=20000200, run size=00000088 bytes, compression=lzss
	.bss: load addr=000015f8, load size=00000008 bytes, run addr=20000288, run size=00000004 bytes, compression=zero_init


LINKER GENERATED HANDLER TABLE

__TI_handler_table @ 000015ec records: 3, size/record: 4, table size: 12
	index: 0, handler: __TI_decompress_lzss
	index: 1, handler: __TI_decompress_none
	index: 2, handler: __TI_zero_init


GLOBAL SYMBOLS: SORTED ALPHABETICALLY BY Name 

address   name                          
-------   ----                          
00001355  ADCIntClear                   
0000114d  ADCIntStatus                  
000012cd  ADCProcessorTrigger           
00000fe5  ADCSequenceConfigure          
00001259  ADCSequenceDataGet            
0000132b  ADCSequenceDisable            
00001339  ADCSequenceEnable             
00000d7d  ADCSequenceStepConfigure      
0000136f  C$$EXIT                       
00001372  Circle_Dia_3                  
00001215  Delay1ms                      
0000117b  GPIODirModeSet                
000004fd  GPIOPadConfigSet              
00001315  GPIOPinTypeADC                
00000e65  PLL_Init                      
00001492  Paddle                        
0000135f  ResetISR                      
000007a5  ST7735_DrawBitmap             
00000c81  ST7735_FillRect               
000011a9  ST7735_FillScreen             
00000d01  ST7735_InitR                  
00001279  ST7735_SetCursor              
20000270  StTextColor                   
20000268  StX                           
2000026c  StY                           
000008a5  SysCtlClockSet                
00001365  SysCtlDelay                   
000010b1  SysCtlPeripheralEnable        
00001079  SysCtlPeripheralReady         
20000200  __STACK_END                   
00000200  __STACK_SIZE                  
20000200  __STACK_TOP                   
00001600  __TI_CINIT_Base               
00001610  __TI_CINIT_Limit              
000015ec  __TI_Handler_Table_Base       
000015f8  __TI_Handler_Table_Limit      
00001035  __TI_auto_init_nobinit_nopinit
00000ecd  __TI_decompress_lzss          
00001347  __TI_decompress_none          
ffffffff  __TI_pprof_out_hndl           
ffffffff  __TI_prof_data_size           
ffffffff  __TI_prof_data_start          
00000000  __TI_static_base__            
00001295  __TI_zero_init_nomemset       
00000be5  __aeabi_memcpy                
00000be5  __aeabi_memcpy4               
00000be5  __aeabi_memcpy8               
ffffffff  __binit__                     
ffffffff  __c_args__                    
UNDEFED   __mpu_init                    
20000000  __stack                       
20000000  __start___llvm_prf_cnts       
20000000  __stop___llvm_prf_cnts        
000010e5  _c_int00_noargs               
2000027c  _lock                         
00001277  _nop                          
UNDEFED   _system_post_cinit            
0000136b  _system_pre_init              
20000280  _unlock                       
0000136f  abort                         
00000f35  adcSampleY                    
ffffffff  binit                         
000012e5  circle                        
00001237  delayWait10ms                 
20000210  dx                            
20000228  dxPaddle                      
20000214  dy                            
2000022c  dyPaddle                      
00000000  g_pfnVectors                  
00000b41  intializePorts                
20000240  iter                          
20000244  iterChange                    
20000278  lastj                         
20000234  lrDirection                   
00000999  main                          
00000be5  memcpy                        
000012fd  paddle                        
00001119  rand                          
2000023c  seedCount                     
000011cd  srand                         
20000238  udDirection                   
20000248  uin32ADC0Value                
0000026d  updateBallLocation            
00000a6d  updatePaddleLocation          
20000208  xf                            
20000220  xfPaddle                      
20000200  xi                            
20000218  xiPaddle                      
20000230  yRead                         
2000020c  yf                            
20000224  yfPaddle                      
20000204  yi                            
2000021c  yiPaddle                      


GLOBAL SYMBOLS: SORTED BY Symbol Address 

address   name                          
-------   ----                          
00000000  __TI_static_base__            
00000000  g_pfnVectors                  
00000200  __STACK_SIZE                  
0000026d  updateBallLocation            
000004fd  GPIOPadConfigSet              
000007a5  ST7735_DrawBitmap             
000008a5  SysCtlClockSet                
00000999  main                          
00000a6d  updatePaddleLocation          
00000b41  intializePorts                
00000be5  __aeabi_memcpy                
00000be5  __aeabi_memcpy4               
00000be5  __aeabi_memcpy8               
00000be5  memcpy                        
00000c81  ST7735_FillRect               
00000d01  ST7735_InitR                  
00000d7d  ADCSequenceStepConfigure      
00000e65  PLL_Init                      
00000ecd  __TI_decompress_lzss          
00000f35  adcSampleY                    
00000fe5  ADCSequenceConfigure          
00001035  __TI_auto_init_nobinit_nopinit
00001079  SysCtlPeripheralReady         
000010b1  SysCtlPeripheralEnable        
000010e5  _c_int00_noargs               
00001119  rand                          
0000114d  ADCIntStatus                  
0000117b  GPIODirModeSet                
000011a9  ST7735_FillScreen             
000011cd  srand                         
00001215  Delay1ms                      
00001237  delayWait10ms                 
00001259  ADCSequenceDataGet            
00001277  _nop                          
00001279  ST7735_SetCursor              
00001295  __TI_zero_init_nomemset       
000012cd  ADCProcessorTrigger           
000012e5  circle                        
000012fd  paddle                        
00001315  GPIOPinTypeADC                
0000132b  ADCSequenceDisable            
00001339  ADCSequenceEnable             
00001347  __TI_decompress_none          
00001355  ADCIntClear                   
0000135f  ResetISR                      
00001365  SysCtlDelay                   
0000136b  _system_pre_init              
0000136f  C$$EXIT                       
0000136f  abort                         
00001372  Circle_Dia_3                  
00001492  Paddle                        
000015ec  __TI_Handler_Table_Base       
000015f8  __TI_Handler_Table_Limit      
00001600  __TI_CINIT_Base               
00001610  __TI_CINIT_Limit              
20000000  __stack                       
20000000  __start___llvm_prf_cnts       
20000000  __stop___llvm_prf_cnts        
20000200  __STACK_END                   
20000200  __STACK_TOP                   
20000200  xi                            
20000204  yi                            
20000208  xf                            
2000020c  yf                            
20000210  dx                            
20000214  dy                            
20000218  xiPaddle                      
2000021c  yiPaddle                      
20000220  xfPaddle                      
20000224  yfPaddle                      
20000228  dxPaddle                      
2000022c  dyPaddle                      
20000230  yRead                         
20000234  lrDirection                   
20000238  udDirection                   
2000023c  seedCount                     
20000240  iter                          
20000244  iterChange                    
20000248  uin32ADC0Value                
20000268  StX                           
2000026c  StY                           
20000270  StTextColor                   
20000278  lastj                         
2000027c  _lock                         
20000280  _unlock                       
ffffffff  __TI_pprof_out_hndl           
ffffffff  __TI_prof_data_size           
ffffffff  __TI_prof_data_start          
ffffffff  __binit__                     
ffffffff  __c_args__                    
ffffffff  binit                         
UNDEFED   __mpu_init                    
UNDEFED   _system_post_cinit            

[93 symbols]
