******************************************************************************
                  TI ARM Linker PC v20.2.2                     
******************************************************************************
>> Linked Tue Nov 30 19:27:40 2021

OUTPUT FILE NAME:   <ecgr_5101_lab_7.out>
ENTRY POINT SYMBOL: "_c_int00_noargs"  address: 00000f0d


MEMORY CONFIGURATION

         name            origin    length      used     unused   attr    fill
----------------------  --------  ---------  --------  --------  ----  --------
  FLASH                 00000000   00040000  0000130a  0003ecf6  R  X
  SRAM                  20000000   00008000  00000260  00007da0  RW X


SEGMENT ALLOCATION MAP

run origin  load origin   length   init length attrs members
----------  ----------- ---------- ----------- ----- -------
00000000    00000000    00001310   00001310    r-x
  00000000    00000000    0000026c   0000026c    r-- .intvecs
  0000026c    0000026c    00000ebe   00000ebe    r-x .text
  0000112a    0000112a    000001a0   000001a0    r-- .const
  000012d0    000012d0    00000040   00000040    r-- .cinit
20000000    20000000    00000260   00000000    rw-
  20000000    20000000    00000200   00000000    rw- .stack
  20000200    20000200    00000054   00000000    rw- .data
  20000254    20000254    0000000c   00000000    rw- .bss


SECTION ALLOCATION MAP

 output                                  attributes/
section   page    origin      length       input sections
--------  ----  ----------  ----------   ----------------
.intvecs   0    00000000    0000026c     
                  00000000    0000026c     startup_ccs.obj (.intvecs)

.text      0    0000026c    00000ebe     
                  0000026c    00000184     mainLab07.obj (.text:updateLocation)
                  000003f0    0000016c     driverlib.lib : gpio.obj (.text:GPIOPadConfigSet)
                  0000055c    0000013c     ST7735.obj (.text:commonInit)
                  00000698    00000100     ST7735.obj (.text:ST7735_DrawBitmap)
                  00000798    000000f4     driverlib.lib : sysctl.obj (.text:SysCtlClockSet)
                  0000088c    000000b0     mainLab07.obj (.text:intializePorts)
                  0000093c    0000009c     rtsv7M4_T_le_v4SPD16_eabi.lib : memcpy_t2.asm.obj (.text)
                  000009d8    00000080     ST7735.obj (.text:ST7735_FillRect)
                  00000a58    0000007c     ST7735.obj (.text:ST7735_InitR)
                  00000ad4    0000007a     driverlib.lib : adc.obj (.text:ADCSequenceStepConfigure)
                  00000b4e    00000002     startup_ccs.obj (.text:FaultISR)
                  00000b50    00000074     mainLab07.obj (.text:main)
                  00000bc4    0000006c     ST7735.obj (.text:setAddrWindow)
                  00000c30    00000068     PLL.obj (.text:PLL_Init)
                  00000c98    00000068     rtsv7M4_T_le_v4SPD16_eabi.lib : copy_decompress_lzss.c.obj (.text:decompress:lzss:__TI_decompress_lzss)
                  00000d00    0000005c     mainLab07.obj (.text:adcSampleX)
                  00000d5c    0000005c     mainLab07.obj (.text:adcSampleY)
                  00000db8    00000054     ST7735.obj (.text:commandList)
                  00000e0c    0000004e     driverlib.lib : adc.obj (.text:ADCSequenceConfigure)
                  00000e5a    00000002     startup_ccs.obj (.text:IntDefaultHandler)
                  00000e5c    00000044     rtsv7M4_T_le_v4SPD16_eabi.lib : autoinit.c.obj (.text:__TI_auto_init_nobinit_nopinit:__TI_auto_init_nobinit_nopinit)
                  00000ea0    00000038     driverlib.lib : sysctl.obj (.text:SysCtlPeripheralReady)
                  00000ed8    00000034                   : sysctl.obj (.text:SysCtlPeripheralEnable)
                  00000f0c    00000034     rtsv7M4_T_le_v4SPD16_eabi.lib : boot_cortex_m.c.obj (.text:_c_int00_noargs:_c_int00_noargs)
                  00000f40    0000002e     driverlib.lib : adc.obj (.text:ADCIntStatus)
                  00000f6e    0000002c                   : gpio.obj (.text:GPIODirModeSet)
                  00000f9a    00000002     startup_ccs.obj (.text:NmiSR)
                  00000f9c    00000024     ST7735.obj (.text:ST7735_FillScreen)
                  00000fc0    00000024     ST7735.obj (.text:writecommand)
                  00000fe4    00000022     ST7735.obj (.text:Delay1ms)
                  00001006    00000022     mainLab07.obj (.text:delayWait10ms)
                  00001028    0000001e     driverlib.lib : adc.obj (.text:ADCSequenceDataGet)
                  00001046    00000002     --HOLE-- [fill = 0]
                  00001048    0000001c     ST7735.obj (.text:ST7735_SetCursor)
                  00001064    0000001c     rtsv7M4_T_le_v4SPD16_eabi.lib : copy_zero_init.c.obj (.text:decompress:ZI:__TI_zero_init_nomemset:__TI_zero_init_nomemset)
                  00001080    0000001c     ST7735.obj (.text:writedata)
                  0000109c    00000018     driverlib.lib : adc.obj (.text:ADCProcessorTrigger)
                  000010b4    00000018     mainLab07.obj (.text:circle)
                  000010cc    00000016     driverlib.lib : gpio.obj (.text:GPIOPinTypeADC)
                  000010e2    0000000e                   : adc.obj (.text:ADCSequenceDisable)
                  000010f0    0000000e                   : adc.obj (.text:ADCSequenceEnable)
                  000010fe    0000000e     rtsv7M4_T_le_v4SPD16_eabi.lib : copy_decompress_none.c.obj (.text:decompress:none:__TI_decompress_none)
                  0000110c    0000000a     driverlib.lib : adc.obj (.text:ADCIntClear)
                  00001116    00000006     startup_ccs.obj (.text:ResetISR)
                  0000111c    00000006     driverlib.lib : sysctl.obj (.text:SysCtlDelay)
                  00001122    00000004     rtsv7M4_T_le_v4SPD16_eabi.lib : pre_init.c.obj (.text:_system_pre_init)
                  00001126    00000004                                   : exit.c.obj (.text:abort:abort)

.const     0    0000112a    000001a0     
                  0000112a    00000120     mainLab07.obj (.const:Circle_Dia_3)
                  0000124a    0000003b     ST7735.obj (.const:.string:Rcmd1)
                  00001285    0000002b     ST7735.obj (.const:.string:Rcmd3)
                  000012b0    0000000d     ST7735.obj (.const:.string:Rcmd2green)
                  000012bd    0000000d     ST7735.obj (.const:.string:Rcmd2red)

.cinit     0    000012d0    00000040     
                  000012d0    00000018     (.cinit..data.load) [load image, compression = lzss]
                  000012e8    0000000c     (__TI_handler_table)
                  000012f4    00000004     --HOLE-- [fill = 0]
                  000012f8    00000008     (.cinit..bss.load) [load image, compression = zero_init]
                  00001300    00000010     (__TI_cinit_table)

.init_array 
*          0    00000000    00000000     UNINITIALIZED

.data      0    20000200    00000054     UNINITIALIZED
                  20000200    00000020     mainLab07.obj (.data)
                  20000220    00000020     mainLab07.obj (.data:uin32ADC0Value)
                  20000240    00000014     ST7735.obj (.data)

.bss       0    20000254    0000000c     UNINITIALIZED
                  20000254    00000004     ST7735.obj (.bss)
                  20000258    00000004     (.common:xNow)
                  2000025c    00000004     (.common:yNow)

.stack     0    20000000    00000200     UNINITIALIZED
                  20000000    00000004     rtsv7M4_T_le_v4SPD16_eabi.lib : boot_cortex_m.c.obj (.stack)
                  20000004    000001fc     --HOLE--

__llvm_prf_cnts 
*          0    20000000    00000000     UNINITIALIZED

.binit     0    00000000    00000000     

MODULE SUMMARY

       Module                       code   ro data   rw data
       ------                       ----   -------   -------
    .\
       ST7735.obj                   1178   128       24     
       mainLab07.obj                922    288       72     
       startup_ccs.obj              12     620       0      
       PLL.obj                      104    0         0      
    +--+----------------------------+------+---------+---------+
       Total:                       2216   1036      96     
                                                            
    C:/ti/TivaWare_C_Series-2.2.0.295/driverlib/ccs/Debug/driverlib.lib
       gpio.obj                     430    0         0      
       sysctl.obj                   358    0         0      
       adc.obj                      338    0         0      
    +--+----------------------------+------+---------+---------+
       Total:                       1126   0         0      
                                                            
    C:\ti\ccs1020\ccs\tools\compiler\ti-cgt-arm_20.2.2.LTS\lib\rtsv7M4_T_le_v4SPD16_eabi.lib
       memcpy_t2.asm.obj            156    0         0      
       copy_decompress_lzss.c.obj   104    0         0      
       autoinit.c.obj               68     0         0      
       boot_cortex_m.c.obj          52     0         0      
       copy_zero_init.c.obj         28     0         0      
       copy_decompress_none.c.obj   14     0         0      
       exit.c.obj                   4      0         0      
       pre_init.c.obj               4      0         0      
    +--+----------------------------+------+---------+---------+
       Total:                       430    0         0      
                                                            
       Stack:                       0      0         512    
       Linker Generated:            0      60        0      
    +--+----------------------------+------+---------+---------+
       Grand Total:                 3772   1096      608    


LINKER GENERATED COPY TABLES

__TI_cinit_table @ 00001300 records: 2, size/record: 8, table size: 16
	.data: load addr=000012d0, load size=00000018 bytes, run addr=20000200, run size=00000054 bytes, compression=lzss
	.bss: load addr=000012f8, load size=00000008 bytes, run addr=20000254, run size=0000000c bytes, compression=zero_init


LINKER GENERATED HANDLER TABLE

__TI_handler_table @ 000012e8 records: 3, size/record: 4, table size: 12
	index: 0, handler: __TI_decompress_lzss
	index: 1, handler: __TI_decompress_none
	index: 2, handler: __TI_zero_init


GLOBAL SYMBOLS: SORTED ALPHABETICALLY BY Name 

address   name                          
-------   ----                          
0000110d  ADCIntClear                   
00000f41  ADCIntStatus                  
0000109d  ADCProcessorTrigger           
00000e0d  ADCSequenceConfigure          
00001029  ADCSequenceDataGet            
000010e3  ADCSequenceDisable            
000010f1  ADCSequenceEnable             
00000ad5  ADCSequenceStepConfigure      
00001127  C$$EXIT                       
0000112a  Circle_Dia_3                  
00000fe5  Delay1ms                      
00000f6f  GPIODirModeSet                
000003f1  GPIOPadConfigSet              
000010cd  GPIOPinTypeADC                
00000c31  PLL_Init                      
00001117  ResetISR                      
00000699  ST7735_DrawBitmap             
000009d9  ST7735_FillRect               
00000f9d  ST7735_FillScreen             
00000a59  ST7735_InitR                  
00001049  ST7735_SetCursor              
20000248  StTextColor                   
20000240  StX                           
20000244  StY                           
00000799  SysCtlClockSet                
0000111d  SysCtlDelay                   
00000ed9  SysCtlPeripheralEnable        
00000ea1  SysCtlPeripheralReady         
20000200  __STACK_END                   
00000200  __STACK_SIZE                  
20000200  __STACK_TOP                   
00001300  __TI_CINIT_Base               
00001310  __TI_CINIT_Limit              
000012e8  __TI_Handler_Table_Base       
000012f4  __TI_Handler_Table_Limit      
00000e5d  __TI_auto_init_nobinit_nopinit
00000c99  __TI_decompress_lzss          
000010ff  __TI_decompress_none          
ffffffff  __TI_pprof_out_hndl           
ffffffff  __TI_prof_data_size           
ffffffff  __TI_prof_data_start          
00000000  __TI_static_base__            
00001065  __TI_zero_init_nomemset       
0000093d  __aeabi_memcpy                
0000093d  __aeabi_memcpy4               
0000093d  __aeabi_memcpy8               
ffffffff  __binit__                     
ffffffff  __c_args__                    
UNDEFED   __mpu_init                    
20000000  __stack                       
20000000  __start___llvm_prf_cnts       
20000000  __stop___llvm_prf_cnts        
00000f0d  _c_int00_noargs               
UNDEFED   _system_post_cinit            
00001123  _system_pre_init              
00001127  abort                         
00000d01  adcSampleX                    
00000d5d  adcSampleY                    
ffffffff  binit                         
000010b5  circle                        
00001007  delayWait10ms                 
20000210  dx                            
20000214  dy                            
00000000  g_pfnVectors                  
0000088d  intializePorts                
20000250  lastj                         
00000b51  main                          
0000093d  memcpy                        
20000220  uin32ADC0Value                
0000026d  updateLocation                
20000258  xNow                          
20000218  xRead                         
20000208  xf                            
20000200  xi                            
2000025c  yNow                          
2000021c  yRead                         
2000020c  yf                            
20000204  yi                            


GLOBAL SYMBOLS: SORTED BY Symbol Address 

address   name                          
-------   ----                          
00000000  __TI_static_base__            
00000000  g_pfnVectors                  
00000200  __STACK_SIZE                  
0000026d  updateLocation                
000003f1  GPIOPadConfigSet              
00000699  ST7735_DrawBitmap             
00000799  SysCtlClockSet                
0000088d  intializePorts                
0000093d  __aeabi_memcpy                
0000093d  __aeabi_memcpy4               
0000093d  __aeabi_memcpy8               
0000093d  memcpy                        
000009d9  ST7735_FillRect               
00000a59  ST7735_InitR                  
00000ad5  ADCSequenceStepConfigure      
00000b51  main                          
00000c31  PLL_Init                      
00000c99  __TI_decompress_lzss          
00000d01  adcSampleX                    
00000d5d  adcSampleY                    
00000e0d  ADCSequenceConfigure          
00000e5d  __TI_auto_init_nobinit_nopinit
00000ea1  SysCtlPeripheralReady         
00000ed9  SysCtlPeripheralEnable        
00000f0d  _c_int00_noargs               
00000f41  ADCIntStatus                  
00000f6f  GPIODirModeSet                
00000f9d  ST7735_FillScreen             
00000fe5  Delay1ms                      
00001007  delayWait10ms                 
00001029  ADCSequenceDataGet            
00001049  ST7735_SetCursor              
00001065  __TI_zero_init_nomemset       
0000109d  ADCProcessorTrigger           
000010b5  circle                        
000010cd  GPIOPinTypeADC                
000010e3  ADCSequenceDisable            
000010f1  ADCSequenceEnable             
000010ff  __TI_decompress_none          
0000110d  ADCIntClear                   
00001117  ResetISR                      
0000111d  SysCtlDelay                   
00001123  _system_pre_init              
00001127  C$$EXIT                       
00001127  abort                         
0000112a  Circle_Dia_3                  
000012e8  __TI_Handler_Table_Base       
000012f4  __TI_Handler_Table_Limit      
00001300  __TI_CINIT_Base               
00001310  __TI_CINIT_Limit              
20000000  __stack                       
20000000  __start___llvm_prf_cnts       
20000000  __stop___llvm_prf_cnts        
20000200  __STACK_END                   
20000200  __STACK_TOP                   
20000200  xi                            
20000204  yi                            
20000208  xf                            
2000020c  yf                            
20000210  dx                            
20000214  dy                            
20000218  xRead                         
2000021c  yRead                         
20000220  uin32ADC0Value                
20000240  StX                           
20000244  StY                           
20000248  StTextColor                   
20000250  lastj                         
20000258  xNow                          
2000025c  yNow                          
ffffffff  __TI_pprof_out_hndl           
ffffffff  __TI_prof_data_size           
ffffffff  __TI_prof_data_start          
ffffffff  __binit__                     
ffffffff  __c_args__                    
ffffffff  binit                         
UNDEFED   __mpu_init                    
UNDEFED   _system_post_cinit            

[78 symbols]
