******************************************************************************
                  TI ARM Linker PC v20.2.2                     
******************************************************************************
>> Linked Sat Nov  6 02:54:09 2021

OUTPUT FILE NAME:   <ecgr_5101_lab_6_tiva.out>
ENTRY POINT SYMBOL: "_c_int00_noargs"  address: 000019ad


MEMORY CONFIGURATION

         name            origin    length      used     unused   attr    fill
----------------------  --------  ---------  --------  --------  ----  --------
  FLASH                 00000000   00040000  00001cc6  0003e33a  R  X
  SRAM                  20000000   00008000  000009ac  00007654  RW X


SEGMENT ALLOCATION MAP

run origin  load origin   length   init length attrs members
----------  ----------- ---------- ----------- ----- -------
00000000    00000000    00001cc8   00001cc8    r-x
  00000000    00000000    0000026c   0000026c    r-- .intvecs
  0000026c    0000026c    000019ca   000019ca    r-x .text
  00001c38    00001c38    00000090   00000090    r-- .cinit
20000000    20000000    000009ac   00000000    rw-
  20000000    20000000    00000400   00000000    rw- .sysmem
  20000400    20000400    00000200   00000000    rw- .stack
  20000600    20000600    000001e4   00000000    rw- .data
  200007e4    200007e4    000001c8   00000000    rw- .bss


SECTION ALLOCATION MAP

 output                                  attributes/
section   page    origin      length       input sections
--------  ----  ----------  ----------   ----------------
.intvecs   0    00000000    0000026c     
                  00000000    0000026c     startup_ccs.obj (.intvecs)

.text      0    0000026c    000019ca     
                  0000026c    00000623     mainLab06.obj (.text:normalOperations)
                  0000088f    00000001     --HOLE-- [fill = 0]
                  00000890    0000016c     driverlib.lib : gpio.obj (.text:GPIOPadConfigSet)
                  000009fc    00000114     rtsv7M4_T_le_v4SPD16_eabi.lib : fputs.c.obj (.text:fputs)
                  00000b10    00000100                                   : memory.c.obj (.text:aligned_alloc)
                  00000c10    000000f4     driverlib.lib : sysctl.obj (.text:SysCtlClockSet)
                  00000d04    000000e4     rtsv7M4_T_le_v4SPD16_eabi.lib : memory.c.obj (.text:free)
                  00000de8    000000dc                                   : setvbuf.c.obj (.text:setvbuf)
                  00000ec4    000000a8     mainLab06.obj (.text:main)
                  00000f6c    000000a0     mainLab06.obj (.text:testShort)
                  0000100c    0000009c     mainLab06.obj (.text:intializePorts)
                  000010a8    0000009c     rtsv7M4_T_le_v4SPD16_eabi.lib : memcpy_t2.asm.obj (.text)
                  00001144    0000009c     mainLab06.obj (.text:testLong)
                  000011e0    00000074     rtsv7M4_T_le_v4SPD16_eabi.lib : fclose.c.obj (.text:__TI_closefile)
                  00001254    00000070                                   : memory.c.obj (.text:split)
                  000012c4    0000006c                                   : hostrename.c.obj (.text:HOSTrename)
                  00001330    00000068                                   : hostlseek.c.obj (.text:HOSTlseek)
                  00001398    00000068                                   : copy_decompress_lzss.c.obj (.text:decompress:lzss:__TI_decompress_lzss)
                  00001400    00000064                                   : fseek.c.obj (.text:fseek)
                  00001464    00000062                                   : _io_perm.c.obj (.text:__TI_wrt_ok)
                  000014c6    00000002     startup_ccs.obj (.text:FaultISR)
                  000014c8    00000060     rtsv7M4_T_le_v4SPD16_eabi.lib : hostopen.c.obj (.text:HOSTopen)
                  00001528    0000005c                                   : close.c.obj (.text:close)
                  00001584    00000058                                   : hostread.c.obj (.text:HOSTread)
                  000015dc    00000058                                   : hostwrite.c.obj (.text:HOSTwrite)
                  00001634    00000050     mainLab06.obj (.text:testOppPorts)
                  00001684    0000004c     rtsv7M4_T_le_v4SPD16_eabi.lib : fflush.c.obj (.text:__TI_doflush)
                  000016d0    00000048                                   : exit.c.obj (.text:exit)
                  00001718    00000044                                   : hostclose.c.obj (.text:HOSTclose)
                  0000175c    00000044                                   : hostunlink.c.obj (.text:HOSTunlink)
                  000017a0    00000044                                   : autoinit.c.obj (.text:__TI_auto_init_nobinit_nopinit:__TI_auto_init_nobinit_nopinit)
                  000017e4    00000044                                   : getdevice.c.obj (.text:getdevice)
                  00001828    0000003e     mainLab06.obj (.text:tostring)
                  00001866    00000002     startup_ccs.obj (.text:IntDefaultHandler)
                  00001868    00000038     driverlib.lib : sysctl.obj (.text:SysCtlPeripheralReady)
                  000018a0    00000038     rtsv7M4_T_le_v4SPD16_eabi.lib : trgmsg.c.obj (.text:__TI_writemsg)
                  000018d8    00000036                                   : strncpy.c.obj (.text:strncpy)
                  0000190e    00000002     startup_ccs.obj (.text:NmiSR)
                  00001910    00000034     driverlib.lib : sysctl.obj (.text:SysCtlPeripheralEnable)
                  00001944    00000034     rtsv7M4_T_le_v4SPD16_eabi.lib : fopen.c.obj (.text:__TI_cleanup)
                  00001978    00000034                                   : trgmsg.c.obj (.text:__TI_readmsg)
                  000019ac    00000034                                   : boot_cortex_m.c.obj (.text:_c_int00_noargs:_c_int00_noargs)
                  000019e0    00000030                                   : getdevice.c.obj (.text:finddevice)
                  00001a10    0000002c     driverlib.lib : gpio.obj (.text:GPIODirModeSet)
                  00001a3c    0000002c     rtsv7M4_T_le_v4SPD16_eabi.lib : unlink.c.obj (.text:unlink)
                  00001a68    00000028                                   : memory.c.obj (.text:free_list_insert)
                  00001a90    00000028                                   : lseek.c.obj (.text:lseek)
                  00001ab8    00000028                                   : write.c.obj (.text:write)
                  00001ae0    00000020     mainLab06.obj (.text:delay)
                  00001b00    00000020     rtsv7M4_T_le_v4SPD16_eabi.lib : memchr.c.obj (.text:memchr)
                  00001b20    00000020                                   : fputs.c.obj (.text:puts)
                  00001b40    0000001c                                   : copy_zero_init.c.obj (.text:decompress:ZI:__TI_zero_init_nomemset:__TI_zero_init_nomemset)
                  00001b5c    0000001c                                   : memory.c.obj (.text:free_list_remove)
                  00001b78    0000001a     driverlib.lib : gpio.obj (.text:GPIOPinTypeGPIOOutput)
                  00001b92    00000018     rtsv7M4_T_le_v4SPD16_eabi.lib : strcmp.c.obj (.text:strcmp)
                  00001baa    00000016     driverlib.lib : gpio.obj (.text:GPIOPinTypeGPIOInput)
                  00001bc0    00000016     rtsv7M4_T_le_v4SPD16_eabi.lib : strchr.c.obj (.text:strchr)
                  00001bd6    00000014                                   : strcpy.c.obj (.text:strcpy)
                  00001bea    00000014                                   : strlen.c.obj (.text:strlen)
                  00001bfe    0000000e                                   : copy_decompress_none.c.obj (.text:decompress:none:__TI_decompress_none)
                  00001c0c    00000008                                   : memory.c.obj (.text:malloc)
                  00001c14    00000006     driverlib.lib : gpio.obj (.text:GPIOPinRead)
                  00001c1a    00000006                   : gpio.obj (.text:GPIOPinWrite)
                  00001c20    00000006     startup_ccs.obj (.text:ResetISR)
                  00001c26    00000006     driverlib.lib : sysctl.obj (.text:SysCtlDelay)
                  00001c2c    00000004     rtsv7M4_T_le_v4SPD16_eabi.lib : pre_init.c.obj (.text:_system_pre_init)
                  00001c30    00000004                                   : exit.c.obj (.text:abort:abort)
                  00001c34    00000002                                   : _lock.c.obj (.text:_nop)

.cinit     0    00001c38    00000090     
                  00001c38    00000068     (.cinit..data.load) [load image, compression = lzss]
                  00001ca0    0000000c     (__TI_handler_table)
                  00001cac    00000004     --HOLE-- [fill = 0]
                  00001cb0    00000008     (.cinit..bss.load) [load image, compression = zero_init]
                  00001cb8    00000010     (__TI_cinit_table)

.init_array 
*          0    00000000    00000000     UNINITIALIZED

.sysmem    0    20000000    00000400     UNINITIALIZED
                  20000000    00000010     rtsv7M4_T_le_v4SPD16_eabi.lib : memory.c.obj (.sysmem)
                  20000010    000003f0     --HOLE--

.stack     0    20000400    00000200     UNINITIALIZED
                  20000400    00000004     rtsv7M4_T_le_v4SPD16_eabi.lib : boot_cortex_m.c.obj (.stack)
                  20000404    000001fc     --HOLE--

.data      0    20000600    000001e4     UNINITIALIZED
                  20000600    000000f0     rtsv7M4_T_le_v4SPD16_eabi.lib : defs.c.obj (.data:_ftable)
                  200006f0    00000078                                   : host_device.c.obj (.data:_device)
                  20000768    00000050                                   : host_device.c.obj (.data:_stream)
                  200007b8    00000010                                   : defs.c.obj (.data)
                  200007c8    0000000c                                   : exit.c.obj (.data:$O1$$)
                  200007d4    00000008                                   : _lock.c.obj (.data:$O1$$)
                  200007dc    00000008                                   : memory.c.obj (.data:$O1$$)

.bss       0    200007e4    000001c8     UNINITIALIZED
                  200007e4    00000120     rtsv7M4_T_le_v4SPD16_eabi.lib : trgmsg.c.obj (.bss:_CIOBUF_)
                  20000904    000000a0     (.common:__TI_tmpnams)
                  200009a4    00000008     (.common:parmbuf)

__llvm_prf_cnts 
*          0    20000000    00000000     UNINITIALIZED

.binit     0    00000000    00000000     

MODULE SUMMARY

       Module                       code   ro data   rw data
       ------                       ----   -------   -------
    .\
       mainLab06.obj                2385   0         0      
       startup_ccs.obj              12     620       0      
    +--+----------------------------+------+---------+---------+
       Total:                       2397   620       0      
                                                            
    C:/ti/TivaWare_C_Series-2.2.0.295/driverlib/ccs/Debug/driverlib.lib
       gpio.obj                     468    0         0      
       sysctl.obj                   358    0         0      
    +--+----------------------------+------+---------+---------+
       Total:                       826    0         0      
                                                            
    C:\ti\ccs1020\ccs\tools\compiler\ti-cgt-arm_20.2.2.LTS\lib\rtsv7M4_T_le_v4SPD16_eabi.lib
       memory.c.obj                 672    0         8      
       defs.c.obj                   0      0         416    
       trgmsg.c.obj                 108    0         288    
       fputs.c.obj                  308    0         0      
       setvbuf.c.obj                220    0         0      
       host_device.c.obj            0      0         200    
       memcpy_t2.asm.obj            156    0         0      
       fclose.c.obj                 116    0         0      
       getdevice.c.obj              116    0         0      
       hostrename.c.obj             108    0         0      
       copy_decompress_lzss.c.obj   104    0         0      
       hostlseek.c.obj              104    0         0      
       hostopen.c.obj               96     0         8      
       fseek.c.obj                  100    0         0      
       _io_perm.c.obj               98     0         0      
       close.c.obj                  92     0         0      
       exit.c.obj                   76     0         12     
       hostread.c.obj               88     0         0      
       hostwrite.c.obj              88     0         0      
       fflush.c.obj                 76     0         0      
       autoinit.c.obj               68     0         0      
       hostclose.c.obj              68     0         0      
       hostunlink.c.obj             68     0         0      
       strncpy.c.obj                54     0         0      
       boot_cortex_m.c.obj          52     0         0      
       fopen.c.obj                  52     0         0      
       unlink.c.obj                 44     0         0      
       lseek.c.obj                  40     0         0      
       write.c.obj                  40     0         0      
       memchr.c.obj                 32     0         0      
       copy_zero_init.c.obj         28     0         0      
       strcmp.c.obj                 24     0         0      
       strchr.c.obj                 22     0         0      
       strcpy.c.obj                 20     0         0      
       strlen.c.obj                 20     0         0      
       copy_decompress_none.c.obj   14     0         0      
       _lock.c.obj                  2      0         8      
       pre_init.c.obj               4      0         0      
    +--+----------------------------+------+---------+---------+
       Total:                       3378   0         940    
                                                            
       Heap:                        0      0         1024   
       Stack:                       0      0         512    
       Linker Generated:            0      140       0      
    +--+----------------------------+------+---------+---------+
       Grand Total:                 6601   760       2476   


LINKER GENERATED COPY TABLES

__TI_cinit_table @ 00001cb8 records: 2, size/record: 8, table size: 16
	.data: load addr=00001c38, load size=00000068 bytes, run addr=20000600, run size=000001e4 bytes, compression=lzss
	.bss: load addr=00001cb0, load size=00000008 bytes, run addr=200007e4, run size=000001c8 bytes, compression=zero_init


LINKER GENERATED HANDLER TABLE

__TI_handler_table @ 00001ca0 records: 3, size/record: 4, table size: 12
	index: 0, handler: __TI_decompress_lzss
	index: 1, handler: __TI_decompress_none
	index: 2, handler: __TI_zero_init


GLOBAL SYMBOLS: SORTED ALPHABETICALLY BY Name 

address   name                           
-------   ----                           
00001c31  C$$EXIT                        
000018cf  C$$IO$$                        
00001a11  GPIODirModeSet                 
00000891  GPIOPadConfigSet               
00001c15  GPIOPinRead                    
00001bab  GPIOPinTypeGPIOInput           
00001b79  GPIOPinTypeGPIOOutput          
00001c1b  GPIOPinWrite                   
00001719  HOSTclose                      
00001331  HOSTlseek                      
000014c9  HOSTopen                       
00001585  HOSTread                       
000012c5  HOSTrename                     
0000175d  HOSTunlink                     
000015dd  HOSTwrite                      
00001c21  ResetISR                       
00000c11  SysCtlClockSet                 
00001c27  SysCtlDelay                    
00001911  SysCtlPeripheralEnable         
00001869  SysCtlPeripheralReady          
200007e4  __CIOBUF_                      
20000600  __STACK_END                    
00000200  __STACK_SIZE                   
20000600  __STACK_TOP                    
00000400  __SYSMEM_SIZE                  
00001cb8  __TI_CINIT_Base                
00001cc8  __TI_CINIT_Limit               
00001ca0  __TI_Handler_Table_Base        
00001cac  __TI_Handler_Table_Limit       
000017a1  __TI_auto_init_nobinit_nopinit 
00001945  __TI_cleanup                   
200007c8  __TI_cleanup_ptr               
000011e1  __TI_closefile                 
00001399  __TI_decompress_lzss           
00001bff  __TI_decompress_none           
00001685  __TI_doflush                   
200007cc  __TI_dtors_ptr                 
200007d0  __TI_enable_exit_profile_output
200007b8  __TI_ft_end                    
ffffffff  __TI_pprof_out_hndl            
ffffffff  __TI_prof_data_size            
ffffffff  __TI_prof_data_start           
00001979  __TI_readmsg                   
00000000  __TI_static_base__             
20000904  __TI_tmpnams                   
000018a1  __TI_writemsg                  
00001465  __TI_wrt_ok                    
00001b41  __TI_zero_init_nomemset        
000010a9  __aeabi_memcpy                 
000010a9  __aeabi_memcpy4                
000010a9  __aeabi_memcpy8                
200007c4  __aeabi_stderr                 
200007bc  __aeabi_stdin                  
200007c0  __aeabi_stdout                 
ffffffff  __binit__                      
ffffffff  __c_args__                     
UNDEFED   __mpu_init                     
20000400  __stack                        
20000000  __start___llvm_prf_cnts        
20000000  __stop___llvm_prf_cnts         
000019ad  _c_int00_noargs                
200006f0  _device                        
20000600  _ftable                        
200007d4  _lock                          
00001c35  _nop                           
20000768  _stream                        
20000000  _sys_memory                    
UNDEFED   _system_post_cinit             
00001c2d  _system_pre_init               
200007d8  _unlock                        
00001c31  abort                          
00000b11  aligned_alloc                  
ffffffff  binit                          
00001529  close                          
00001ae1  delay                          
000016d1  exit                           
000019e1  finddevice                     
000009fd  fputs                          
00000d05  free                           
00001401  fseek                          
00000000  g_pfnVectors                   
000017e5  getdevice                      
0000100d  intializePorts                 
00001a91  lseek                          
00000ec5  main                           
00001c0d  malloc                         
00000b11  memalign                       
00001b01  memchr                         
000010a9  memcpy                         
0000026d  normalOperations               
200009a4  parmbuf                        
00001b21  puts                           
00001a3d  remove                         
00000de9  setvbuf                        
00001bc1  strchr                         
00001b93  strcmp                         
00001bd7  strcpy                         
00001beb  strlen                         
000018d9  strncpy                        
00001145  testLong                       
00001635  testOppPorts                   
00000f6d  testShort                      
00001829  tostring                       
00001a3d  unlink                         
00001ab9  write                          


GLOBAL SYMBOLS: SORTED BY Symbol Address 

address   name                           
-------   ----                           
00000000  __TI_static_base__             
00000000  g_pfnVectors                   
00000200  __STACK_SIZE                   
0000026d  normalOperations               
00000400  __SYSMEM_SIZE                  
00000891  GPIOPadConfigSet               
000009fd  fputs                          
00000b11  aligned_alloc                  
00000b11  memalign                       
00000c11  SysCtlClockSet                 
00000d05  free                           
00000de9  setvbuf                        
00000ec5  main                           
00000f6d  testShort                      
0000100d  intializePorts                 
000010a9  __aeabi_memcpy                 
000010a9  __aeabi_memcpy4                
000010a9  __aeabi_memcpy8                
000010a9  memcpy                         
00001145  testLong                       
000011e1  __TI_closefile                 
000012c5  HOSTrename                     
00001331  HOSTlseek                      
00001399  __TI_decompress_lzss           
00001401  fseek                          
00001465  __TI_wrt_ok                    
000014c9  HOSTopen                       
00001529  close                          
00001585  HOSTread                       
000015dd  HOSTwrite                      
00001635  testOppPorts                   
00001685  __TI_doflush                   
000016d1  exit                           
00001719  HOSTclose                      
0000175d  HOSTunlink                     
000017a1  __TI_auto_init_nobinit_nopinit 
000017e5  getdevice                      
00001829  tostring                       
00001869  SysCtlPeripheralReady          
000018a1  __TI_writemsg                  
000018cf  C$$IO$$                        
000018d9  strncpy                        
00001911  SysCtlPeripheralEnable         
00001945  __TI_cleanup                   
00001979  __TI_readmsg                   
000019ad  _c_int00_noargs                
000019e1  finddevice                     
00001a11  GPIODirModeSet                 
00001a3d  remove                         
00001a3d  unlink                         
00001a91  lseek                          
00001ab9  write                          
00001ae1  delay                          
00001b01  memchr                         
00001b21  puts                           
00001b41  __TI_zero_init_nomemset        
00001b79  GPIOPinTypeGPIOOutput          
00001b93  strcmp                         
00001bab  GPIOPinTypeGPIOInput           
00001bc1  strchr                         
00001bd7  strcpy                         
00001beb  strlen                         
00001bff  __TI_decompress_none           
00001c0d  malloc                         
00001c15  GPIOPinRead                    
00001c1b  GPIOPinWrite                   
00001c21  ResetISR                       
00001c27  SysCtlDelay                    
00001c2d  _system_pre_init               
00001c31  C$$EXIT                        
00001c31  abort                          
00001c35  _nop                           
00001ca0  __TI_Handler_Table_Base        
00001cac  __TI_Handler_Table_Limit       
00001cb8  __TI_CINIT_Base                
00001cc8  __TI_CINIT_Limit               
20000000  __start___llvm_prf_cnts        
20000000  __stop___llvm_prf_cnts         
20000000  _sys_memory                    
20000400  __stack                        
20000600  __STACK_END                    
20000600  __STACK_TOP                    
20000600  _ftable                        
200006f0  _device                        
20000768  _stream                        
200007b8  __TI_ft_end                    
200007bc  __aeabi_stdin                  
200007c0  __aeabi_stdout                 
200007c4  __aeabi_stderr                 
200007c8  __TI_cleanup_ptr               
200007cc  __TI_dtors_ptr                 
200007d0  __TI_enable_exit_profile_output
200007d4  _lock                          
200007d8  _unlock                        
200007e4  __CIOBUF_                      
20000904  __TI_tmpnams                   
200009a4  parmbuf                        
ffffffff  __TI_pprof_out_hndl            
ffffffff  __TI_prof_data_size            
ffffffff  __TI_prof_data_start           
ffffffff  __binit__                      
ffffffff  __c_args__                     
ffffffff  binit                          
UNDEFED   __mpu_init                     
UNDEFED   _system_post_cinit             

[105 symbols]
